Archive member included to satisfy reference by file (symbol)

c:/program files (x86)/atollic/truestudio for stm32 9.3.0/armtools/bin/../lib/gcc/arm-atollic-eabi/6.3.1/../../../../arm-atollic-eabi/lib/armv7-m\libc_nano.a(lib_a-init.o)
                              src\bsp\startup\startup_stm32f103xb.o (__libc_init_array)
c:/program files (x86)/atollic/truestudio for stm32 9.3.0/armtools/bin/../lib/gcc/arm-atollic-eabi/6.3.1/../../../../arm-atollic-eabi/lib/armv7-m\libc_nano.a(lib_a-memset.o)
                              src\bsp\bsp.o (memset)
c:/program files (x86)/atollic/truestudio for stm32 9.3.0/armtools/bin/../lib/gcc/arm-atollic-eabi/6.3.1/../../../../arm-atollic-eabi/lib/armv7-m\libc_nano.a(lib_a-vsnprintf.o)
                              src\hw\core\uart.o (vsnprintf)
c:/program files (x86)/atollic/truestudio for stm32 9.3.0/armtools/bin/../lib/gcc/arm-atollic-eabi/6.3.1/../../../../arm-atollic-eabi/lib/armv7-m\libc_nano.a(lib_a-impure.o)
                              c:/program files (x86)/atollic/truestudio for stm32 9.3.0/armtools/bin/../lib/gcc/arm-atollic-eabi/6.3.1/../../../../arm-atollic-eabi/lib/armv7-m\libc_nano.a(lib_a-vsnprintf.o) (_impure_ptr)
c:/program files (x86)/atollic/truestudio for stm32 9.3.0/armtools/bin/../lib/gcc/arm-atollic-eabi/6.3.1/../../../../arm-atollic-eabi/lib/armv7-m\libc_nano.a(lib_a-nano-svfprintf.o)
                              c:/program files (x86)/atollic/truestudio for stm32 9.3.0/armtools/bin/../lib/gcc/arm-atollic-eabi/6.3.1/../../../../arm-atollic-eabi/lib/armv7-m\libc_nano.a(lib_a-vsnprintf.o) (_svfprintf_r)
c:/program files (x86)/atollic/truestudio for stm32 9.3.0/armtools/bin/../lib/gcc/arm-atollic-eabi/6.3.1/../../../../arm-atollic-eabi/lib/armv7-m\libc_nano.a(lib_a-nano-vfprintf_i.o)
                              c:/program files (x86)/atollic/truestudio for stm32 9.3.0/armtools/bin/../lib/gcc/arm-atollic-eabi/6.3.1/../../../../arm-atollic-eabi/lib/armv7-m\libc_nano.a(lib_a-nano-svfprintf.o) (_printf_i)
c:/program files (x86)/atollic/truestudio for stm32 9.3.0/armtools/bin/../lib/gcc/arm-atollic-eabi/6.3.1/../../../../arm-atollic-eabi/lib/armv7-m\libc_nano.a(lib_a-memchr-stub.o)
                              c:/program files (x86)/atollic/truestudio for stm32 9.3.0/armtools/bin/../lib/gcc/arm-atollic-eabi/6.3.1/../../../../arm-atollic-eabi/lib/armv7-m\libc_nano.a(lib_a-nano-svfprintf.o) (memchr)
c:/program files (x86)/atollic/truestudio for stm32 9.3.0/armtools/bin/../lib/gcc/arm-atollic-eabi/6.3.1/../../../../arm-atollic-eabi/lib/armv7-m\libc_nano.a(lib_a-memcpy-stub.o)
                              c:/program files (x86)/atollic/truestudio for stm32 9.3.0/armtools/bin/../lib/gcc/arm-atollic-eabi/6.3.1/../../../../arm-atollic-eabi/lib/armv7-m\libc_nano.a(lib_a-nano-svfprintf.o) (memcpy)
c:/program files (x86)/atollic/truestudio for stm32 9.3.0/armtools/bin/../lib/gcc/arm-atollic-eabi/6.3.1/../../../../arm-atollic-eabi/lib/armv7-m\libc_nano.a(lib_a-memmove.o)
                              c:/program files (x86)/atollic/truestudio for stm32 9.3.0/armtools/bin/../lib/gcc/arm-atollic-eabi/6.3.1/../../../../arm-atollic-eabi/lib/armv7-m\libc_nano.a(lib_a-nano-svfprintf.o) (memmove)
c:/program files (x86)/atollic/truestudio for stm32 9.3.0/armtools/bin/../lib/gcc/arm-atollic-eabi/6.3.1/../../../../arm-atollic-eabi/lib/armv7-m\libc_nano.a(lib_a-nano-freer.o)
                              c:/program files (x86)/atollic/truestudio for stm32 9.3.0/armtools/bin/../lib/gcc/arm-atollic-eabi/6.3.1/../../../../arm-atollic-eabi/lib/armv7-m\libc_nano.a(lib_a-nano-svfprintf.o) (_free_r)
c:/program files (x86)/atollic/truestudio for stm32 9.3.0/armtools/bin/../lib/gcc/arm-atollic-eabi/6.3.1/../../../../arm-atollic-eabi/lib/armv7-m\libc_nano.a(lib_a-nano-mallocr.o)
                              c:/program files (x86)/atollic/truestudio for stm32 9.3.0/armtools/bin/../lib/gcc/arm-atollic-eabi/6.3.1/../../../../arm-atollic-eabi/lib/armv7-m\libc_nano.a(lib_a-nano-svfprintf.o) (_malloc_r)
c:/program files (x86)/atollic/truestudio for stm32 9.3.0/armtools/bin/../lib/gcc/arm-atollic-eabi/6.3.1/../../../../arm-atollic-eabi/lib/armv7-m\libc_nano.a(lib_a-nano-reallocr.o)
                              c:/program files (x86)/atollic/truestudio for stm32 9.3.0/armtools/bin/../lib/gcc/arm-atollic-eabi/6.3.1/../../../../arm-atollic-eabi/lib/armv7-m\libc_nano.a(lib_a-nano-svfprintf.o) (_realloc_r)
c:/program files (x86)/atollic/truestudio for stm32 9.3.0/armtools/bin/../lib/gcc/arm-atollic-eabi/6.3.1/../../../../arm-atollic-eabi/lib/armv7-m\libc_nano.a(lib_a-sbrkr.o)
                              c:/program files (x86)/atollic/truestudio for stm32 9.3.0/armtools/bin/../lib/gcc/arm-atollic-eabi/6.3.1/../../../../arm-atollic-eabi/lib/armv7-m\libc_nano.a(lib_a-nano-mallocr.o) (_sbrk_r)
c:/program files (x86)/atollic/truestudio for stm32 9.3.0/armtools/bin/../lib/gcc/arm-atollic-eabi/6.3.1/../../../../arm-atollic-eabi/lib/armv7-m\libc_nano.a(lib_a-mlock.o)
[...]
Memory Configuration

Name             Origin             Length             Attributes
FLASH            0x08000000         0x00007800         xr
RAM              0x20000000         0x00005000         xrw
*default*        0x00000000         0xffffffff

Linker script and memory map

LOAD c:/program files (x86)/atollic/truestudio for stm32 9.3.0/armtools/bin/../lib/gcc/arm-atollic-eabi/6.3.1/armv7-m/crti.o
LOAD c:/program files (x86)/atollic/truestudio for stm32 9.3.0/armtools/bin/../lib/gcc/arm-atollic-eabi/6.3.1/armv7-m/crtbegin.o
LOAD src\ap\ap.o
LOAD src\bsp\bsp.o
LOAD src\bsp\cmsis\system_stm32f1xx.o
LOAD src\bsp\startup\startup_stm32f103xb.o
LOAD src\bsp\stm32f1xx_it.o
LOAD src\common\cmd\cmd.o
LOAD src\common\core\qbuffer.o
LOAD src\hw\core\button.o
LOAD src\hw\core\eeprom.o
LOAD src\hw\core\flash.o
LOAD src\hw\core\led.o
LOAD src\hw\core\swtimer.o
LOAD src\hw\core\uart.o
LOAD src\hw\hw.o
LOAD src\lib\STM32F1xx_HAL_Driver\Src\Legacy\stm32f1xx_hal_can.o
LOAD src\lib\STM32F1xx_HAL_Driver\Src\stm32f1xx_hal.o
LOAD src\lib\STM32F1xx_HAL_Driver\Src\stm32f1xx_hal_adc.o
LOAD src\lib\STM32F1xx_HAL_Driver\Src\stm32f1xx_hal_adc_ex.o
LOAD src\lib\STM32F1xx_HAL_Driver\Src\stm32f1xx_hal_can.o
LOAD src\lib\STM32F1xx_HAL_Driver\Src\stm32f1xx_hal_cec.o
LOAD src\lib\STM32F1xx_HAL_Driver\Src\stm32f1xx_hal_cortex.o
LOAD src\lib\STM32F1xx_HAL_Driver\Src\stm32f1xx_hal_crc.o
LOAD src\lib\STM32F1xx_HAL_Driver\Src\stm32f1xx_hal_dac.o
LOAD src\lib\STM32F1xx_HAL_Driver\Src\stm32f1xx_hal_dac_ex.o
LOAD src\lib\STM32F1xx_HAL_Driver\Src\stm32f1xx_hal_dma.o
LOAD src\lib\STM32F1xx_HAL_Driver\Src\stm32f1xx_hal_eth.o
LOAD src\lib\STM32F1xx_HAL_Driver\Src\stm32f1xx_hal_exti.o
LOAD src\lib\STM32F1xx_HAL_Driver\Src\stm32f1xx_hal_flash.o
LOAD src\lib\STM32F1xx_HAL_Driver\Src\stm32f1xx_hal_flash_ex.o
LOAD src\lib\STM32F1xx_HAL_Driver\Src\stm32f1xx_hal_gpio.o
LOAD src\lib\STM32F1xx_HAL_Driver\Src\stm32f1xx_hal_gpio_ex.o
LOAD src\lib\STM32F1xx_HAL_Driver\Src\stm32f1xx_hal_hcd.o
LOAD src\lib\STM32F1xx_HAL_Driver\Src\stm32f1xx_hal_i2c.o
LOAD src\lib\STM32F1xx_HAL_Driver\Src\stm32f1xx_hal_i2s.o
LOAD src\lib\STM32F1xx_HAL_Driver\Src\stm32f1xx_hal_irda.o
LOAD src\lib\STM32F1xx_HAL_Driver\Src\stm32f1xx_hal_iwdg.o
LOAD src\lib\STM32F1xx_HAL_Driver\Src\stm32f1xx_hal_mmc.o
LOAD src\lib\STM32F1xx_HAL_Driver\Src\stm32f1xx_hal_nand.o
LOAD src\lib\STM32F1xx_HAL_Driver\Src\stm32f1xx_hal_nor.o
LOAD src\lib\STM32F1xx_HAL_Driver\Src\stm32f1xx_hal_pccard.o
LOAD src\lib\STM32F1xx_HAL_Driver\Src\stm32f1xx_hal_pcd.o
LOAD src\lib\STM32F1xx_HAL_Driver\Src\stm32f1xx_hal_pcd_ex.o
LOAD src\lib\STM32F1xx_HAL_Driver\Src\stm32f1xx_hal_pwr.o
LOAD src\lib\STM32F1xx_HAL_Driver\Src\stm32f1xx_hal_rcc.o
LOAD src\lib\STM32F1xx_HAL_Driver\Src\stm32f1xx_hal_rcc_ex.o
LOAD src\lib\STM32F1xx_HAL_Driver\Src\stm32f1xx_hal_rtc.o
LOAD src\lib\STM32F1xx_HAL_Driver\Src\stm32f1xx_hal_rtc_ex.o
LOAD src\lib\STM32F1xx_HAL_Driver\Src\stm32f1xx_hal_sd.o
LOAD src\lib\STM32F1xx_HAL_Driver\Src\stm32f1xx_hal_smartcard.o
LOAD src\lib\STM32F1xx_HAL_Driver\Src\stm32f1xx_hal_spi.o
LOAD src\lib\STM32F1xx_HAL_Driver\Src\stm32f1xx_hal_sram.o
LOAD src\lib\STM32F1xx_HAL_Driver\Src\stm32f1xx_hal_tim.o
LOAD src\lib\STM32F1xx_HAL_Driver\Src\stm32f1xx_hal_tim_ex.o
LOAD src\lib\STM32F1xx_HAL_Driver\Src\stm32f1xx_hal_uart.o
LOAD src\lib\STM32F1xx_HAL_Driver\Src\stm32f1xx_hal_usart.o
LOAD src\lib\STM32F1xx_HAL_Driver\Src\stm32f1xx_hal_wwdg.o
LOAD src\lib\STM32F1xx_HAL_Driver\Src\stm32f1xx_ll_adc.o
LOAD src\lib\STM32F1xx_HAL_Driver\Src\stm32f1xx_ll_crc.o
LOAD src\lib\STM32F1xx_HAL_Driver\Src\stm32f1xx_ll_dac.o
LOAD src\lib\STM32F1xx_HAL_Driver\Src\stm32f1xx_ll_dma.o
LOAD src\lib\STM32F1xx_HAL_Driver\Src\stm32f1xx_ll_exti.o
LOAD src\lib\STM32F1xx_HAL_Driver\Src\stm32f1xx_ll_fsmc.o
LOAD src\lib\STM32F1xx_HAL_Driver\Src\stm32f1xx_ll_gpio.o
LOAD src\lib\STM32F1xx_HAL_Driver\Src\stm32f1xx_ll_i2c.o
LOAD src\lib\STM32F1xx_HAL_Driver\Src\stm32f1xx_ll_pwr.o
LOAD src\lib\STM32F1xx_HAL_Driver\Src\stm32f1xx_ll_rcc.o
LOAD src\lib\STM32F1xx_HAL_Driver\Src\stm32f1xx_ll_rtc.o
LOAD src\lib\STM32F1xx_HAL_Driver\Src\stm32f1xx_ll_sdmmc.o
LOAD src\lib\STM32F1xx_HAL_Driver\Src\stm32f1xx_ll_spi.o
LOAD src\lib\STM32F1xx_HAL_Driver\Src\stm32f1xx_ll_tim.o
LOAD src\lib\STM32F1xx_HAL_Driver\Src\stm32f1xx_ll_usart.o
LOAD src\lib\STM32F1xx_HAL_Driver\Src\stm32f1xx_ll_usb.o
LOAD src\lib\STM32F1xx_HAL_Driver\Src\stm32f1xx_ll_utils.o
LOAD src\main.o
                0x00000080                malloc_getpagesize_P = 0x80
START GROUP
LOAD c:/program files (x86)/atollic/truestudio for stm32 9.3.0/armtools/bin/../lib/gcc/arm-atollic-eabi/6.3.1/../../../../arm-atollic-eabi/lib/armv7-m\libc_nano.a
LOAD c:/program files (x86)/atollic/truestudio for stm32 9.3.0/armtools/bin/../lib/gcc/arm-atollic-eabi/6.3.1/../../../../arm-atollic-eabi/lib/armv7-m\libm.a
END GROUP
START GROUP
LOAD c:/program files (x86)/atollic/truestudio for stm32 9.3.0/armtools/bin/../lib/gcc/arm-atollic-eabi/6.3.1/armv7-m\libgcc.a
LOAD c:/program files (x86)/atollic/truestudio for stm32 9.3.0/armtools/bin/../lib/gcc/arm-atollic-eabi/6.3.1/../../../../arm-atollic-eabi/lib/armv7-m\libc_nano.a
END GROUP
START GROUP
LOAD c:/program files (x86)/atollic/truestudio for stm32 9.3.0/armtools/bin/../lib/gcc/arm-atollic-eabi/6.3.1/armv7-m\libgcc.a
LOAD c:/program files (x86)/atollic/truestudio for stm32 9.3.0/armtools/bin/../lib/gcc/arm-atollic-eabi/6.3.1/../../../../arm-atollic-eabi/lib/armv7-m\libc_nano.a
LOAD c:/program files (x86)/atollic/truestudio for stm32 9.3.0/armtools/bin/../lib/gcc/arm-atollic-eabi/6.3.1/../../../../arm-atollic-eabi/lib/armv7-m\libnosys.a
END GROUP
START GROUP
LOAD c:/program files (x86)/atollic/truestudio for stm32 9.3.0/armtools/bin/../lib/gcc/arm-atollic-eabi/6.3.1/armv7-m\libgcc.a
LOAD c:/program files (x86)/atollic/truestudio for stm32 9.3.0/armtools/bin/../lib/gcc/arm-atollic-eabi/6.3.1/../../../../arm-atollic-eabi/lib/armv7-m\libc_nano.a
LOAD c:/program files (x86)/atollic/truestudio for stm32 9.3.0/armtools/bin/../lib/gcc/arm-atollic-eabi/6.3.1/../../../../arm-atollic-eabi/lib/armv7-m\libnosys.a
END GROUP
LOAD c:/program files (x86)/atollic/truestudio for stm32 9.3.0/armtools/bin/../lib/gcc/arm-atollic-eabi/6.3.1/armv7-m/crtend.o
LOAD c:/program files (x86)/atollic/truestudio for stm32 9.3.0/armtools/bin/../lib/gcc/arm-atollic-eabi/6.3.1/armv7-m/crtn.o
                0x20004fff                _estack = 0x20004fff
                0x00000200                _Min_Heap_Size = 0x200
                0x00000400                _Min_Stack_Size = 0x400

.isr_vector     0x08000000      0x10c
                0x08000000                . = ALIGN (0x4)
 *(.isr_vector)
 .isr_vector    0x08000000      0x10c src\bsp\startup\startup_stm32f103xb.o
                0x08000000                g_pfnVectors
                0x0800010c                . = ALIGN (0x4)

.text           0x0800010c     0x4134
                0x0800010c                . = ALIGN (0x4)
 *(.text)
 .text          0x0800010c       0x40 c:/program files (x86)/atollic/truestudio for stm32 9.3.0/armtools/bin/../lib/gcc/arm-atollic-eabi/6.3.1/armv7-m/crtbegin.o
 *(.text*)
 .text.apInit   0x0800014c       0x20 src\ap\ap.o
                0x0800014c                apInit
 .text.apMain   0x0800016c       0x34 src\ap\ap.o
                0x0800016c                apMain
 .text.mcuLoop  0x080001a0       0x3c src\ap\ap.o
                0x080001a0                mcuLoop
 .text.mcuCmdReadVersion
                0x080001dc       0x8c src\ap\ap.o
                0x080001dc                mcuCmdReadVersion
 .text.mcuCmdJump
                0x08000268       0x4c src\ap\ap.o
                0x08000268                mcuCmdJump
 .text.SystemClock_Config
                0x080002b4       0x8a src\bsp\bsp.o
                0x080002b4                SystemClock_Config
 *fill*         0x0800033e        0x2 
 .text.bspInit  0x08000340       0x4c src\bsp\bsp.o
                0x08000340                bspInit
 .text.bspDeInit
                0x0800038c       0x10 src\bsp\bsp.o
                0x0800038c                bspDeInit
 .text.SystemInit
                0x0800039c       0x68 src\bsp\cmsis\system_stm32f1xx.o
                0x0800039c                SystemInit
 .text.Reset_Handler
                0x08000404       0x48 src\bsp\startup\startup_stm32f103xb.o
                0x08000404                Reset_Handler
 .text.Default_Handler
                0x0800044c        0x2 src\bsp\startup\startup_stm32f103xb.o
                0x0800044c                RTC_Alarm_IRQHandler
                0x0800044c                EXTI2_IRQHandler
                0x0800044c                TIM1_CC_IRQHandler
                0x0800044c                PVD_IRQHandler
                0x0800044c                EXTI3_IRQHandler
                0x0800044c                EXTI0_IRQHandler
                0x0800044c                I2C2_EV_IRQHandler
                0x0800044c                ADC1_2_IRQHandler
                0x0800044c                SPI1_IRQHandler
                0x0800044c                TAMPER_IRQHandler
                0x0800044c                DMA1_Channel4_IRQHandler
                0x0800044c                USART3_IRQHandler
                0x0800044c                RTC_IRQHandler
                0x0800044c                DMA1_Channel7_IRQHandler
                0x0800044c                CAN1_RX1_IRQHandler
                0x0800044c                TIM4_IRQHandler
                0x0800044c                I2C1_EV_IRQHandler
                0x0800044c                DMA1_Channel6_IRQHandler
                0x0800044c                TIM3_IRQHandler
                0x0800044c                RCC_IRQHandler
                0x0800044c                TIM1_TRG_COM_IRQHandler
                0x0800044c                DMA1_Channel1_IRQHandler
                0x0800044c                Default_Handler
                0x0800044c                EXTI15_10_IRQHandler
                0x0800044c                EXTI9_5_IRQHandler
                0x0800044c                SPI2_IRQHandler
                0x0800044c                DMA1_Channel5_IRQHandler
                0x0800044c                EXTI4_IRQHandler
                0x0800044c                USB_LP_CAN1_RX0_IRQHandler
                0x0800044c                USB_HP_CAN1_TX_IRQHandler
                0x0800044c                DMA1_Channel3_IRQHandler
                0x0800044c                TIM1_UP_IRQHandler
                0x0800044c                WWDG_IRQHandler
                0x0800044c                TIM2_IRQHandler
                0x0800044c                TIM1_BRK_IRQHandler
                0x0800044c                EXTI1_IRQHandler
                0x0800044c                I2C2_ER_IRQHandler
                0x0800044c                DMA1_Channel2_IRQHandler
                0x0800044c                CAN1_SCE_IRQHandler
                0x0800044c                FLASH_IRQHandler
                0x0800044c                USART1_IRQHandler
                0x0800044c                I2C1_ER_IRQHandler
                0x0800044c                USBWakeUp_IRQHandler
 .text.NMI_Handler
                0x0800044e        0xc src\bsp\stm32f1xx_it.o
                0x0800044e                NMI_Handler
 .text.HardFault_Handler
                0x0800045a        0x6 src\bsp\stm32f1xx_it.o
                0x0800045a                HardFault_Handler
 .text.MemManage_Handler
                0x08000460        0x6 src\bsp\stm32f1xx_it.o
                0x08000460                MemManage_Handler
 .text.BusFault_Handler
                0x08000466        0x6 src\bsp\stm32f1xx_it.o
                0x08000466                BusFault_Handler
 .text.UsageFault_Handler
                0x0800046c        0x6 src\bsp\stm32f1xx_it.o
                0x0800046c                UsageFault_Handler
 .text.SVC_Handler
                0x08000472        0xc src\bsp\stm32f1xx_it.o
                0x08000472                SVC_Handler
 .text.DebugMon_Handler
                0x0800047e        0xc src\bsp\stm32f1xx_it.o
                0x0800047e                DebugMon_Handler
 .text.PendSV_Handler
                0x0800048a        0xc src\bsp\stm32f1xx_it.o
                0x0800048a                PendSV_Handler
 .text.SysTick_Handler
                0x08000496       0x10 src\bsp\stm32f1xx_it.o
                0x08000496                SysTick_Handler
 .text.cmdInit  0x080004a6       0x2c src\common\cmd\cmd.o
                0x080004a6                cmdInit
 .text.cmdBegin
                0x080004d2       0x4e src\common\cmd\cmd.o
                0x080004d2                cmdBegin
 .text.cmdPutch
                0x08000520       0x24 src\common\cmd\cmd.o
 .text.cmdReceivePacket
                0x08000544      0x218 src\common\cmd\cmd.o
                0x08000544                cmdReceivePacket
 .text.cmdSendResp
                0x0800075c      0x134 src\common\cmd\cmd.o
                0x0800075c                cmdSendResp
 .text.qbufferCreate
                0x08000890       0x46 src\common\core\qbuffer.o
                0x08000890                qbufferCreate
 .text.qbufferWrite
                0x080008d6       0x82 src\common\core\qbuffer.o
                0x080008d6                qbufferWrite
 .text.qbufferRead
                0x08000958       0x82 src\common\core\qbuffer.o
                0x08000958                qbufferRead
 .text.qbufferAvailable
                0x080009da       0x34 src\common\core\qbuffer.o
                0x080009da                qbufferAvailable
 .text.qbufferFlush
                0x08000a0e       0x1e src\common\core\qbuffer.o
                0x08000a0e                qbufferFlush
 .text.button_isr
                0x08000a2c      0x164 src\hw\core\button.o
                0x08000a2c                button_isr
 .text.buttonInit
                0x08000b90       0xbc src\hw\core\button.o
                0x08000b90                buttonInit
 .text.buttonGetPressed
                0x08000c4c       0x2c src\hw\core\button.o
                0x08000c4c                buttonGetPressed
 .text.eepromInit
                0x08000c78       0x4c src\hw\core\eeprom.o
                0x08000c78                eepromInit
 .text.EE_Init  0x08000cc4      0x3b4 src\hw\core\eeprom.o
                0x08000cc4                EE_Init
 .text.EE_VerifyPageFullyErased
                0x08001078       0x4c src\hw\core\eeprom.o
 .text.EE_ReadVariable
                0x080010c4       0x94 src\hw\core\eeprom.o
                0x080010c4                EE_ReadVariable
 .text.EE_Format
                0x08001158       0xa0 src\hw\core\eeprom.o
 .text.EE_FindValidPage
                0x080011f8       0x88 src\hw\core\eeprom.o
 .text.EE_VerifyPageFullWriteVariable
                0x08001280       0xbc src\hw\core\eeprom.o
 .text.flashInit
                0x0800133c       0x44 src\hw\core\flash.o
                0x0800133c                flashInit
 .text.ledInit  0x08001380       0x2c src\hw\core\led.o
                0x08001380                ledInit
 .text.ledToggle
                0x080013ac       0x20 src\hw\core\led.o
                0x080013ac                ledToggle
 .text.swtimerInit
                0x080013cc       0x8c src\hw\core\swtimer.o
                0x080013cc                swtimerInit
 .text.swtimerISR
                0x08001458      0x108 src\hw\core\swtimer.o
                0x08001458                swtimerISR
 .text.swtimerSet
                0x08001560       0x84 src\hw\core\swtimer.o
                0x08001560                swtimerSet
 .text.swtimerStart
                0x080015e4       0x54 src\hw\core\swtimer.o
                0x080015e4                swtimerStart
 .text.swtimerGetHandle
                0x08001638       0x30 src\hw\core\swtimer.o
                0x08001638                swtimerGetHandle
 .text.uartInit
                0x08001668       0x60 src\hw\core\uart.o
                0x08001668                uartInit
 .text.uartOpen
                0x080016c8      0x11c src\hw\core\uart.o
                0x080016c8                uartOpen
 .text.uartStartRx
                0x080017e4       0x64 src\hw\core\uart.o
 .text.uartAvailable
                0x08001848       0xac src\hw\core\uart.o
                0x08001848                uartAvailable
 .text.uartFlush
                0x080018f4       0xf4 src\hw\core\uart.o
                0x080018f4                uartFlush
 .text.uartPutch
                0x080019e8       0x24 src\hw\core\uart.o
                0x080019e8                uartPutch
 .text.uartWrite
                0x08001a0c       0x78 src\hw\core\uart.o
                0x08001a0c                uartWrite
 .text.uartRead
                0x08001a84       0x7c src\hw\core\uart.o
                0x08001a84                uartRead
 .text.uartRxHandler
                0x08001b00       0x50 src\hw\core\uart.o
 .text.uartErrHandler
                0x08001b50       0x22 src\hw\core\uart.o
                0x08001b50                uartErrHandler
 *fill*         0x08001b72        0x2 
 .text.HAL_UART_RxCpltCallback
                0x08001b74       0x24 src\hw\core\uart.o
                0x08001b74                HAL_UART_RxCpltCallback
 .text.HAL_UART_ErrorCallback
                0x08001b98       0x30 src\hw\core\uart.o
                0x08001b98                HAL_UART_ErrorCallback
 .text.USART2_IRQHandler
                0x08001bc8       0x14 src\hw\core\uart.o
                0x08001bc8                USART2_IRQHandler
 .text.HAL_UART_MspInit
                0x08001bdc      0x128 src\hw\core\uart.o
                0x08001bdc                HAL_UART_MspInit
 .text.HAL_UART_MspDeInit
                0x08001d04       0x54 src\hw\core\uart.o
                0x08001d04                HAL_UART_MspDeInit
 .text.hwInit   0x08001d58       0x24 src\hw\hw.o
                0x08001d58                hwInit
 .text.delay    0x08001d7c       0x16 src\hw\hw.o
                0x08001d7c                delay
 .text.millis   0x08001d92        0xe src\hw\hw.o
                0x08001d92                millis
 .text.HAL_Init
                0x08001da0       0x2c src\lib\STM32F1xx_HAL_Driver\Src\stm32f1xx_hal.o
                0x08001da0                HAL_Init
 .text.HAL_DeInit
                0x08001dcc       0x30 src\lib\STM32F1xx_HAL_Driver\Src\stm32f1xx_hal.o
                0x08001dcc                HAL_DeInit
 .text.HAL_MspInit
                0x08001dfc        0xc src\lib\STM32F1xx_HAL_Driver\Src\stm32f1xx_hal.o
                0x08001dfc                HAL_MspInit
 .text.HAL_MspDeInit
                0x08001e08        0xc src\lib\STM32F1xx_HAL_Driver\Src\stm32f1xx_hal.o
                0x08001e08                HAL_MspDeInit
 .text.HAL_InitTick
                0x08001e14       0x60 src\lib\STM32F1xx_HAL_Driver\Src\stm32f1xx_hal.o
                0x08001e14                HAL_InitTick
 .text.HAL_IncTick
                0x08001e74       0x24 src\lib\STM32F1xx_HAL_Driver\Src\stm32f1xx_hal.o
                0x08001e74                HAL_IncTick
 .text.HAL_GetTick
                0x08001e98       0x14 src\lib\STM32F1xx_HAL_Driver\Src\stm32f1xx_hal.o
                0x08001e98                HAL_GetTick
 .text.HAL_Delay
                0x08001eac       0x44 src\lib\STM32F1xx_HAL_Driver\Src\stm32f1xx_hal.o
                0x08001eac                HAL_Delay
 .text.__NVIC_SetPriorityGrouping
                0x08001ef0       0x48 src\lib\STM32F1xx_HAL_Driver\Src\stm32f1xx_hal_cortex.o
 .text.__NVIC_GetPriorityGrouping
                0x08001f38       0x1c src\lib\STM32F1xx_HAL_Driver\Src\stm32f1xx_hal_cortex.o
 .text.__NVIC_EnableIRQ
                0x08001f54       0x38 src\lib\STM32F1xx_HAL_Driver\Src\stm32f1xx_hal_cortex.o
 .text.__NVIC_DisableIRQ
                0x08001f8c       0x44 src\lib\STM32F1xx_HAL_Driver\Src\stm32f1xx_hal_cortex.o
 .text.__NVIC_SetPriority
                0x08001fd0       0x54 src\lib\STM32F1xx_HAL_Driver\Src\stm32f1xx_hal_cortex.o
 .text.NVIC_EncodePriority
                0x08002024       0x60 src\lib\STM32F1xx_HAL_Driver\Src\stm32f1xx_hal_cortex.o
 .text.SysTick_Config
                0x08002084       0x44 src\lib\STM32F1xx_HAL_Driver\Src\stm32f1xx_hal_cortex.o
 .text.HAL_NVIC_SetPriorityGrouping
                0x080020c8       0x16 src\lib\STM32F1xx_HAL_Driver\Src\stm32f1xx_hal_cortex.o
                0x080020c8                HAL_NVIC_SetPriorityGrouping
 .text.HAL_NVIC_SetPriority
                0x080020de       0x38 src\lib\STM32F1xx_HAL_Driver\Src\stm32f1xx_hal_cortex.o
                0x080020de                HAL_NVIC_SetPriority
 .text.HAL_NVIC_EnableIRQ
                0x08002116       0x1c src\lib\STM32F1xx_HAL_Driver\Src\stm32f1xx_hal_cortex.o
                0x08002116                HAL_NVIC_EnableIRQ
 .text.HAL_NVIC_DisableIRQ
                0x08002132       0x1c src\lib\STM32F1xx_HAL_Driver\Src\stm32f1xx_hal_cortex.o
                0x08002132                HAL_NVIC_DisableIRQ
 .text.HAL_SYSTICK_Config
                0x0800214e       0x18 src\lib\STM32F1xx_HAL_Driver\Src\stm32f1xx_hal_cortex.o
                0x0800214e                HAL_SYSTICK_Config
 *fill*         0x08002166        0x2 
 .text.HAL_DMA_Init
                0x08002168       0xb4 src\lib\STM32F1xx_HAL_Driver\Src\stm32f1xx_hal_dma.o
                0x08002168                HAL_DMA_Init
 .text.HAL_DMA_Start_IT
                0x0800221c       0xbe src\lib\STM32F1xx_HAL_Driver\Src\stm32f1xx_hal_dma.o
                0x0800221c                HAL_DMA_Start_IT
 *fill*         0x080022da        0x2 
 .text.HAL_DMA_Abort_IT
                0x080022dc       0xf8 src\lib\STM32F1xx_HAL_Driver\Src\stm32f1xx_hal_dma.o
                0x080022dc                HAL_DMA_Abort_IT
 .text.DMA_SetConfig
                0x080023d4       0x5a src\lib\STM32F1xx_HAL_Driver\Src\stm32f1xx_hal_dma.o
 *fill*         0x0800242e        0x2 
 .text.HAL_FLASH_Program
                0x08002430       0xe0 src\lib\STM32F1xx_HAL_Driver\Src\stm32f1xx_hal_flash.o
                0x08002430                HAL_FLASH_Program
 .text.HAL_FLASH_Unlock
                0x08002510       0x4c src\lib\STM32F1xx_HAL_Driver\Src\stm32f1xx_hal_flash.o
                0x08002510                HAL_FLASH_Unlock
 .text.FLASH_Program_HalfWord
                0x0800255c       0x38 src\lib\STM32F1xx_HAL_Driver\Src\stm32f1xx_hal_flash.o
 .text.FLASH_WaitForLastOperation
                0x08002594       0x8c src\lib\STM32F1xx_HAL_Driver\Src\stm32f1xx_hal_flash.o
                0x08002594                FLASH_WaitForLastOperation
 .text.FLASH_SetErrorCode
                0x08002620       0xa0 src\lib\STM32F1xx_HAL_Driver\Src\stm32f1xx_hal_flash.o
 .text.HAL_FLASHEx_Erase
                0x080026c0       0xd8 src\lib\STM32F1xx_HAL_Driver\Src\stm32f1xx_hal_flash_ex.o
                0x080026c0                HAL_FLASHEx_Erase
 .text.FLASH_MassErase
                0x08002798       0x38 src\lib\STM32F1xx_HAL_Driver\Src\stm32f1xx_hal_flash_ex.o
 .text.FLASH_PageErase
                0x080027d0       0x40 src\lib\STM32F1xx_HAL_Driver\Src\stm32f1xx_hal_flash_ex.o
                0x080027d0                FLASH_PageErase
 .text.HAL_GPIO_Init
                0x08002810      0x2b4 src\lib\STM32F1xx_HAL_Driver\Src\stm32f1xx_hal_gpio.o
                0x08002810                HAL_GPIO_Init
 .text.HAL_GPIO_DeInit
                0x08002ac4      0x178 src\lib\STM32F1xx_HAL_Driver\Src\stm32f1xx_hal_gpio.o
                0x08002ac4                HAL_GPIO_DeInit
 .text.HAL_GPIO_ReadPin
                0x08002c3c       0x2e src\lib\STM32F1xx_HAL_Driver\Src\stm32f1xx_hal_gpio.o
                0x08002c3c                HAL_GPIO_ReadPin
 .text.HAL_GPIO_TogglePin
                0x08002c6a       0x30 src\lib\STM32F1xx_HAL_Driver\Src\stm32f1xx_hal_gpio.o
                0x08002c6a                HAL_GPIO_TogglePin
 *fill*         0x08002c9a        0x2 
 .text.HAL_RCC_DeInit
                0x08002c9c      0x134 src\lib\STM32F1xx_HAL_Driver\Src\stm32f1xx_hal_rcc.o
                0x08002c9c                HAL_RCC_DeInit
 .text.HAL_RCC_OscConfig
                0x08002dd0      0x500 src\lib\STM32F1xx_HAL_Driver\Src\stm32f1xx_hal_rcc.o
                0x08002dd0                HAL_RCC_OscConfig
 .text.HAL_RCC_ClockConfig
                0x080032d0      0x1d4 src\lib\STM32F1xx_HAL_Driver\Src\stm32f1xx_hal_rcc.o
                0x080032d0                HAL_RCC_ClockConfig
 .text.HAL_RCC_GetSysClockFreq
                0x080034a4       0xc4 src\lib\STM32F1xx_HAL_Driver\Src\stm32f1xx_hal_rcc.o
                0x080034a4                HAL_RCC_GetSysClockFreq
 .text.HAL_RCC_GetHCLKFreq
                0x08003568       0x14 src\lib\STM32F1xx_HAL_Driver\Src\stm32f1xx_hal_rcc.o
                0x08003568                HAL_RCC_GetHCLKFreq
 .text.HAL_RCC_GetPCLK1Freq
                0x0800357c       0x28 src\lib\STM32F1xx_HAL_Driver\Src\stm32f1xx_hal_rcc.o
                0x0800357c                HAL_RCC_GetPCLK1Freq
 .text.HAL_RCC_GetPCLK2Freq
                0x080035a4       0x28 src\lib\STM32F1xx_HAL_Driver\Src\stm32f1xx_hal_rcc.o
                0x080035a4                HAL_RCC_GetPCLK2Freq
 .text.RCC_Delay
                0x080035cc       0x3c src\lib\STM32F1xx_HAL_Driver\Src\stm32f1xx_hal_rcc.o
 .text.HAL_UART_Init
                0x08003608       0x9a src\lib\STM32F1xx_HAL_Driver\Src\stm32f1xx_hal_uart.o
                0x08003608                HAL_UART_Init
 .text.HAL_UART_DeInit
                0x080036a2       0x58 src\lib\STM32F1xx_HAL_Driver\Src\stm32f1xx_hal_uart.o
                0x080036a2                HAL_UART_DeInit
 .text.HAL_UART_Transmit
                0x080036fa      0x130 src\lib\STM32F1xx_HAL_Driver\Src\stm32f1xx_hal_uart.o
                0x080036fa                HAL_UART_Transmit
 .text.HAL_UART_Receive_IT
                0x0800382a       0xa8 src\lib\STM32F1xx_HAL_Driver\Src\stm32f1xx_hal_uart.o
                0x0800382a                HAL_UART_Receive_IT
 *fill*         0x080038d2        0x2 
 .text.HAL_UART_Receive_DMA
                0x080038d4      0x100 src\lib\STM32F1xx_HAL_Driver\Src\stm32f1xx_hal_uart.o
                0x080038d4                HAL_UART_Receive_DMA
 .text.HAL_UART_IRQHandler
                0x080039d4      0x1f8 src\lib\STM32F1xx_HAL_Driver\Src\stm32f1xx_hal_uart.o
                0x080039d4                HAL_UART_IRQHandler
 .text.HAL_UART_TxCpltCallback
                0x08003bcc       0x12 src\lib\STM32F1xx_HAL_Driver\Src\stm32f1xx_hal_uart.o
                0x08003bcc                HAL_UART_TxCpltCallback
 .text.HAL_UART_RxHalfCpltCallback
                0x08003bde       0x12 src\lib\STM32F1xx_HAL_Driver\Src\stm32f1xx_hal_uart.o
                0x08003bde                HAL_UART_RxHalfCpltCallback
 .text.UART_DMAReceiveCplt
                0x08003bf0       0x68 src\lib\STM32F1xx_HAL_Driver\Src\stm32f1xx_hal_uart.o
 .text.UART_DMARxHalfCplt
                0x08003c58       0x1c src\lib\STM32F1xx_HAL_Driver\Src\stm32f1xx_hal_uart.o
 .text.UART_DMAError
                0x08003c74       0x94 src\lib\STM32F1xx_HAL_Driver\Src\stm32f1xx_hal_uart.o
 .text.UART_WaitOnFlagUntilTimeout
                0x08003d08       0x94 src\lib\STM32F1xx_HAL_Driver\Src\stm32f1xx_hal_uart.o
 .text.UART_EndTxTransfer
                0x08003d9c       0x2a src\lib\STM32F1xx_HAL_Driver\Src\stm32f1xx_hal_uart.o
 .text.UART_EndRxTransfer
                0x08003dc6       0x3a src\lib\STM32F1xx_HAL_Driver\Src\stm32f1xx_hal_uart.o
 .text.UART_DMAAbortOnError
                0x08003e00       0x28 src\lib\STM32F1xx_HAL_Driver\Src\stm32f1xx_hal_uart.o
 .text.UART_Transmit_IT
                0x08003e28       0xa8 src\lib\STM32F1xx_HAL_Driver\Src\stm32f1xx_hal_uart.o
 .text.UART_EndTransmit_IT
                0x08003ed0       0x30 src\lib\STM32F1xx_HAL_Driver\Src\stm32f1xx_hal_uart.o
 .text.UART_Receive_IT
                0x08003f00      0x102 src\lib\STM32F1xx_HAL_Driver\Src\stm32f1xx_hal_uart.o
 *fill*         0x08004002        0x2 
 .text.UART_SetConfig
                0x08004004      0x1b4 src\lib\STM32F1xx_HAL_Driver\Src\stm32f1xx_hal_uart.o
 .text.main     0x080041b8       0x16 src\main.o
                0x080041b8                main
 *fill*         0x080041ce        0x2 
 .text.__libc_init_array
                0x080041d0       0x48 c:/program files (x86)/atollic/truestudio for stm32 9.3.0/armtools/bin/../lib/gcc/arm-atollic-eabi/6.3.1/../../../../arm-atollic-eabi/lib/armv7-m\libc_nano.a(lib_a-init.o)
                0x080041d0                __libc_init_array
 .text.memset   0x08004218       0x10 c:/program files (x86)/atollic/truestudio for stm32 9.3.0/armtools/bin/../lib/gcc/arm-atollic-eabi/6.3.1/../../../../arm-atollic-eabi/lib/armv7-m\libc_nano.a(lib_a-memset.o)
                0x08004218                memset
 *(.glue_7)
 .glue_7        0x08004228        0x0 linker stubs
 *(.glue_7t)
 .glue_7t       0x08004228        0x0 linker stubs
 *(.eh_frame)
 .eh_frame      0x08004228        0x0 c:/program files (x86)/atollic/truestudio for stm32 9.3.0/armtools/bin/../lib/gcc/arm-atollic-eabi/6.3.1/armv7-m/crtbegin.o
 *(.init)
 .init          0x08004228        0x4 c:/program files (x86)/atollic/truestudio for stm32 9.3.0/armtools/bin/../lib/gcc/arm-atollic-eabi/6.3.1/armv7-m/crti.o
                0x08004228                _init
 .init          0x0800422c        0x8 c:/program files (x86)/atollic/truestudio for stm32 9.3.0/armtools/bin/../lib/gcc/arm-atollic-eabi/6.3.1/armv7-m/crtn.o
 *(.fini)
 .fini          0x08004234        0x4 c:/program files (x86)/atollic/truestudio for stm32 9.3.0/armtools/bin/../lib/gcc/arm-atollic-eabi/6.3.1/armv7-m/crti.o
                0x08004234                _fini
 .fini          0x08004238        0x8 c:/program files (x86)/atollic/truestudio for stm32 9.3.0/armtools/bin/../lib/gcc/arm-atollic-eabi/6.3.1/armv7-m/crtn.o
                0x08004240                . = ALIGN (0x4)
                0x08004240                _etext = .

.vfp11_veneer   0x08004240        0x0
 .vfp11_veneer  0x08004240        0x0 linker stubs

.v4_bx          0x08004240        0x0
 .v4_bx         0x08004240        0x0 linker stubs

.iplt           0x08004240        0x0
 .iplt          0x08004240        0x0 c:/program files (x86)/atollic/truestudio for stm32 9.3.0/armtools/bin/../lib/gcc/arm-atollic-eabi/6.3.1/armv7-m/crtbegin.o

.rodata         0x08004240       0x38
                0x08004240                . = ALIGN (0x4)
 *(.rodata)
 .rodata        0x08004240        0xa src\ap\ap.o
 *fill*         0x0800424a        0x2 
 .rodata        0x0800424c       0x12 src\lib\STM32F1xx_HAL_Driver\Src\stm32f1xx_hal_rcc.o
 *(.rodata*)
 *fill*         0x0800425e        0x2 
 .rodata.AHBPrescTable
                0x08004260       0x10 src\bsp\cmsis\system_stm32f1xx.o
                0x08004260                AHBPrescTable
 .rodata.APBPrescTable
                0x08004270        0x8 src\bsp\cmsis\system_stm32f1xx.o
                0x08004270                APBPrescTable
                0x08004278                . = ALIGN (0x4)

.rel.dyn        0x08004278        0x0
 .rel.iplt      0x08004278        0x0 c:/program files (x86)/atollic/truestudio for stm32 9.3.0/armtools/bin/../lib/gcc/arm-atollic-eabi/6.3.1/armv7-m/crtbegin.o

.ARM.extab
 *(.ARM.extab* .gnu.linkonce.armextab.*)

.ARM            0x08004278        0x0
                0x08004278                __exidx_start = .
 *(.ARM.exidx*)
                0x08004278                __exidx_end = .

.preinit_array  0x08004278        0x0
                0x08004278                PROVIDE (__preinit_array_start, .)
 *(.preinit_array*)
                0x08004278                PROVIDE (__preinit_array_end, .)

.init_array     0x08004278        0x4
                0x08004278                PROVIDE (__init_array_start, .)
 *(SORT(.init_array.*))
 *(.init_array*)
 .init_array    0x08004278        0x4 c:/program files (x86)/atollic/truestudio for stm32 9.3.0/armtools/bin/../lib/gcc/arm-atollic-eabi/6.3.1/armv7-m/crtbegin.o
                0x0800427c                PROVIDE (__init_array_end, .)

.fini_array     0x0800427c        0x4
                [!provide]                PROVIDE (__fini_array_start, .)
 *(SORT(.fini_array.*))
 *(.fini_array*)
 .fini_array    0x0800427c        0x4 c:/program files (x86)/atollic/truestudio for stm32 9.3.0/armtools/bin/../lib/gcc/arm-atollic-eabi/6.3.1/armv7-m/crtbegin.o
                [!provide]                PROVIDE (__fini_array_end, .)
                0x08004280                _sidata = LOADADDR (.data)

.data           0x20000000        0xc load address 0x08004280
                0x20000000                . = ALIGN (0x4)
                0x20000000                _sdata = .
 *(.data)
 *(.data*)
 .data.SystemCoreClock
                0x20000000        0x4 src\bsp\cmsis\system_stm32f1xx.o
                0x20000000                SystemCoreClock
 .data.uwTickPrio
                0x20000004        0x4 src\lib\STM32F1xx_HAL_Driver\Src\stm32f1xx_hal.o
                0x20000004                uwTickPrio
 .data.uwTickFreq
                0x20000008        0x1 src\lib\STM32F1xx_HAL_Driver\Src\stm32f1xx_hal.o
                0x20000008                uwTickFreq
                0x2000000c                . = ALIGN (0x4)
 *fill*         0x20000009        0x3 
                0x2000000c                _edata = .

.igot.plt       0x2000000c        0x0 load address 0x0800428c
 .igot.plt      0x2000000c        0x0 c:/program files (x86)/atollic/truestudio for stm32 9.3.0/armtools/bin/../lib/gcc/arm-atollic-eabi/6.3.1/armv7-m/crtbegin.o
                0x2000000c                . = ALIGN (0x4)

.bss            0x20000010     0x1978 load address 0x0800428c
                0x20000010                _sbss = .
                0x20000010                __bss_start__ = _sbss
 *(.bss)
 .bss           0x20000010       0x1c c:/program files (x86)/atollic/truestudio for stm32 9.3.0/armtools/bin/../lib/gcc/arm-atollic-eabi/6.3.1/armv7-m/crtbegin.o
 *(.bss*)
 .bss.button_tbl
                0x2000002c       0x18 src\hw\core\button.o
 .bss.IsInit    0x20000044        0x1 src\hw\core\eeprom.o
 *fill*         0x20000045        0x3 
 .bss.VirtAddVarTab
                0x20000048      0x100 src\hw\core\eeprom.o
 .bss.DataVar   0x20000148        0x2 src\hw\core\eeprom.o
                0x20000148                DataVar
 *fill*         0x2000014a        0x2 
 .bss.sw_timer_counter
                0x2000014c        0x4 src\hw\core\swtimer.o
 .bss.sw_timer_handle_index
                0x20000150        0x2 src\hw\core\swtimer.o
 *fill*         0x20000152        0x2 
 .bss.swtimer_tbl
                0x20000154       0xa0 src\hw\core\swtimer.o
 .bss.execute.7485
                0x200001f4        0x1 src\hw\core\swtimer.o
 *(COMMON)
 *fill*         0x200001f5        0x3 
 COMMON         0x200001f8     0x1028 src\ap\ap.o
                0x200001f8                cmd_mcu
 COMMON         0x20001220      0x400 src\hw\core\flash.o
                0x20001220                flash_tbl
 COMMON         0x20001620      0x340 src\hw\core\uart.o
                0x20001620                uart_tbl
 COMMON         0x20001960        0x4 src\lib\STM32F1xx_HAL_Driver\Src\stm32f1xx_hal.o
                0x20001960                uwTick
 *fill*         0x20001964        0x4 
 COMMON         0x20001968       0x20 src\lib\STM32F1xx_HAL_Driver\Src\stm32f1xx_hal_flash.o
                0x20001968                pFlash
                0x20001988                . = ALIGN (0x4)
                0x20001988                _ebss = .
                0x20001988                __bss_end__ = _ebss

._user_heap_stack
                0x20001988      0x600 load address 0x0800428c
                0x20001988                . = ALIGN (0x8)
                0x20001988                PROVIDE (end, .)
                [!provide]                PROVIDE (_end, .)
                0x20001b88                . = (. + _Min_Heap_Size)
 *fill*         0x20001988      0x200 
                0x20001f88                . = (. + _Min_Stack_Size)
 *fill*         0x20001b88      0x400 
                0x20001f88                . = ALIGN (0x8)

/DISCARD/
 libc.a(*)
 libm.a(*)
 libgcc.a(*)

.ARM.attributes
                0x00000000       0x29
 *(.ARM.attributes)
 .ARM.attributes
                0x00000000       0x1d c:/program files (x86)/atollic/truestudio for stm32 9.3.0/armtools/bin/../lib/gcc/arm-atollic-eabi/6.3.1/armv7-m/crti.o
 .ARM.attributes
                0x0000001d       0x2d c:/program files (x86)/atollic/truestudio for stm32 9.3.0/armtools/bin/../lib/gcc/arm-atollic-eabi/6.3.1/armv7-m/crtbegin.o
 .ARM.attributes
                0x0000004a       0x33 src\ap\ap.o
 .ARM.attributes
                0x0000007d       0x33 src\bsp\bsp.o
 .ARM.attributes
                0x000000b0       0x33 src\bsp\cmsis\system_stm32f1xx.o
 .ARM.attributes
                0x000000e3       0x21 src\bsp\startup\startup_stm32f103xb.o
 .ARM.attributes
                0x00000104       0x33 src\bsp\stm32f1xx_it.o
 .ARM.attributes
                0x00000137       0x33 src\common\cmd\cmd.o
 .ARM.attributes
                0x0000016a       0x33 src\common\core\qbuffer.o
 .ARM.attributes
                0x0000019d       0x33 src\hw\core\button.o
 .ARM.attributes
                0x000001d0       0x33 src\hw\core\eeprom.o
 .ARM.attributes
                0x00000203       0x33 src\hw\core\flash.o
 .ARM.attributes
                0x00000236       0x33 src\hw\core\led.o
 .ARM.attributes
                0x00000269       0x33 src\hw\core\swtimer.o
 .ARM.attributes
                0x0000029c       0x33 src\hw\core\uart.o
 .ARM.attributes
                0x000002cf       0x33 src\hw\hw.o
 .ARM.attributes
                0x00000302       0x33 src\lib\STM32F1xx_HAL_Driver\Src\stm32f1xx_hal.o
 .ARM.attributes
                0x00000335       0x33 src\lib\STM32F1xx_HAL_Driver\Src\stm32f1xx_hal_cortex.o
 .ARM.attributes
                0x00000368       0x33 src\lib\STM32F1xx_HAL_Driver\Src\stm32f1xx_hal_dma.o
 .ARM.attributes
                0x0000039b       0x33 src\lib\STM32F1xx_HAL_Driver\Src\stm32f1xx_hal_flash.o
 .ARM.attributes
                0x000003ce       0x33 src\lib\STM32F1xx_HAL_Driver\Src\stm32f1xx_hal_flash_ex.o
 .ARM.attributes
                0x00000401       0x33 src\lib\STM32F1xx_HAL_Driver\Src\stm32f1xx_hal_gpio.o
 .ARM.attributes
                0x00000434       0x33 src\lib\STM32F1xx_HAL_Driver\Src\stm32f1xx_hal_rcc.o
 .ARM.attributes
                0x00000467       0x33 src\lib\STM32F1xx_HAL_Driver\Src\stm32f1xx_hal_uart.o
 .ARM.attributes
                0x0000049a       0x33 src\main.o
 .ARM.attributes
                0x000004cd       0x2d c:/program files (x86)/atollic/truestudio for stm32 9.3.0/armtools/bin/../lib/gcc/arm-atollic-eabi/6.3.1/../../../../arm-atollic-eabi/lib/armv7-m\libc_nano.a(lib_a-init.o)
 .ARM.attributes
                0x000004fa       0x2d c:/program files (x86)/atollic/truestudio for stm32 9.3.0/armtools/bin/../lib/gcc/arm-atollic-eabi/6.3.1/../../../../arm-atollic-eabi/lib/armv7-m\libc_nano.a(lib_a-memset.o)
 .ARM.attributes
                0x00000527       0x1d c:/program files (x86)/atollic/truestudio for stm32 9.3.0/armtools/bin/../lib/gcc/arm-atollic-eabi/6.3.1/armv7-m/crtn.o
OUTPUT(17_Jump.elf elf32-littlearm)

.debug_info     0x00000000     0x8c41
 .debug_info    0x00000000      0x366 src\ap\ap.o
 .debug_info    0x00000366      0x3ac src\bsp\bsp.o
 .debug_info    0x00000712      0x3e7 src\bsp\cmsis\system_stm32f1xx.o
 .debug_info    0x00000af9       0x91 src\bsp\startup\startup_stm32f103xb.o
 .debug_info    0x00000b8a      0x1fc src\bsp\stm32f1xx_it.o
 .debug_info    0x00000d86      0x509 src\common\cmd\cmd.o
 .debug_info    0x0000128f      0x2a7 src\common\core\qbuffer.o
 .debug_info    0x00001536      0x4d4 src\hw\core\button.o
 .debug_info    0x00001a0a      0x73c src\hw\core\eeprom.o
 .debug_info    0x00002146      0x38e src\hw\core\flash.o
 .debug_info    0x000024d4      0x2d5 src\hw\core\led.o
 .debug_info    0x000027a9      0x3bb src\hw\core\swtimer.o
 .debug_info    0x00002b64     0x15bb src\hw\core\uart.o
 .debug_info    0x0000411f      0x1ad src\hw\hw.o
 .debug_info    0x000042cc      0x6fe src\lib\STM32F1xx_HAL_Driver\Src\stm32f1xx_hal.o
 .debug_info    0x000049ca      0xb47 src\lib\STM32F1xx_HAL_Driver\Src\stm32f1xx_hal_cortex.o
 .debug_info    0x00005511      0x7a2 src\lib\STM32F1xx_HAL_Driver\Src\stm32f1xx_hal_dma.o
 .debug_info    0x00005cb3      0x597 src\lib\STM32F1xx_HAL_Driver\Src\stm32f1xx_hal_flash.o
 .debug_info    0x0000624a      0x81b src\lib\STM32F1xx_HAL_Driver\Src\stm32f1xx_hal_flash_ex.o
 .debug_info    0x00006a65      0x681 src\lib\STM32F1xx_HAL_Driver\Src\stm32f1xx_hal_gpio.o
 .debug_info    0x000070e6      0x803 src\lib\STM32F1xx_HAL_Driver\Src\stm32f1xx_hal_rcc.o
 .debug_info    0x000078e9     0x11e0 src\lib\STM32F1xx_HAL_Driver\Src\stm32f1xx_hal_uart.o
 .debug_info    0x00008ac9      0x178 src\main.o

.debug_abbrev   0x00000000     0x2425
 .debug_abbrev  0x00000000      0x145 src\ap\ap.o
 .debug_abbrev  0x00000145      0x152 src\bsp\bsp.o
 .debug_abbrev  0x00000297      0x12f src\bsp\cmsis\system_stm32f1xx.o
 .debug_abbrev  0x000003c6       0x12 src\bsp\startup\startup_stm32f103xb.o
 .debug_abbrev  0x000003d8       0xc1 src\bsp\stm32f1xx_it.o
 .debug_abbrev  0x00000499      0x1d7 src\common\cmd\cmd.o
 .debug_abbrev  0x00000670       0xd7 src\common\core\qbuffer.o
 .debug_abbrev  0x00000747      0x1ac src\hw\core\button.o
 .debug_abbrev  0x000008f3      0x1ca src\hw\core\eeprom.o
 .debug_abbrev  0x00000abd      0x14b src\hw\core\flash.o
 .debug_abbrev  0x00000c08      0x144 src\hw\core\led.o
 .debug_abbrev  0x00000d4c      0x173 src\hw\core\swtimer.o
 .debug_abbrev  0x00000ebf      0x2dc src\hw\core\uart.o
 .debug_abbrev  0x0000119b       0xec src\hw\hw.o
 .debug_abbrev  0x00001287      0x1d3 src\lib\STM32F1xx_HAL_Driver\Src\stm32f1xx_hal.o
 .debug_abbrev  0x0000145a      0x2d0 src\lib\STM32F1xx_HAL_Driver\Src\stm32f1xx_hal_cortex.o
 .debug_abbrev  0x0000172a      0x1f9 src\lib\STM32F1xx_HAL_Driver\Src\stm32f1xx_hal_dma.o
 .debug_abbrev  0x00001923      0x20b src\lib\STM32F1xx_HAL_Driver\Src\stm32f1xx_hal_flash.o
 .debug_abbrev  0x00001b2e      0x216 src\lib\STM32F1xx_HAL_Driver\Src\stm32f1xx_hal_flash_ex.o
 .debug_abbrev  0x00001d44      0x1bb src\lib\STM32F1xx_HAL_Driver\Src\stm32f1xx_hal_gpio.o
 .debug_abbrev  0x00001eff      0x23e src\lib\STM32F1xx_HAL_Driver\Src\stm32f1xx_hal_rcc.o
 .debug_abbrev  0x0000213d      0x23d src\lib\STM32F1xx_HAL_Driver\Src\stm32f1xx_hal_uart.o
 .debug_abbrev  0x0000237a       0xab src\main.o

.debug_aranges  0x00000000      0xaa0
 .debug_aranges
                0x00000000       0x40 src\ap\ap.o
 .debug_aranges
                0x00000040       0x30 src\bsp\bsp.o
 .debug_aranges
                0x00000070       0x28 src\bsp\cmsis\system_stm32f1xx.o
 .debug_aranges
                0x00000098       0x28 src\bsp\startup\startup_stm32f103xb.o
 .debug_aranges
                0x000000c0       0x60 src\bsp\stm32f1xx_it.o
 .debug_aranges
                0x00000120       0x50 src\common\cmd\cmd.o
 .debug_aranges
                0x00000170       0x48 src\common\core\qbuffer.o
 .debug_aranges
                0x000001b8       0x60 src\hw\core\button.o
 .debug_aranges
                0x00000218       0x90 src\hw\core\eeprom.o
 .debug_aranges
                0x000002a8       0x38 src\hw\core\flash.o
 .debug_aranges
                0x000002e0       0x38 src\hw\core\led.o
 .debug_aranges
                0x00000318       0x58 src\hw\core\swtimer.o
 .debug_aranges
                0x00000370       0xa8 src\hw\core\uart.o
 .debug_aranges
                0x00000418       0x30 src\hw\hw.o
 .debug_aranges
                0x00000448       0xe0 src\lib\STM32F1xx_HAL_Driver\Src\stm32f1xx_hal.o
 .debug_aranges
                0x00000528      0x100 src\lib\STM32F1xx_HAL_Driver\Src\stm32f1xx_hal_cortex.o
 .debug_aranges
                0x00000628       0x80 src\lib\STM32F1xx_HAL_Driver\Src\stm32f1xx_hal_dma.o
 .debug_aranges
                0x000006a8       0x88 src\lib\STM32F1xx_HAL_Driver\Src\stm32f1xx_hal_flash.o
 .debug_aranges
                0x00000730       0x98 src\lib\STM32F1xx_HAL_Driver\Src\stm32f1xx_hal_flash_ex.o
 .debug_aranges
                0x000007c8       0x58 src\lib\STM32F1xx_HAL_Driver\Src\stm32f1xx_hal_gpio.o
 .debug_aranges
                0x00000820       0x90 src\lib\STM32F1xx_HAL_Driver\Src\stm32f1xx_hal_rcc.o
 .debug_aranges
                0x000008b0      0x1d0 src\lib\STM32F1xx_HAL_Driver\Src\stm32f1xx_hal_uart.o
 .debug_aranges
                0x00000a80       0x20 src\main.o

.debug_ranges   0x00000000      0x938
 .debug_ranges  0x00000000       0x30 src\ap\ap.o
 .debug_ranges  0x00000030       0x20 src\bsp\bsp.o
 .debug_ranges  0x00000050       0x18 src\bsp\cmsis\system_stm32f1xx.o
 .debug_ranges  0x00000068       0x20 src\bsp\startup\startup_stm32f103xb.o
 .debug_ranges  0x00000088       0x50 src\bsp\stm32f1xx_it.o
 .debug_ranges  0x000000d8       0x40 src\common\cmd\cmd.o
 .debug_ranges  0x00000118       0x38 src\common\core\qbuffer.o
 .debug_ranges  0x00000150       0x50 src\hw\core\button.o
 .debug_ranges  0x000001a0       0x80 src\hw\core\eeprom.o
 .debug_ranges  0x00000220       0x28 src\hw\core\flash.o
 .debug_ranges  0x00000248       0x28 src\hw\core\led.o
 .debug_ranges  0x00000270       0x48 src\hw\core\swtimer.o
 .debug_ranges  0x000002b8       0x98 src\hw\core\uart.o
 .debug_ranges  0x00000350       0x20 src\hw\hw.o
 .debug_ranges  0x00000370       0xd0 src\lib\STM32F1xx_HAL_Driver\Src\stm32f1xx_hal.o
 .debug_ranges  0x00000440       0xf0 src\lib\STM32F1xx_HAL_Driver\Src\stm32f1xx_hal_cortex.o
 .debug_ranges  0x00000530       0x70 src\lib\STM32F1xx_HAL_Driver\Src\stm32f1xx_hal_dma.o
 .debug_ranges  0x000005a0       0x78 src\lib\STM32F1xx_HAL_Driver\Src\stm32f1xx_hal_flash.o
 .debug_ranges  0x00000618       0x88 src\lib\STM32F1xx_HAL_Driver\Src\stm32f1xx_hal_flash_ex.o
 .debug_ranges  0x000006a0       0x48 src\lib\STM32F1xx_HAL_Driver\Src\stm32f1xx_hal_gpio.o
 .debug_ranges  0x000006e8       0x80 src\lib\STM32F1xx_HAL_Driver\Src\stm32f1xx_hal_rcc.o
 .debug_ranges  0x00000768      0x1c0 src\lib\STM32F1xx_HAL_Driver\Src\stm32f1xx_hal_uart.o
 .debug_ranges  0x00000928       0x10 src\main.o

.debug_line     0x00000000     0x5e34
 .debug_line    0x00000000      0x313 src\ap\ap.o
 .debug_line    0x00000313      0x2f5 src\bsp\bsp.o
 .debug_line    0x00000608      0x20f src\bsp\cmsis\system_stm32f1xx.o
 .debug_line    0x00000817       0x85 src\bsp\startup\startup_stm32f103xb.o
 .debug_line    0x0000089c      0x2fb src\bsp\stm32f1xx_it.o
 .debug_line    0x00000b97      0x3a9 src\common\cmd\cmd.o
 .debug_line    0x00000f40      0x233 src\common\core\qbuffer.o
 .debug_line    0x00001173      0x397 src\hw\core\button.o
 .debug_line    0x0000150a      0x51d src\hw\core\eeprom.o
 .debug_line    0x00001a27      0x325 src\hw\core\flash.o
 .debug_line    0x00001d4c      0x2be src\hw\core\led.o
 .debug_line    0x0000200a      0x33b src\hw\core\swtimer.o
 .debug_line    0x00002345      0x5a6 src\hw\core\uart.o
 .debug_line    0x000028eb      0x280 src\hw\hw.o
 .debug_line    0x00002b6b      0x476 src\lib\STM32F1xx_HAL_Driver\Src\stm32f1xx_hal.o
 .debug_line    0x00002fe1      0x548 src\lib\STM32F1xx_HAL_Driver\Src\stm32f1xx_hal_cortex.o
 .debug_line    0x00003529      0x703 src\lib\STM32F1xx_HAL_Driver\Src\stm32f1xx_hal_dma.o
 .debug_line    0x00003c2c      0x4bb src\lib\STM32F1xx_HAL_Driver\Src\stm32f1xx_hal_flash.o
 .debug_line    0x000040e7      0x517 src\lib\STM32F1xx_HAL_Driver\Src\stm32f1xx_hal_flash_ex.o
 .debug_line    0x000045fe      0x48e src\lib\STM32F1xx_HAL_Driver\Src\stm32f1xx_hal_gpio.o
 .debug_line    0x00004a8c      0x590 src\lib\STM32F1xx_HAL_Driver\Src\stm32f1xx_hal_rcc.o
 .debug_line    0x0000501c      0xbbf src\lib\STM32F1xx_HAL_Driver\Src\stm32f1xx_hal_uart.o
 .debug_line    0x00005bdb      0x259 src\main.o

.debug_str      0x00000000     0x2ed9
 .debug_str     0x00000000      0x2f5 src\ap\ap.o
                                0x36c (size before relaxing)
 .debug_str     0x000002f5      0x1aa src\bsp\bsp.o
                                0x416 (size before relaxing)
 .debug_str     0x0000049f       0xb5 src\bsp\cmsis\system_stm32f1xx.o
                                0x2e0 (size before relaxing)
 .debug_str     0x00000554       0xaa src\bsp\stm32f1xx_it.o
                                0x316 (size before relaxing)
 .debug_str     0x000005fe       0x92 src\common\cmd\cmd.o
                                0x391 (size before relaxing)
 .debug_str     0x00000690       0x9f src\common\core\qbuffer.o
                                0x257 (size before relaxing)
 .debug_str     0x0000072f      0x1db src\hw\core\button.o
                                0x46e (size before relaxing)
 .debug_str     0x0000090a      0x23a src\hw\core\eeprom.o
                                0x52c (size before relaxing)
 .debug_str     0x00000b44       0x90 src\hw\core\flash.o
                                0x391 (size before relaxing)
 .debug_str     0x00000bd4       0x34 src\hw\core\led.o
                                0x318 (size before relaxing)
 .debug_str     0x00000c08      0x125 src\hw\core\swtimer.o
                                0x3d3 (size before relaxing)
 .debug_str     0x00000d2d      0xb84 src\hw\core\uart.o
                                0xf8a (size before relaxing)
 .debug_str     0x000018b1       0x25 src\hw\hw.o
                                0x297 (size before relaxing)
 .debug_str     0x000018d6      0x266 src\lib\STM32F1xx_HAL_Driver\Src\stm32f1xx_hal.o
                                0x835 (size before relaxing)
 .debug_str     0x00001b3c      0x3ac src\lib\STM32F1xx_HAL_Driver\Src\stm32f1xx_hal_cortex.o
                                0x99c (size before relaxing)
 .debug_str     0x00001ee8      0x244 src\lib\STM32F1xx_HAL_Driver\Src\stm32f1xx_hal_dma.o
                                0x6de (size before relaxing)
 .debug_str     0x0000212c      0x275 src\lib\STM32F1xx_HAL_Driver\Src\stm32f1xx_hal_flash.o
                                0x5d9 (size before relaxing)
 .debug_str     0x000023a1      0x28b src\lib\STM32F1xx_HAL_Driver\Src\stm32f1xx_hal_flash_ex.o
                                0x705 (size before relaxing)
 .debug_str     0x0000262c      0x169 src\lib\STM32F1xx_HAL_Driver\Src\stm32f1xx_hal_gpio.o
                                0x4ed (size before relaxing)
 .debug_str     0x00002795      0x23e src\lib\STM32F1xx_HAL_Driver\Src\stm32f1xx_hal_rcc.o
                                0x6a8 (size before relaxing)
 .debug_str     0x000029d3      0x4f3 src\lib\STM32F1xx_HAL_Driver\Src\stm32f1xx_hal_uart.o
                                0xbef (size before relaxing)
 .debug_str     0x00002ec6       0x13 src\main.o
                                0x27f (size before relaxing)

.comment        0x00000000       0x7c
 .comment       0x00000000       0x7c src\ap\ap.o
                                 0x7d (size before relaxing)
 .comment       0x0000007c       0x7d src\bsp\bsp.o
 .comment       0x0000007c       0x7d src\bsp\cmsis\system_stm32f1xx.o
 .comment       0x0000007c       0x7d src\bsp\stm32f1xx_it.o
 .comment       0x0000007c       0x7d src\common\cmd\cmd.o
 .comment       0x0000007c       0x7d src\common\core\qbuffer.o
 .comment       0x0000007c       0x7d src\hw\core\button.o
 .comment       0x0000007c       0x7d src\hw\core\eeprom.o
 .comment       0x0000007c       0x7d src\hw\core\flash.o
 .comment       0x0000007c       0x7d src\hw\core\led.o
 .comment       0x0000007c       0x7d src\hw\core\swtimer.o
 .comment       0x0000007c       0x7d src\hw\core\uart.o
 .comment       0x0000007c       0x7d src\hw\hw.o
 .comment       0x0000007c       0x7d src\lib\STM32F1xx_HAL_Driver\Src\stm32f1xx_hal.o
 .comment       0x0000007c       0x7d src\lib\STM32F1xx_HAL_Driver\Src\stm32f1xx_hal_cortex.o
 .comment       0x0000007c       0x7d src\lib\STM32F1xx_HAL_Driver\Src\stm32f1xx_hal_dma.o
 .comment       0x0000007c       0x7d src\lib\STM32F1xx_HAL_Driver\Src\stm32f1xx_hal_flash.o
 .comment       0x0000007c       0x7d src\lib\STM32F1xx_HAL_Driver\Src\stm32f1xx_hal_flash_ex.o
 .comment       0x0000007c       0x7d src\lib\STM32F1xx_HAL_Driver\Src\stm32f1xx_hal_gpio.o
 .comment       0x0000007c       0x7d src\lib\STM32F1xx_HAL_Driver\Src\stm32f1xx_hal_rcc.o
 .comment       0x0000007c       0x7d src\lib\STM32F1xx_HAL_Driver\Src\stm32f1xx_hal_uart.o
 .comment       0x0000007c       0x7d src\main.o

.debug_frame    0x00000000     0x27d4
 .debug_frame   0x00000000       0xb8 src\ap\ap.o
 .debug_frame   0x000000b8       0x74 src\bsp\bsp.o
 .debug_frame   0x0000012c       0x58 src\bsp\cmsis\system_stm32f1xx.o
 .debug_frame   0x00000184      0x10c src\bsp\stm32f1xx_it.o
 .debug_frame   0x00000290      0x114 src\common\cmd\cmd.o
 .debug_frame   0x000003a4       0xf8 src\common\core\qbuffer.o
 .debug_frame   0x0000049c      0x174 src\hw\core\button.o
 .debug_frame   0x00000610      0x234 src\hw\core\eeprom.o
 .debug_frame   0x00000844       0xac src\hw\core\flash.o
 .debug_frame   0x000008f0       0xa0 src\hw\core\led.o
 .debug_frame   0x00000990      0x144 src\hw\core\swtimer.o
 .debug_frame   0x00000ad4      0x2ac src\hw\core\uart.o
 .debug_frame   0x00000d80       0x6c src\hw\hw.o
 .debug_frame   0x00000dec      0x334 src\lib\STM32F1xx_HAL_Driver\Src\stm32f1xx_hal.o
 .debug_frame   0x00001120      0x428 src\lib\STM32F1xx_HAL_Driver\Src\stm32f1xx_hal_cortex.o
 .debug_frame   0x00001548      0x208 src\lib\STM32F1xx_HAL_Driver\Src\stm32f1xx_hal_dma.o
 .debug_frame   0x00001750      0x214 src\lib\STM32F1xx_HAL_Driver\Src\stm32f1xx_hal_flash.o
 .debug_frame   0x00001964      0x258 src\lib\STM32F1xx_HAL_Driver\Src\stm32f1xx_hal_flash_ex.o
 .debug_frame   0x00001bbc      0x14c src\lib\STM32F1xx_HAL_Driver\Src\stm32f1xx_hal_gpio.o
 .debug_frame   0x00001d08      0x21c src\lib\STM32F1xx_HAL_Driver\Src\stm32f1xx_hal_rcc.o
 .debug_frame   0x00001f24      0x838 src\lib\STM32F1xx_HAL_Driver\Src\stm32f1xx_hal_uart.o
 .debug_frame   0x0000275c       0x2c src\main.o
 .debug_frame   0x00002788       0x2c c:/program files (x86)/atollic/truestudio for stm32 9.3.0/armtools/bin/../lib/gcc/arm-atollic-eabi/6.3.1/../../../../arm-atollic-eabi/lib/armv7-m\libc_nano.a(lib_a-init.o)
 .debug_frame   0x000027b4       0x20 c:/program files (x86)/atollic/truestudio for stm32 9.3.0/armtools/bin/../lib/gcc/arm-atollic-eabi/6.3.1/../../../../arm-atollic-eabi/lib/armv7-m\libc_nano.a(lib_a-memset.o)

Cross Reference Table

Symbol                                            File
ADC1_2_IRQHandler                                 src\bsp\startup\startup_stm32f103xb.o
ADC_ConversionStop_Disable                        src\lib\STM32F1xx_HAL_Driver\Src\stm32f1xx_hal_adc.o
                                                  src\lib\STM32F1xx_HAL_Driver\Src\stm32f1xx_hal_adc_ex.o
ADC_DMAConvCplt                                   src\lib\STM32F1xx_HAL_Driver\Src\stm32f1xx_hal_adc.o
                                                  src\lib\STM32F1xx_HAL_Driver\Src\stm32f1xx_hal_adc_ex.o
ADC_DMAError                                      src\lib\STM32F1xx_HAL_Driver\Src\stm32f1xx_hal_adc.o
                                                  src\lib\STM32F1xx_HAL_Driver\Src\stm32f1xx_hal_adc_ex.o
ADC_DMAHalfConvCplt                               src\lib\STM32F1xx_HAL_Driver\Src\stm32f1xx_hal_adc.o
                                                  src\lib\STM32F1xx_HAL_Driver\Src\stm32f1xx_hal_adc_ex.o
ADC_Enable                                        src\lib\STM32F1xx_HAL_Driver\Src\stm32f1xx_hal_adc.o
                                                  src\lib\STM32F1xx_HAL_Driver\Src\stm32f1xx_hal_adc_ex.o
AHBPrescTable                                     src\bsp\cmsis\system_stm32f1xx.o
                                                  src\lib\STM32F1xx_HAL_Driver\Src\stm32f1xx_ll_utils.o
                                                  src\lib\STM32F1xx_HAL_Driver\Src\stm32f1xx_hal_rcc.o
APBPrescTable                                     src\bsp\cmsis\system_stm32f1xx.o
                                                  src\lib\STM32F1xx_HAL_Driver\Src\stm32f1xx_hal_rcc.o
BusFault_Handler                                  src\bsp\stm32f1xx_it.o
                                                  src\bsp\startup\startup_stm32f103xb.o
CAN1_RX1_IRQHandler                               src\bsp\startup\startup_stm32f103xb.o
CAN1_SCE_IRQHandler                               src\bsp\startup\startup_stm32f103xb.o
DMA1_Channel1_IRQHandler                          src\bsp\startup\startup_stm32f103xb.o
DMA1_Channel2_IRQHandler                          src\bsp\startup\startup_stm32f103xb.o
DMA1_Channel3_IRQHandler                          src\bsp\startup\startup_stm32f103xb.o
DMA1_Channel4_IRQHandler                          src\bsp\startup\startup_stm32f103xb.o
DMA1_Channel5_IRQHandler                          src\bsp\startup\startup_stm32f103xb.o
DMA1_Channel6_IRQHandler                          src\bsp\startup\startup_stm32f103xb.o
DMA1_Channel7_IRQHandler                          src\bsp\startup\startup_stm32f103xb.o
DataVar                                           src\hw\core\eeprom.o
DebugMon_Handler                                  src\bsp\stm32f1xx_it.o
                                                  src\bsp\startup\startup_stm32f103xb.o
Default_Handler                                   src\bsp\startup\startup_stm32f103xb.o
EE_Init                                           src\hw\core\eeprom.o
EE_ReadVariable                                   src\hw\core\eeprom.o
EE_WriteVariable                                  src\hw\core\eeprom.o
EXTI0_IRQHandler                                  src\bsp\startup\startup_stm32f103xb.o
EXTI15_10_IRQHandler                              src\bsp\startup\startup_stm32f103xb.o
EXTI1_IRQHandler                                  src\bsp\startup\startup_stm32f103xb.o
EXTI2_IRQHandler                                  src\bsp\startup\startup_stm32f103xb.o
EXTI3_IRQHandler                                  src\bsp\startup\startup_stm32f103xb.o
EXTI4_IRQHandler                                  src\bsp\startup\startup_stm32f103xb.o
EXTI9_5_IRQHandler                                src\bsp\startup\startup_stm32f103xb.o
FLASH_IRQHandler                                  src\bsp\startup\startup_stm32f103xb.o
FLASH_PageErase                                   src\lib\STM32F1xx_HAL_Driver\Src\stm32f1xx_hal_flash_ex.o
                                                  src\lib\STM32F1xx_HAL_Driver\Src\stm32f1xx_hal_flash.o
FLASH_WaitForLastOperation                        src\lib\STM32F1xx_HAL_Driver\Src\stm32f1xx_hal_flash.o
                                                  src\lib\STM32F1xx_HAL_Driver\Src\stm32f1xx_hal_flash_ex.o
HAL_ADCEx_Calibration_Start                       src\lib\STM32F1xx_HAL_Driver\Src\stm32f1xx_hal_adc_ex.o
HAL_ADCEx_InjectedConfigChannel                   src\lib\STM32F1xx_HAL_Driver\Src\stm32f1xx_hal_adc_ex.o
HAL_ADCEx_InjectedConvCpltCallback                src\lib\STM32F1xx_HAL_Driver\Src\stm32f1xx_hal_adc_ex.o
                                                  src\lib\STM32F1xx_HAL_Driver\Src\stm32f1xx_hal_adc.o
HAL_ADCEx_InjectedGetValue                        src\lib\STM32F1xx_HAL_Driver\Src\stm32f1xx_hal_adc_ex.o
HAL_ADCEx_InjectedPollForConversion               src\lib\STM32F1xx_HAL_Driver\Src\stm32f1xx_hal_adc_ex.o
HAL_ADCEx_InjectedStart                           src\lib\STM32F1xx_HAL_Driver\Src\stm32f1xx_hal_adc_ex.o
HAL_ADCEx_InjectedStart_IT                        src\lib\STM32F1xx_HAL_Driver\Src\stm32f1xx_hal_adc_ex.o
HAL_ADCEx_InjectedStop                            src\lib\STM32F1xx_HAL_Driver\Src\stm32f1xx_hal_adc_ex.o
HAL_ADCEx_InjectedStop_IT                         src\lib\STM32F1xx_HAL_Driver\Src\stm32f1xx_hal_adc_ex.o
HAL_ADCEx_MultiModeConfigChannel                  src\lib\STM32F1xx_HAL_Driver\Src\stm32f1xx_hal_adc_ex.o
HAL_ADCEx_MultiModeGetValue                       src\lib\STM32F1xx_HAL_Driver\Src\stm32f1xx_hal_adc_ex.o
HAL_ADCEx_MultiModeStart_DMA                      src\lib\STM32F1xx_HAL_Driver\Src\stm32f1xx_hal_adc_ex.o
HAL_ADCEx_MultiModeStop_DMA                       src\lib\STM32F1xx_HAL_Driver\Src\stm32f1xx_hal_adc_ex.o
HAL_ADC_AnalogWDGConfig                           src\lib\STM32F1xx_HAL_Driver\Src\stm32f1xx_hal_adc.o
HAL_ADC_ConfigChannel                             src\lib\STM32F1xx_HAL_Driver\Src\stm32f1xx_hal_adc.o
HAL_ADC_ConvCpltCallback                          src\lib\STM32F1xx_HAL_Driver\Src\stm32f1xx_hal_adc.o
HAL_ADC_ConvHalfCpltCallback                      src\lib\STM32F1xx_HAL_Driver\Src\stm32f1xx_hal_adc.o
HAL_ADC_DeInit                                    src\lib\STM32F1xx_HAL_Driver\Src\stm32f1xx_hal_adc.o
HAL_ADC_ErrorCallback                             src\lib\STM32F1xx_HAL_Driver\Src\stm32f1xx_hal_adc.o
HAL_ADC_GetError                                  src\lib\STM32F1xx_HAL_Driver\Src\stm32f1xx_hal_adc.o
HAL_ADC_GetState                                  src\lib\STM32F1xx_HAL_Driver\Src\stm32f1xx_hal_adc.o
HAL_ADC_GetValue                                  src\lib\STM32F1xx_HAL_Driver\Src\stm32f1xx_hal_adc.o
HAL_ADC_IRQHandler                                src\lib\STM32F1xx_HAL_Driver\Src\stm32f1xx_hal_adc.o
HAL_ADC_Init                                      src\lib\STM32F1xx_HAL_Driver\Src\stm32f1xx_hal_adc.o
HAL_ADC_LevelOutOfWindowCallback                  src\lib\STM32F1xx_HAL_Driver\Src\stm32f1xx_hal_adc.o
HAL_ADC_MspDeInit                                 src\lib\STM32F1xx_HAL_Driver\Src\stm32f1xx_hal_adc.o
HAL_ADC_MspInit                                   src\lib\STM32F1xx_HAL_Driver\Src\stm32f1xx_hal_adc.o
HAL_ADC_PollForConversion                         src\lib\STM32F1xx_HAL_Driver\Src\stm32f1xx_hal_adc.o
HAL_ADC_PollForEvent                              src\lib\STM32F1xx_HAL_Driver\Src\stm32f1xx_hal_adc.o
HAL_ADC_Start                                     src\lib\STM32F1xx_HAL_Driver\Src\stm32f1xx_hal_adc.o
HAL_ADC_Start_DMA                                 src\lib\STM32F1xx_HAL_Driver\Src\stm32f1xx_hal_adc.o
HAL_ADC_Start_IT                                  src\lib\STM32F1xx_HAL_Driver\Src\stm32f1xx_hal_adc.o
HAL_ADC_Stop                                      src\lib\STM32F1xx_HAL_Driver\Src\stm32f1xx_hal_adc.o
HAL_ADC_Stop_DMA                                  src\lib\STM32F1xx_HAL_Driver\Src\stm32f1xx_hal_adc.o
HAL_ADC_Stop_IT                                   src\lib\STM32F1xx_HAL_Driver\Src\stm32f1xx_hal_adc.o
HAL_CAN_AbortTxRequest                            src\lib\STM32F1xx_HAL_Driver\Src\stm32f1xx_hal_can.o
HAL_CAN_ActivateNotification                      src\lib\STM32F1xx_HAL_Driver\Src\stm32f1xx_hal_can.o
HAL_CAN_AddTxMessage                              src\lib\STM32F1xx_HAL_Driver\Src\stm32f1xx_hal_can.o
HAL_CAN_ConfigFilter                              src\lib\STM32F1xx_HAL_Driver\Src\stm32f1xx_hal_can.o
HAL_CAN_DeInit                                    src\lib\STM32F1xx_HAL_Driver\Src\stm32f1xx_hal_can.o
HAL_CAN_DeactivateNotification                    src\lib\STM32F1xx_HAL_Driver\Src\stm32f1xx_hal_can.o
HAL_CAN_ErrorCallback                             src\lib\STM32F1xx_HAL_Driver\Src\stm32f1xx_hal_can.o
HAL_CAN_GetError                                  src\lib\STM32F1xx_HAL_Driver\Src\stm32f1xx_hal_can.o
HAL_CAN_GetRxFifoFillLevel                        src\lib\STM32F1xx_HAL_Driver\Src\stm32f1xx_hal_can.o
HAL_CAN_GetRxMessage                              src\lib\STM32F1xx_HAL_Driver\Src\stm32f1xx_hal_can.o
HAL_CAN_GetState                                  src\lib\STM32F1xx_HAL_Driver\Src\stm32f1xx_hal_can.o
HAL_CAN_GetTxMailboxesFreeLevel                   src\lib\STM32F1xx_HAL_Driver\Src\stm32f1xx_hal_can.o
HAL_CAN_GetTxTimestamp                            src\lib\STM32F1xx_HAL_Driver\Src\stm32f1xx_hal_can.o
HAL_CAN_IRQHandler                                src\lib\STM32F1xx_HAL_Driver\Src\stm32f1xx_hal_can.o
HAL_CAN_Init                                      src\lib\STM32F1xx_HAL_Driver\Src\stm32f1xx_hal_can.o
HAL_CAN_IsSleepActive                             src\lib\STM32F1xx_HAL_Driver\Src\stm32f1xx_hal_can.o
HAL_CAN_IsTxMessagePending                        src\lib\STM32F1xx_HAL_Driver\Src\stm32f1xx_hal_can.o
HAL_CAN_MspDeInit                                 src\lib\STM32F1xx_HAL_Driver\Src\stm32f1xx_hal_can.o
HAL_CAN_MspInit                                   src\lib\STM32F1xx_HAL_Driver\Src\stm32f1xx_hal_can.o
HAL_CAN_RequestSleep                              src\lib\STM32F1xx_HAL_Driver\Src\stm32f1xx_hal_can.o
HAL_CAN_ResetError                                src\lib\STM32F1xx_HAL_Driver\Src\stm32f1xx_hal_can.o
HAL_CAN_RxFifo0FullCallback                       src\lib\STM32F1xx_HAL_Driver\Src\stm32f1xx_hal_can.o
HAL_CAN_RxFifo0MsgPendingCallback                 src\lib\STM32F1xx_HAL_Driver\Src\stm32f1xx_hal_can.o
HAL_CAN_RxFifo1FullCallback                       src\lib\STM32F1xx_HAL_Driver\Src\stm32f1xx_hal_can.o
HAL_CAN_RxFifo1MsgPendingCallback                 src\lib\STM32F1xx_HAL_Driver\Src\stm32f1xx_hal_can.o
HAL_CAN_SleepCallback                             src\lib\STM32F1xx_HAL_Driver\Src\stm32f1xx_hal_can.o
HAL_CAN_Start                                     src\lib\STM32F1xx_HAL_Driver\Src\stm32f1xx_hal_can.o
HAL_CAN_Stop                                      src\lib\STM32F1xx_HAL_Driver\Src\stm32f1xx_hal_can.o
HAL_CAN_TxMailbox0AbortCallback                   src\lib\STM32F1xx_HAL_Driver\Src\stm32f1xx_hal_can.o
HAL_CAN_TxMailbox0CompleteCallback                src\lib\STM32F1xx_HAL_Driver\Src\stm32f1xx_hal_can.o
HAL_CAN_TxMailbox1AbortCallback                   src\lib\STM32F1xx_HAL_Driver\Src\stm32f1xx_hal_can.o
HAL_CAN_TxMailbox1CompleteCallback                src\lib\STM32F1xx_HAL_Driver\Src\stm32f1xx_hal_can.o
HAL_CAN_TxMailbox2AbortCallback                   src\lib\STM32F1xx_HAL_Driver\Src\stm32f1xx_hal_can.o
HAL_CAN_TxMailbox2CompleteCallback                src\lib\STM32F1xx_HAL_Driver\Src\stm32f1xx_hal_can.o
HAL_CAN_WakeUp                                    src\lib\STM32F1xx_HAL_Driver\Src\stm32f1xx_hal_can.o
HAL_CAN_WakeUpFromRxMsgCallback                   src\lib\STM32F1xx_HAL_Driver\Src\stm32f1xx_hal_can.o
HAL_CRC_Accumulate                                src\lib\STM32F1xx_HAL_Driver\Src\stm32f1xx_hal_crc.o
HAL_CRC_Calculate                                 src\lib\STM32F1xx_HAL_Driver\Src\stm32f1xx_hal_crc.o
HAL_CRC_DeInit                                    src\lib\STM32F1xx_HAL_Driver\Src\stm32f1xx_hal_crc.o
HAL_CRC_GetState                                  src\lib\STM32F1xx_HAL_Driver\Src\stm32f1xx_hal_crc.o
HAL_CRC_Init                                      src\lib\STM32F1xx_HAL_Driver\Src\stm32f1xx_hal_crc.o
HAL_CRC_MspDeInit                                 src\lib\STM32F1xx_HAL_Driver\Src\stm32f1xx_hal_crc.o
HAL_CRC_MspInit                                   src\lib\STM32F1xx_HAL_Driver\Src\stm32f1xx_hal_crc.o
HAL_DBGMCU_DisableDBGSleepMode                    src\lib\STM32F1xx_HAL_Driver\Src\stm32f1xx_hal.o
HAL_DBGMCU_DisableDBGStandbyMode                  src\lib\STM32F1xx_HAL_Driver\Src\stm32f1xx_hal.o
HAL_DBGMCU_DisableDBGStopMode                     src\lib\STM32F1xx_HAL_Driver\Src\stm32f1xx_hal.o
HAL_DBGMCU_EnableDBGSleepMode                     src\lib\STM32F1xx_HAL_Driver\Src\stm32f1xx_hal.o
HAL_DBGMCU_EnableDBGStandbyMode                   src\lib\STM32F1xx_HAL_Driver\Src\stm32f1xx_hal.o
HAL_DBGMCU_EnableDBGStopMode                      src\lib\STM32F1xx_HAL_Driver\Src\stm32f1xx_hal.o
HAL_DMA_Abort                                     src\lib\STM32F1xx_HAL_Driver\Src\stm32f1xx_hal_dma.o
                                                  src\lib\STM32F1xx_HAL_Driver\Src\stm32f1xx_hal_usart.o
                                                  src\lib\STM32F1xx_HAL_Driver\Src\stm32f1xx_hal_uart.o
                                                  src\lib\STM32F1xx_HAL_Driver\Src\stm32f1xx_hal_spi.o
                                                  src\lib\STM32F1xx_HAL_Driver\Src\stm32f1xx_hal_smartcard.o
                                                  src\lib\STM32F1xx_HAL_Driver\Src\stm32f1xx_hal_irda.o
                                                  src\lib\STM32F1xx_HAL_Driver\Src\stm32f1xx_hal_adc_ex.o
                                                  src\lib\STM32F1xx_HAL_Driver\Src\stm32f1xx_hal_adc.o
HAL_DMA_Abort_IT                                  src\lib\STM32F1xx_HAL_Driver\Src\stm32f1xx_hal_dma.o
                                                  src\lib\STM32F1xx_HAL_Driver\Src\stm32f1xx_hal_usart.o
                                                  src\lib\STM32F1xx_HAL_Driver\Src\stm32f1xx_hal_uart.o
                                                  src\lib\STM32F1xx_HAL_Driver\Src\stm32f1xx_hal_tim_ex.o
                                                  src\lib\STM32F1xx_HAL_Driver\Src\stm32f1xx_hal_tim.o
                                                  src\lib\STM32F1xx_HAL_Driver\Src\stm32f1xx_hal_spi.o
                                                  src\lib\STM32F1xx_HAL_Driver\Src\stm32f1xx_hal_smartcard.o
                                                  src\lib\STM32F1xx_HAL_Driver\Src\stm32f1xx_hal_irda.o
                                                  src\lib\STM32F1xx_HAL_Driver\Src\stm32f1xx_hal_i2c.o
HAL_DMA_DeInit                                    src\lib\STM32F1xx_HAL_Driver\Src\stm32f1xx_hal_dma.o
HAL_DMA_GetError                                  src\lib\STM32F1xx_HAL_Driver\Src\stm32f1xx_hal_dma.o
                                                  src\lib\STM32F1xx_HAL_Driver\Src\stm32f1xx_hal_uart.o
HAL_DMA_GetState                                  src\lib\STM32F1xx_HAL_Driver\Src\stm32f1xx_hal_dma.o
                                                  src\lib\STM32F1xx_HAL_Driver\Src\stm32f1xx_hal_i2c.o
HAL_DMA_IRQHandler                                src\lib\STM32F1xx_HAL_Driver\Src\stm32f1xx_hal_dma.o
HAL_DMA_Init                                      src\lib\STM32F1xx_HAL_Driver\Src\stm32f1xx_hal_dma.o
                                                  src\hw\core\uart.o
HAL_DMA_PollForTransfer                           src\lib\STM32F1xx_HAL_Driver\Src\stm32f1xx_hal_dma.o
HAL_DMA_RegisterCallback                          src\lib\STM32F1xx_HAL_Driver\Src\stm32f1xx_hal_dma.o
HAL_DMA_Start                                     src\lib\STM32F1xx_HAL_Driver\Src\stm32f1xx_hal_dma.o
HAL_DMA_Start_IT                                  src\lib\STM32F1xx_HAL_Driver\Src\stm32f1xx_hal_dma.o
                                                  src\lib\STM32F1xx_HAL_Driver\Src\stm32f1xx_hal_usart.o
                                                  src\lib\STM32F1xx_HAL_Driver\Src\stm32f1xx_hal_uart.o
                                                  src\lib\STM32F1xx_HAL_Driver\Src\stm32f1xx_hal_tim_ex.o
                                                  src\lib\STM32F1xx_HAL_Driver\Src\stm32f1xx_hal_tim.o
                                                  src\lib\STM32F1xx_HAL_Driver\Src\stm32f1xx_hal_spi.o
                                                  src\lib\STM32F1xx_HAL_Driver\Src\stm32f1xx_hal_smartcard.o
                                                  src\lib\STM32F1xx_HAL_Driver\Src\stm32f1xx_hal_irda.o
                                                  src\lib\STM32F1xx_HAL_Driver\Src\stm32f1xx_hal_i2c.o
                                                  src\lib\STM32F1xx_HAL_Driver\Src\stm32f1xx_hal_adc_ex.o
                                                  src\lib\STM32F1xx_HAL_Driver\Src\stm32f1xx_hal_adc.o
HAL_DMA_UnRegisterCallback                        src\lib\STM32F1xx_HAL_Driver\Src\stm32f1xx_hal_dma.o
HAL_DeInit                                        src\lib\STM32F1xx_HAL_Driver\Src\stm32f1xx_hal.o
                                                  src\bsp\bsp.o
HAL_Delay                                         src\lib\STM32F1xx_HAL_Driver\Src\stm32f1xx_hal.o
                                                  src\hw\hw.o
HAL_EXTI_ClearConfigLine                          src\lib\STM32F1xx_HAL_Driver\Src\stm32f1xx_hal_exti.o
HAL_EXTI_ClearPending                             src\lib\STM32F1xx_HAL_Driver\Src\stm32f1xx_hal_exti.o
HAL_EXTI_GenerateSWI                              src\lib\STM32F1xx_HAL_Driver\Src\stm32f1xx_hal_exti.o
HAL_EXTI_GetConfigLine                            src\lib\STM32F1xx_HAL_Driver\Src\stm32f1xx_hal_exti.o
HAL_EXTI_GetHandle                                src\lib\STM32F1xx_HAL_Driver\Src\stm32f1xx_hal_exti.o
HAL_EXTI_GetPending                               src\lib\STM32F1xx_HAL_Driver\Src\stm32f1xx_hal_exti.o
HAL_EXTI_IRQHandler                               src\lib\STM32F1xx_HAL_Driver\Src\stm32f1xx_hal_exti.o
HAL_EXTI_RegisterCallback                         src\lib\STM32F1xx_HAL_Driver\Src\stm32f1xx_hal_exti.o
HAL_EXTI_SetConfigLine                            src\lib\STM32F1xx_HAL_Driver\Src\stm32f1xx_hal_exti.o
HAL_FLASHEx_Erase                                 src\lib\STM32F1xx_HAL_Driver\Src\stm32f1xx_hal_flash_ex.o
                                                  src\hw\core\flash.o
                                                  src\hw\core\eeprom.o
HAL_FLASHEx_Erase_IT                              src\lib\STM32F1xx_HAL_Driver\Src\stm32f1xx_hal_flash_ex.o
HAL_FLASHEx_OBErase                               src\lib\STM32F1xx_HAL_Driver\Src\stm32f1xx_hal_flash_ex.o
HAL_FLASHEx_OBGetConfig                           src\lib\STM32F1xx_HAL_Driver\Src\stm32f1xx_hal_flash_ex.o
HAL_FLASHEx_OBGetUserData                         src\lib\STM32F1xx_HAL_Driver\Src\stm32f1xx_hal_flash_ex.o
HAL_FLASHEx_OBProgram                             src\lib\STM32F1xx_HAL_Driver\Src\stm32f1xx_hal_flash_ex.o
HAL_FLASH_EndOfOperationCallback                  src\lib\STM32F1xx_HAL_Driver\Src\stm32f1xx_hal_flash.o
HAL_FLASH_GetError                                src\lib\STM32F1xx_HAL_Driver\Src\stm32f1xx_hal_flash.o
HAL_FLASH_IRQHandler                              src\lib\STM32F1xx_HAL_Driver\Src\stm32f1xx_hal_flash.o
HAL_FLASH_Lock                                    src\lib\STM32F1xx_HAL_Driver\Src\stm32f1xx_hal_flash.o
                                                  src\hw\core\flash.o
HAL_FLASH_OB_Launch                               src\lib\STM32F1xx_HAL_Driver\Src\stm32f1xx_hal_flash.o
HAL_FLASH_OB_Lock                                 src\lib\STM32F1xx_HAL_Driver\Src\stm32f1xx_hal_flash.o
HAL_FLASH_OB_Unlock                               src\lib\STM32F1xx_HAL_Driver\Src\stm32f1xx_hal_flash.o
HAL_FLASH_OperationErrorCallback                  src\lib\STM32F1xx_HAL_Driver\Src\stm32f1xx_hal_flash.o
HAL_FLASH_Program                                 src\lib\STM32F1xx_HAL_Driver\Src\stm32f1xx_hal_flash.o
                                                  src\hw\core\flash.o
                                                  src\hw\core\eeprom.o
HAL_FLASH_Program_IT                              src\lib\STM32F1xx_HAL_Driver\Src\stm32f1xx_hal_flash.o
HAL_FLASH_Unlock                                  src\lib\STM32F1xx_HAL_Driver\Src\stm32f1xx_hal_flash.o
                                                  src\hw\core\flash.o
                                                  src\hw\core\eeprom.o
HAL_GPIOEx_ConfigEventout                         src\lib\STM32F1xx_HAL_Driver\Src\stm32f1xx_hal_gpio_ex.o
HAL_GPIOEx_DisableEventout                        src\lib\STM32F1xx_HAL_Driver\Src\stm32f1xx_hal_gpio_ex.o
HAL_GPIOEx_EnableEventout                         src\lib\STM32F1xx_HAL_Driver\Src\stm32f1xx_hal_gpio_ex.o
HAL_GPIO_DeInit                                   src\lib\STM32F1xx_HAL_Driver\Src\stm32f1xx_hal_gpio.o
                                                  src\hw\core\uart.o
HAL_GPIO_EXTI_Callback                            src\lib\STM32F1xx_HAL_Driver\Src\stm32f1xx_hal_gpio.o
HAL_GPIO_EXTI_IRQHandler                          src\lib\STM32F1xx_HAL_Driver\Src\stm32f1xx_hal_gpio.o
HAL_GPIO_Init                                     src\lib\STM32F1xx_HAL_Driver\Src\stm32f1xx_hal_gpio.o
                                                  src\lib\STM32F1xx_HAL_Driver\Src\stm32f1xx_hal_rcc.o
                                                  src\hw\core\uart.o
                                                  src\hw\core\led.o
                                                  src\hw\core\button.o
HAL_GPIO_LockPin                                  src\lib\STM32F1xx_HAL_Driver\Src\stm32f1xx_hal_gpio.o
HAL_GPIO_ReadPin                                  src\lib\STM32F1xx_HAL_Driver\Src\stm32f1xx_hal_gpio.o
                                                  src\hw\core\button.o
HAL_GPIO_TogglePin                                src\lib\STM32F1xx_HAL_Driver\Src\stm32f1xx_hal_gpio.o
                                                  src\hw\core\led.o
HAL_GPIO_WritePin                                 src\lib\STM32F1xx_HAL_Driver\Src\stm32f1xx_hal_gpio.o
                                                  src\hw\core\led.o
HAL_GetDEVID                                      src\lib\STM32F1xx_HAL_Driver\Src\stm32f1xx_hal.o
HAL_GetHalVersion                                 src\lib\STM32F1xx_HAL_Driver\Src\stm32f1xx_hal.o
HAL_GetREVID                                      src\lib\STM32F1xx_HAL_Driver\Src\stm32f1xx_hal.o
HAL_GetTick                                       src\lib\STM32F1xx_HAL_Driver\Src\stm32f1xx_hal.o
                                                  src\lib\STM32F1xx_HAL_Driver\Src\stm32f1xx_hal_usart.o
                                                  src\lib\STM32F1xx_HAL_Driver\Src\stm32f1xx_hal_uart.o
                                                  src\lib\STM32F1xx_HAL_Driver\Src\stm32f1xx_hal_spi.o
                                                  src\lib\STM32F1xx_HAL_Driver\Src\stm32f1xx_hal_smartcard.o
                                                  src\lib\STM32F1xx_HAL_Driver\Src\stm32f1xx_hal_rtc_ex.o
                                                  src\lib\STM32F1xx_HAL_Driver\Src\stm32f1xx_hal_rtc.o
                                                  src\lib\STM32F1xx_HAL_Driver\Src\stm32f1xx_hal_rcc_ex.o
                                                  src\lib\STM32F1xx_HAL_Driver\Src\stm32f1xx_hal_rcc.o
                                                  src\lib\STM32F1xx_HAL_Driver\Src\stm32f1xx_hal_iwdg.o
                                                  src\lib\STM32F1xx_HAL_Driver\Src\stm32f1xx_hal_irda.o
                                                  src\lib\STM32F1xx_HAL_Driver\Src\stm32f1xx_hal_i2c.o
                                                  src\lib\STM32F1xx_HAL_Driver\Src\stm32f1xx_hal_flash.o
                                                  src\lib\STM32F1xx_HAL_Driver\Src\stm32f1xx_hal_dma.o
                                                  src\lib\STM32F1xx_HAL_Driver\Src\stm32f1xx_hal_can.o
                                                  src\lib\STM32F1xx_HAL_Driver\Src\stm32f1xx_hal_adc_ex.o
                                                  src\lib\STM32F1xx_HAL_Driver\Src\stm32f1xx_hal_adc.o
                                                  src\hw\hw.o
HAL_GetTickFreq                                   src\lib\STM32F1xx_HAL_Driver\Src\stm32f1xx_hal.o
HAL_GetTickPrio                                   src\lib\STM32F1xx_HAL_Driver\Src\stm32f1xx_hal.o
HAL_GetUIDw0                                      src\lib\STM32F1xx_HAL_Driver\Src\stm32f1xx_hal.o
HAL_GetUIDw1                                      src\lib\STM32F1xx_HAL_Driver\Src\stm32f1xx_hal.o
HAL_GetUIDw2                                      src\lib\STM32F1xx_HAL_Driver\Src\stm32f1xx_hal.o
HAL_HalfDuplex_EnableReceiver                     src\lib\STM32F1xx_HAL_Driver\Src\stm32f1xx_hal_uart.o
HAL_HalfDuplex_EnableTransmitter                  src\lib\STM32F1xx_HAL_Driver\Src\stm32f1xx_hal_uart.o
HAL_HalfDuplex_Init                               src\lib\STM32F1xx_HAL_Driver\Src\stm32f1xx_hal_uart.o
HAL_I2C_AbortCpltCallback                         src\lib\STM32F1xx_HAL_Driver\Src\stm32f1xx_hal_i2c.o
HAL_I2C_AddrCallback                              src\lib\STM32F1xx_HAL_Driver\Src\stm32f1xx_hal_i2c.o
HAL_I2C_DeInit                                    src\lib\STM32F1xx_HAL_Driver\Src\stm32f1xx_hal_i2c.o
HAL_I2C_DisableListen_IT                          src\lib\STM32F1xx_HAL_Driver\Src\stm32f1xx_hal_i2c.o
HAL_I2C_ER_IRQHandler                             src\lib\STM32F1xx_HAL_Driver\Src\stm32f1xx_hal_i2c.o
HAL_I2C_EV_IRQHandler                             src\lib\STM32F1xx_HAL_Driver\Src\stm32f1xx_hal_i2c.o
HAL_I2C_EnableListen_IT                           src\lib\STM32F1xx_HAL_Driver\Src\stm32f1xx_hal_i2c.o
HAL_I2C_ErrorCallback                             src\lib\STM32F1xx_HAL_Driver\Src\stm32f1xx_hal_i2c.o
HAL_I2C_GetError                                  src\lib\STM32F1xx_HAL_Driver\Src\stm32f1xx_hal_i2c.o
HAL_I2C_GetMode                                   src\lib\STM32F1xx_HAL_Driver\Src\stm32f1xx_hal_i2c.o
HAL_I2C_GetState                                  src\lib\STM32F1xx_HAL_Driver\Src\stm32f1xx_hal_i2c.o
HAL_I2C_Init                                      src\lib\STM32F1xx_HAL_Driver\Src\stm32f1xx_hal_i2c.o
HAL_I2C_IsDeviceReady                             src\lib\STM32F1xx_HAL_Driver\Src\stm32f1xx_hal_i2c.o
HAL_I2C_ListenCpltCallback                        src\lib\STM32F1xx_HAL_Driver\Src\stm32f1xx_hal_i2c.o
HAL_I2C_MasterRxCpltCallback                      src\lib\STM32F1xx_HAL_Driver\Src\stm32f1xx_hal_i2c.o
HAL_I2C_MasterTxCpltCallback                      src\lib\STM32F1xx_HAL_Driver\Src\stm32f1xx_hal_i2c.o
HAL_I2C_Master_Abort_IT                           src\lib\STM32F1xx_HAL_Driver\Src\stm32f1xx_hal_i2c.o
HAL_I2C_Master_Receive                            src\lib\STM32F1xx_HAL_Driver\Src\stm32f1xx_hal_i2c.o
HAL_I2C_Master_Receive_DMA                        src\lib\STM32F1xx_HAL_Driver\Src\stm32f1xx_hal_i2c.o
HAL_I2C_Master_Receive_IT                         src\lib\STM32F1xx_HAL_Driver\Src\stm32f1xx_hal_i2c.o
HAL_I2C_Master_Seq_Receive_DMA                    src\lib\STM32F1xx_HAL_Driver\Src\stm32f1xx_hal_i2c.o
HAL_I2C_Master_Seq_Receive_IT                     src\lib\STM32F1xx_HAL_Driver\Src\stm32f1xx_hal_i2c.o
HAL_I2C_Master_Seq_Transmit_DMA                   src\lib\STM32F1xx_HAL_Driver\Src\stm32f1xx_hal_i2c.o
HAL_I2C_Master_Seq_Transmit_IT                    src\lib\STM32F1xx_HAL_Driver\Src\stm32f1xx_hal_i2c.o
HAL_I2C_Master_Transmit                           src\lib\STM32F1xx_HAL_Driver\Src\stm32f1xx_hal_i2c.o
HAL_I2C_Master_Transmit_DMA                       src\lib\STM32F1xx_HAL_Driver\Src\stm32f1xx_hal_i2c.o
HAL_I2C_Master_Transmit_IT                        src\lib\STM32F1xx_HAL_Driver\Src\stm32f1xx_hal_i2c.o
HAL_I2C_MemRxCpltCallback                         src\lib\STM32F1xx_HAL_Driver\Src\stm32f1xx_hal_i2c.o
HAL_I2C_MemTxCpltCallback                         src\lib\STM32F1xx_HAL_Driver\Src\stm32f1xx_hal_i2c.o
HAL_I2C_Mem_Read                                  src\lib\STM32F1xx_HAL_Driver\Src\stm32f1xx_hal_i2c.o
HAL_I2C_Mem_Read_DMA                              src\lib\STM32F1xx_HAL_Driver\Src\stm32f1xx_hal_i2c.o
HAL_I2C_Mem_Read_IT                               src\lib\STM32F1xx_HAL_Driver\Src\stm32f1xx_hal_i2c.o
HAL_I2C_Mem_Write                                 src\lib\STM32F1xx_HAL_Driver\Src\stm32f1xx_hal_i2c.o
HAL_I2C_Mem_Write_DMA                             src\lib\STM32F1xx_HAL_Driver\Src\stm32f1xx_hal_i2c.o
HAL_I2C_Mem_Write_IT                              src\lib\STM32F1xx_HAL_Driver\Src\stm32f1xx_hal_i2c.o
HAL_I2C_MspDeInit                                 src\lib\STM32F1xx_HAL_Driver\Src\stm32f1xx_hal_i2c.o
HAL_I2C_MspInit                                   src\lib\STM32F1xx_HAL_Driver\Src\stm32f1xx_hal_i2c.o
HAL_I2C_SlaveRxCpltCallback                       src\lib\STM32F1xx_HAL_Driver\Src\stm32f1xx_hal_i2c.o
HAL_I2C_SlaveTxCpltCallback                       src\lib\STM32F1xx_HAL_Driver\Src\stm32f1xx_hal_i2c.o
HAL_I2C_Slave_Receive                             src\lib\STM32F1xx_HAL_Driver\Src\stm32f1xx_hal_i2c.o
HAL_I2C_Slave_Receive_DMA                         src\lib\STM32F1xx_HAL_Driver\Src\stm32f1xx_hal_i2c.o
HAL_I2C_Slave_Receive_IT                          src\lib\STM32F1xx_HAL_Driver\Src\stm32f1xx_hal_i2c.o
HAL_I2C_Slave_Seq_Receive_DMA                     src\lib\STM32F1xx_HAL_Driver\Src\stm32f1xx_hal_i2c.o
HAL_I2C_Slave_Seq_Receive_IT                      src\lib\STM32F1xx_HAL_Driver\Src\stm32f1xx_hal_i2c.o
HAL_I2C_Slave_Seq_Transmit_DMA                    src\lib\STM32F1xx_HAL_Driver\Src\stm32f1xx_hal_i2c.o
HAL_I2C_Slave_Seq_Transmit_IT                     src\lib\STM32F1xx_HAL_Driver\Src\stm32f1xx_hal_i2c.o
HAL_I2C_Slave_Transmit                            src\lib\STM32F1xx_HAL_Driver\Src\stm32f1xx_hal_i2c.o
HAL_I2C_Slave_Transmit_DMA                        src\lib\STM32F1xx_HAL_Driver\Src\stm32f1xx_hal_i2c.o
HAL_I2C_Slave_Transmit_IT                         src\lib\STM32F1xx_HAL_Driver\Src\stm32f1xx_hal_i2c.o
HAL_IRDA_Abort                                    src\lib\STM32F1xx_HAL_Driver\Src\stm32f1xx_hal_irda.o
HAL_IRDA_AbortCpltCallback                        src\lib\STM32F1xx_HAL_Driver\Src\stm32f1xx_hal_irda.o
HAL_IRDA_AbortReceive                             src\lib\STM32F1xx_HAL_Driver\Src\stm32f1xx_hal_irda.o
HAL_IRDA_AbortReceiveCpltCallback                 src\lib\STM32F1xx_HAL_Driver\Src\stm32f1xx_hal_irda.o
HAL_IRDA_AbortReceive_IT                          src\lib\STM32F1xx_HAL_Driver\Src\stm32f1xx_hal_irda.o
HAL_IRDA_AbortTransmit                            src\lib\STM32F1xx_HAL_Driver\Src\stm32f1xx_hal_irda.o
HAL_IRDA_AbortTransmitCpltCallback                src\lib\STM32F1xx_HAL_Driver\Src\stm32f1xx_hal_irda.o
HAL_IRDA_AbortTransmit_IT                         src\lib\STM32F1xx_HAL_Driver\Src\stm32f1xx_hal_irda.o
HAL_IRDA_Abort_IT                                 src\lib\STM32F1xx_HAL_Driver\Src\stm32f1xx_hal_irda.o
HAL_IRDA_DMAPause                                 src\lib\STM32F1xx_HAL_Driver\Src\stm32f1xx_hal_irda.o
HAL_IRDA_DMAResume                                src\lib\STM32F1xx_HAL_Driver\Src\stm32f1xx_hal_irda.o
HAL_IRDA_DMAStop                                  src\lib\STM32F1xx_HAL_Driver\Src\stm32f1xx_hal_irda.o
HAL_IRDA_DeInit                                   src\lib\STM32F1xx_HAL_Driver\Src\stm32f1xx_hal_irda.o
HAL_IRDA_ErrorCallback                            src\lib\STM32F1xx_HAL_Driver\Src\stm32f1xx_hal_irda.o
HAL_IRDA_GetError                                 src\lib\STM32F1xx_HAL_Driver\Src\stm32f1xx_hal_irda.o
HAL_IRDA_GetState                                 src\lib\STM32F1xx_HAL_Driver\Src\stm32f1xx_hal_irda.o
HAL_IRDA_IRQHandler                               src\lib\STM32F1xx_HAL_Driver\Src\stm32f1xx_hal_irda.o
HAL_IRDA_Init                                     src\lib\STM32F1xx_HAL_Driver\Src\stm32f1xx_hal_irda.o
HAL_IRDA_MspDeInit                                src\lib\STM32F1xx_HAL_Driver\Src\stm32f1xx_hal_irda.o
HAL_IRDA_MspInit                                  src\lib\STM32F1xx_HAL_Driver\Src\stm32f1xx_hal_irda.o
HAL_IRDA_Receive                                  src\lib\STM32F1xx_HAL_Driver\Src\stm32f1xx_hal_irda.o
HAL_IRDA_Receive_DMA                              src\lib\STM32F1xx_HAL_Driver\Src\stm32f1xx_hal_irda.o
HAL_IRDA_Receive_IT                               src\lib\STM32F1xx_HAL_Driver\Src\stm32f1xx_hal_irda.o
HAL_IRDA_RxCpltCallback                           src\lib\STM32F1xx_HAL_Driver\Src\stm32f1xx_hal_irda.o
HAL_IRDA_RxHalfCpltCallback                       src\lib\STM32F1xx_HAL_Driver\Src\stm32f1xx_hal_irda.o
HAL_IRDA_Transmit                                 src\lib\STM32F1xx_HAL_Driver\Src\stm32f1xx_hal_irda.o
HAL_IRDA_Transmit_DMA                             src\lib\STM32F1xx_HAL_Driver\Src\stm32f1xx_hal_irda.o
HAL_IRDA_Transmit_IT                              src\lib\STM32F1xx_HAL_Driver\Src\stm32f1xx_hal_irda.o
HAL_IRDA_TxCpltCallback                           src\lib\STM32F1xx_HAL_Driver\Src\stm32f1xx_hal_irda.o
HAL_IRDA_TxHalfCpltCallback                       src\lib\STM32F1xx_HAL_Driver\Src\stm32f1xx_hal_irda.o
HAL_IWDG_Init                                     src\lib\STM32F1xx_HAL_Driver\Src\stm32f1xx_hal_iwdg.o
HAL_IWDG_Refresh                                  src\lib\STM32F1xx_HAL_Driver\Src\stm32f1xx_hal_iwdg.o
HAL_IncTick                                       src\lib\STM32F1xx_HAL_Driver\Src\stm32f1xx_hal.o
                                                  src\bsp\stm32f1xx_it.o
HAL_Init                                          src\lib\STM32F1xx_HAL_Driver\Src\stm32f1xx_hal.o
                                                  src\bsp\bsp.o
HAL_InitTick                                      src\lib\STM32F1xx_HAL_Driver\Src\stm32f1xx_hal.o
                                                  src\lib\STM32F1xx_HAL_Driver\Src\stm32f1xx_hal_rcc.o
HAL_LIN_Init                                      src\lib\STM32F1xx_HAL_Driver\Src\stm32f1xx_hal_uart.o
HAL_LIN_SendBreak                                 src\lib\STM32F1xx_HAL_Driver\Src\stm32f1xx_hal_uart.o
HAL_MspDeInit                                     src\lib\STM32F1xx_HAL_Driver\Src\stm32f1xx_hal.o
HAL_MspInit                                       src\lib\STM32F1xx_HAL_Driver\Src\stm32f1xx_hal.o
HAL_MultiProcessor_EnterMuteMode                  src\lib\STM32F1xx_HAL_Driver\Src\stm32f1xx_hal_uart.o
HAL_MultiProcessor_ExitMuteMode                   src\lib\STM32F1xx_HAL_Driver\Src\stm32f1xx_hal_uart.o
HAL_MultiProcessor_Init                           src\lib\STM32F1xx_HAL_Driver\Src\stm32f1xx_hal_uart.o
HAL_NVIC_ClearPendingIRQ                          src\lib\STM32F1xx_HAL_Driver\Src\stm32f1xx_hal_cortex.o
HAL_NVIC_DisableIRQ                               src\lib\STM32F1xx_HAL_Driver\Src\stm32f1xx_hal_cortex.o
                                                  src\hw\core\uart.o
HAL_NVIC_EnableIRQ                                src\lib\STM32F1xx_HAL_Driver\Src\stm32f1xx_hal_cortex.o
                                                  src\hw\core\uart.o
HAL_NVIC_GetActive                                src\lib\STM32F1xx_HAL_Driver\Src\stm32f1xx_hal_cortex.o
HAL_NVIC_GetPendingIRQ                            src\lib\STM32F1xx_HAL_Driver\Src\stm32f1xx_hal_cortex.o
HAL_NVIC_GetPriority                              src\lib\STM32F1xx_HAL_Driver\Src\stm32f1xx_hal_cortex.o
HAL_NVIC_GetPriorityGrouping                      src\lib\STM32F1xx_HAL_Driver\Src\stm32f1xx_hal_cortex.o
HAL_NVIC_SetPendingIRQ                            src\lib\STM32F1xx_HAL_Driver\Src\stm32f1xx_hal_cortex.o
HAL_NVIC_SetPriority                              src\lib\STM32F1xx_HAL_Driver\Src\stm32f1xx_hal_cortex.o
                                                  src\lib\STM32F1xx_HAL_Driver\Src\stm32f1xx_hal.o
                                                  src\hw\core\uart.o
HAL_NVIC_SetPriorityGrouping                      src\lib\STM32F1xx_HAL_Driver\Src\stm32f1xx_hal_cortex.o
                                                  src\lib\STM32F1xx_HAL_Driver\Src\stm32f1xx_hal.o
HAL_NVIC_SystemReset                              src\lib\STM32F1xx_HAL_Driver\Src\stm32f1xx_hal_cortex.o
                                                  src\lib\STM32F1xx_HAL_Driver\Src\stm32f1xx_hal_flash.o
HAL_PCDEx_BCD_Callback                            src\lib\STM32F1xx_HAL_Driver\Src\stm32f1xx_hal_pcd_ex.o
HAL_PCDEx_LPM_Callback                            src\lib\STM32F1xx_HAL_Driver\Src\stm32f1xx_hal_pcd_ex.o
HAL_PCDEx_PMAConfig                               src\lib\STM32F1xx_HAL_Driver\Src\stm32f1xx_hal_pcd_ex.o
HAL_PCDEx_SetConnectionState                      src\lib\STM32F1xx_HAL_Driver\Src\stm32f1xx_hal_pcd_ex.o
                                                  src\lib\STM32F1xx_HAL_Driver\Src\stm32f1xx_hal_pcd.o
HAL_PCD_ActivateRemoteWakeup                      src\lib\STM32F1xx_HAL_Driver\Src\stm32f1xx_hal_pcd.o
HAL_PCD_ConnectCallback                           src\lib\STM32F1xx_HAL_Driver\Src\stm32f1xx_hal_pcd.o
HAL_PCD_DataInStageCallback                       src\lib\STM32F1xx_HAL_Driver\Src\stm32f1xx_hal_pcd.o
HAL_PCD_DataOutStageCallback                      src\lib\STM32F1xx_HAL_Driver\Src\stm32f1xx_hal_pcd.o
HAL_PCD_DeActivateRemoteWakeup                    src\lib\STM32F1xx_HAL_Driver\Src\stm32f1xx_hal_pcd.o
HAL_PCD_DeInit                                    src\lib\STM32F1xx_HAL_Driver\Src\stm32f1xx_hal_pcd.o
HAL_PCD_DevConnect                                src\lib\STM32F1xx_HAL_Driver\Src\stm32f1xx_hal_pcd.o
HAL_PCD_DevDisconnect                             src\lib\STM32F1xx_HAL_Driver\Src\stm32f1xx_hal_pcd.o
HAL_PCD_DisconnectCallback                        src\lib\STM32F1xx_HAL_Driver\Src\stm32f1xx_hal_pcd.o
HAL_PCD_EP_Close                                  src\lib\STM32F1xx_HAL_Driver\Src\stm32f1xx_hal_pcd.o
HAL_PCD_EP_ClrStall                               src\lib\STM32F1xx_HAL_Driver\Src\stm32f1xx_hal_pcd.o
HAL_PCD_EP_Flush                                  src\lib\STM32F1xx_HAL_Driver\Src\stm32f1xx_hal_pcd.o
HAL_PCD_EP_GetRxCount                             src\lib\STM32F1xx_HAL_Driver\Src\stm32f1xx_hal_pcd.o
HAL_PCD_EP_Open                                   src\lib\STM32F1xx_HAL_Driver\Src\stm32f1xx_hal_pcd.o
HAL_PCD_EP_Receive                                src\lib\STM32F1xx_HAL_Driver\Src\stm32f1xx_hal_pcd.o
HAL_PCD_EP_SetStall                               src\lib\STM32F1xx_HAL_Driver\Src\stm32f1xx_hal_pcd.o
HAL_PCD_EP_Transmit                               src\lib\STM32F1xx_HAL_Driver\Src\stm32f1xx_hal_pcd.o
HAL_PCD_GetState                                  src\lib\STM32F1xx_HAL_Driver\Src\stm32f1xx_hal_pcd.o
HAL_PCD_IRQHandler                                src\lib\STM32F1xx_HAL_Driver\Src\stm32f1xx_hal_pcd.o
HAL_PCD_ISOINIncompleteCallback                   src\lib\STM32F1xx_HAL_Driver\Src\stm32f1xx_hal_pcd.o
HAL_PCD_ISOOUTIncompleteCallback                  src\lib\STM32F1xx_HAL_Driver\Src\stm32f1xx_hal_pcd.o
HAL_PCD_Init                                      src\lib\STM32F1xx_HAL_Driver\Src\stm32f1xx_hal_pcd.o
HAL_PCD_MspDeInit                                 src\lib\STM32F1xx_HAL_Driver\Src\stm32f1xx_hal_pcd.o
HAL_PCD_MspInit                                   src\lib\STM32F1xx_HAL_Driver\Src\stm32f1xx_hal_pcd.o
HAL_PCD_ResetCallback                             src\lib\STM32F1xx_HAL_Driver\Src\stm32f1xx_hal_pcd.o
HAL_PCD_ResumeCallback                            src\lib\STM32F1xx_HAL_Driver\Src\stm32f1xx_hal_pcd.o
HAL_PCD_SOFCallback                               src\lib\STM32F1xx_HAL_Driver\Src\stm32f1xx_hal_pcd.o
HAL_PCD_SetAddress                                src\lib\STM32F1xx_HAL_Driver\Src\stm32f1xx_hal_pcd.o
HAL_PCD_SetupStageCallback                        src\lib\STM32F1xx_HAL_Driver\Src\stm32f1xx_hal_pcd.o
HAL_PCD_Start                                     src\lib\STM32F1xx_HAL_Driver\Src\stm32f1xx_hal_pcd.o
HAL_PCD_Stop                                      src\lib\STM32F1xx_HAL_Driver\Src\stm32f1xx_hal_pcd.o
HAL_PCD_SuspendCallback                           src\lib\STM32F1xx_HAL_Driver\Src\stm32f1xx_hal_pcd.o