Archive member included to satisfy reference by file (symbol)

c:/program files (x86)/atollic/truestudio for stm32 9.3.0/armtools/bin/../lib/gcc/arm-atollic-eabi/6.3.1/../../../../arm-atollic-eabi/lib/armv7-m\libc_nano.a(lib_a-init.o)
                              src\bsp\startup\startup_stm32f103xb.o (__libc_init_array)
c:/program files (x86)/atollic/truestudio for stm32 9.3.0/armtools/bin/../lib/gcc/arm-atollic-eabi/6.3.1/../../../../arm-atollic-eabi/lib/armv7-m\libc_nano.a(lib_a-memset.o)
                              src\bsp\bsp.o (memset)
c:/program files (x86)/atollic/truestudio for stm32 9.3.0/armtools/bin/../lib/gcc/arm-atollic-eabi/6.3.1/../../../../arm-atollic-eabi/lib/armv7-m\libc_nano.a(lib_a-vsnprintf.o)
                              src\hw\core\uart.o (vsnprintf)
c:/program files (x86)/atollic/truestudio for stm32 9.3.0/armtools/bin/../lib/gcc/arm-atollic-eabi/6.3.1/../../../../arm-atollic-eabi/lib/armv7-m\libc_nano.a(lib_a-impure.o)
                              c:/program files (x86)/atollic/truestudio for stm32 9.3.0/armtools/bin/../lib/gcc/arm-atollic-eabi/6.3.1/../../../../arm-atollic-eabi/lib/armv7-m\libc_nano.a(lib_a-vsnprintf.o) (_impure_ptr)
c:/program files (x86)/atollic/truestudio for stm32 9.3.0/armtools/bin/../lib/gcc/arm-atollic-eabi/6.3.1/../../../../arm-atollic-eabi/lib/armv7-m\libc_nano.a(lib_a-nano-svfprintf.o)
                              c:/program files (x86)/atollic/truestudio for stm32 9.3.0/armtools/bin/../lib/gcc/arm-atollic-eabi/6.3.1/../../../../arm-atollic-eabi/lib/armv7-m\libc_nano.a(lib_a-vsnprintf.o) (_svfprintf_r)
c:/program files (x86)/atollic/truestudio for stm32 9.3.0/armtools/bin/../lib/gcc/arm-atollic-eabi/6.3.1/../../../../arm-atollic-eabi/lib/armv7-m\libc_nano.a(lib_a-nano-vfprintf_i.o)
                              c:/program files (x86)/atollic/truestudio for stm32 9.3.0/armtools/bin/../lib/gcc/arm-atollic-eabi/6.3.1/../../../../arm-atollic-eabi/lib/armv7-m\libc_nano.a(lib_a-nano-svfprintf.o) (_printf_i)
c:/program files (x86)/atollic/truestudio for stm32 9.3.0/armtools/bin/../lib/gcc/arm-atollic-eabi/6.3.1/../../../../arm-atollic-eabi/lib/armv7-m\libc_nano.a(lib_a-memchr-stub.o)
                              c:/program files (x86)/atollic/truestudio for stm32 9.3.0/armtools/bin/../lib/gcc/arm-atollic-eabi/6.3.1/../../../../arm-atollic-eabi/lib/armv7-m\libc_nano.a(lib_a-nano-svfprintf.o) (memchr)
c:/program files (x86)/atollic/truestudio for stm32 9.3.0/armtools/bin/../lib/gcc/arm-atollic-eabi/6.3.1/../../../../arm-atollic-eabi/lib/armv7-m\libc_nano.a(lib_a-memcpy-stub.o)
                              c:/program files (x86)/atollic/truestudio for stm32 9.3.0/armtools/bin/../lib/gcc/arm-atollic-eabi/6.3.1/../../../../arm-atollic-eabi/lib/armv7-m\libc_nano.a(lib_a-nano-svfprintf.o) (memcpy)
c:/program files (x86)/atollic/truestudio for stm32 9.3.0/armtools/bin/../lib/gcc/arm-atollic-eabi/6.3.1/../../../../arm-atollic-eabi/lib/armv7-m\libc_nano.a(lib_a-memmove.o)
                              c:/program files (x86)/atollic/truestudio for stm32 9.3.0/armtools/bin/../lib/gcc/arm-atollic-eabi/6.3.1/../../../../arm-atollic-eabi/lib/armv7-m\libc_nano.a(lib_a-nano-svfprintf.o) (memmove)
c:/program files (x86)/atollic/truestudio for stm32 9.3.0/armtools/bin/../lib/gcc/arm-atollic-eabi/6.3.1/../../../../arm-atollic-eabi/lib/armv7-m\libc_nano.a(lib_a-nano-freer.o)
                              c:/program files (x86)/atollic/truestudio for stm32 9.3.0/armtools/bin/../lib/gcc/arm-atollic-eabi/6.3.1/../../../../arm-atollic-eabi/lib/armv7-m\libc_nano.a(lib_a-nano-svfprintf.o) (_free_r)
c:/program files (x86)/atollic/truestudio for stm32 9.3.0/armtools/bin/../lib/gcc/arm-atollic-eabi/6.3.1/../../../../arm-atollic-eabi/lib/armv7-m\libc_nano.a(lib_a-nano-mallocr.o)
                              c:/program files (x86)/atollic/truestudio for stm32 9.3.0/armtools/bin/../lib/gcc/arm-atollic-eabi/6.3.1/../../../../arm-atollic-eabi/lib/armv7-m\libc_nano.a(lib_a-nano-svfprintf.o) (_malloc_r)
c:/program files (x86)/atollic/truestudio for stm32 9.3.0/armtools/bin/../lib/gcc/arm-atollic-eabi/6.3.1/../../../../arm-atollic-eabi/lib/armv7-m\libc_nano.a(lib_a-nano-reallocr.o)
                              c:/program files (x86)/atollic/truestudio for stm32 9.3.0/armtools/bin/../lib/gcc/arm-atollic-eabi/6.3.1/../../../../arm-atollic-eabi/lib/armv7-m\libc_nano.a(lib_a-nano-svfprintf.o) (_realloc_r)
c:/program files (x86)/atollic/truestudio for stm32 9.3.0/armtools/bin/../lib/gcc/arm-atollic-eabi/6.3.1/../../../../arm-atollic-eabi/lib/armv7-m\libc_nano.a(lib_a-sbrkr.o)
                              c:/program files (x86)/atollic/truestudio for stm32 9.3.0/armtools/bin/../lib/gcc/arm-atollic-eabi/6.3.1/../../../../arm-atollic-eabi/lib/armv7-m\libc_nano.a(lib_a-nano-mallocr.o) (_sbrk_r)
c:/program files (x86)/atollic/truestudio for stm32 9.3.0/armtools/bin/../lib/gcc/arm-atollic-eabi/6.3.1/../../../../arm-atollic-eabi/lib/armv7-m\libc_nano.a(lib_a-mlock.o)
[...]
Memory Configuration

Name             Origin             Length             Attributes
FLASH            0x08000000         0x00020000         xr
RAM              0x20000000         0x00005000         xrw
*default*        0x00000000         0xffffffff

Linker script and memory map

LOAD c:/program files (x86)/atollic/truestudio for stm32 9.3.0/armtools/bin/../lib/gcc/arm-atollic-eabi/6.3.1/armv7-m/crti.o
LOAD c:/program files (x86)/atollic/truestudio for stm32 9.3.0/armtools/bin/../lib/gcc/arm-atollic-eabi/6.3.1/armv7-m/crtbegin.o
LOAD src\ap\ap.o
LOAD src\bsp\bsp.o
LOAD src\bsp\cmsis\system_stm32f1xx.o
LOAD src\bsp\startup\startup_stm32f103xb.o
LOAD src\bsp\stm32f1xx_it.o
LOAD src\common\core\qbuffer.o
LOAD src\hw\core\button.o
LOAD src\hw\core\eeprom.o
LOAD src\hw\core\flash.o
LOAD src\hw\core\led.o
LOAD src\hw\core\swtimer.o
LOAD src\hw\core\uart.o
LOAD src\hw\hw.o
LOAD src\lib\STM32F1xx_HAL_Driver\Src\Legacy\stm32f1xx_hal_can.o
LOAD src\lib\STM32F1xx_HAL_Driver\Src\stm32f1xx_hal.o
LOAD src\lib\STM32F1xx_HAL_Driver\Src\stm32f1xx_hal_adc.o
LOAD src\lib\STM32F1xx_HAL_Driver\Src\stm32f1xx_hal_adc_ex.o
LOAD src\lib\STM32F1xx_HAL_Driver\Src\stm32f1xx_hal_can.o
LOAD src\lib\STM32F1xx_HAL_Driver\Src\stm32f1xx_hal_cec.o
LOAD src\lib\STM32F1xx_HAL_Driver\Src\stm32f1xx_hal_cortex.o
LOAD src\lib\STM32F1xx_HAL_Driver\Src\stm32f1xx_hal_crc.o
LOAD src\lib\STM32F1xx_HAL_Driver\Src\stm32f1xx_hal_dac.o
LOAD src\lib\STM32F1xx_HAL_Driver\Src\stm32f1xx_hal_dac_ex.o
LOAD src\lib\STM32F1xx_HAL_Driver\Src\stm32f1xx_hal_dma.o
LOAD src\lib\STM32F1xx_HAL_Driver\Src\stm32f1xx_hal_eth.o
LOAD src\lib\STM32F1xx_HAL_Driver\Src\stm32f1xx_hal_exti.o
LOAD src\lib\STM32F1xx_HAL_Driver\Src\stm32f1xx_hal_flash.o
LOAD src\lib\STM32F1xx_HAL_Driver\Src\stm32f1xx_hal_flash_ex.o
LOAD src\lib\STM32F1xx_HAL_Driver\Src\stm32f1xx_hal_gpio.o
LOAD src\lib\STM32F1xx_HAL_Driver\Src\stm32f1xx_hal_gpio_ex.o
LOAD src\lib\STM32F1xx_HAL_Driver\Src\stm32f1xx_hal_hcd.o
LOAD src\lib\STM32F1xx_HAL_Driver\Src\stm32f1xx_hal_i2c.o
LOAD src\lib\STM32F1xx_HAL_Driver\Src\stm32f1xx_hal_i2s.o
LOAD src\lib\STM32F1xx_HAL_Driver\Src\stm32f1xx_hal_irda.o
LOAD src\lib\STM32F1xx_HAL_Driver\Src\stm32f1xx_hal_iwdg.o
LOAD src\lib\STM32F1xx_HAL_Driver\Src\stm32f1xx_hal_mmc.o
LOAD src\lib\STM32F1xx_HAL_Driver\Src\stm32f1xx_hal_nand.o
LOAD src\lib\STM32F1xx_HAL_Driver\Src\stm32f1xx_hal_nor.o
LOAD src\lib\STM32F1xx_HAL_Driver\Src\stm32f1xx_hal_pccard.o
LOAD src\lib\STM32F1xx_HAL_Driver\Src\stm32f1xx_hal_pcd.o
LOAD src\lib\STM32F1xx_HAL_Driver\Src\stm32f1xx_hal_pcd_ex.o
LOAD src\lib\STM32F1xx_HAL_Driver\Src\stm32f1xx_hal_pwr.o
LOAD src\lib\STM32F1xx_HAL_Driver\Src\stm32f1xx_hal_rcc.o
LOAD src\lib\STM32F1xx_HAL_Driver\Src\stm32f1xx_hal_rcc_ex.o
LOAD src\lib\STM32F1xx_HAL_Driver\Src\stm32f1xx_hal_rtc.o
LOAD src\lib\STM32F1xx_HAL_Driver\Src\stm32f1xx_hal_rtc_ex.o
LOAD src\lib\STM32F1xx_HAL_Driver\Src\stm32f1xx_hal_sd.o
LOAD src\lib\STM32F1xx_HAL_Driver\Src\stm32f1xx_hal_smartcard.o
LOAD src\lib\STM32F1xx_HAL_Driver\Src\stm32f1xx_hal_spi.o
LOAD src\lib\STM32F1xx_HAL_Driver\Src\stm32f1xx_hal_sram.o
LOAD src\lib\STM32F1xx_HAL_Driver\Src\stm32f1xx_hal_tim.o
LOAD src\lib\STM32F1xx_HAL_Driver\Src\stm32f1xx_hal_tim_ex.o
LOAD src\lib\STM32F1xx_HAL_Driver\Src\stm32f1xx_hal_uart.o
LOAD src\lib\STM32F1xx_HAL_Driver\Src\stm32f1xx_hal_usart.o
LOAD src\lib\STM32F1xx_HAL_Driver\Src\stm32f1xx_hal_wwdg.o
LOAD src\lib\STM32F1xx_HAL_Driver\Src\stm32f1xx_ll_adc.o
LOAD src\lib\STM32F1xx_HAL_Driver\Src\stm32f1xx_ll_crc.o
LOAD src\lib\STM32F1xx_HAL_Driver\Src\stm32f1xx_ll_dac.o
LOAD src\lib\STM32F1xx_HAL_Driver\Src\stm32f1xx_ll_dma.o
LOAD src\lib\STM32F1xx_HAL_Driver\Src\stm32f1xx_ll_exti.o
LOAD src\lib\STM32F1xx_HAL_Driver\Src\stm32f1xx_ll_fsmc.o
LOAD src\lib\STM32F1xx_HAL_Driver\Src\stm32f1xx_ll_gpio.o
LOAD src\lib\STM32F1xx_HAL_Driver\Src\stm32f1xx_ll_i2c.o
LOAD src\lib\STM32F1xx_HAL_Driver\Src\stm32f1xx_ll_pwr.o
LOAD src\lib\STM32F1xx_HAL_Driver\Src\stm32f1xx_ll_rcc.o
LOAD src\lib\STM32F1xx_HAL_Driver\Src\stm32f1xx_ll_rtc.o
LOAD src\lib\STM32F1xx_HAL_Driver\Src\stm32f1xx_ll_sdmmc.o
LOAD src\lib\STM32F1xx_HAL_Driver\Src\stm32f1xx_ll_spi.o
LOAD src\lib\STM32F1xx_HAL_Driver\Src\stm32f1xx_ll_tim.o
LOAD src\lib\STM32F1xx_HAL_Driver\Src\stm32f1xx_ll_usart.o
LOAD src\lib\STM32F1xx_HAL_Driver\Src\stm32f1xx_ll_usb.o
LOAD src\lib\STM32F1xx_HAL_Driver\Src\stm32f1xx_ll_utils.o
LOAD src\main.o
                0x00000080                malloc_getpagesize_P = 0x80
START GROUP
LOAD c:/program files (x86)/atollic/truestudio for stm32 9.3.0/armtools/bin/../lib/gcc/arm-atollic-eabi/6.3.1/../../../../arm-atollic-eabi/lib/armv7-m\libc_nano.a
LOAD c:/program files (x86)/atollic/truestudio for stm32 9.3.0/armtools/bin/../lib/gcc/arm-atollic-eabi/6.3.1/../../../../arm-atollic-eabi/lib/armv7-m\libm.a
END GROUP
START GROUP
LOAD c:/program files (x86)/atollic/truestudio for stm32 9.3.0/armtools/bin/../lib/gcc/arm-atollic-eabi/6.3.1/armv7-m\libgcc.a
LOAD c:/program files (x86)/atollic/truestudio for stm32 9.3.0/armtools/bin/../lib/gcc/arm-atollic-eabi/6.3.1/../../../../arm-atollic-eabi/lib/armv7-m\libc_nano.a
END GROUP
START GROUP
LOAD c:/program files (x86)/atollic/truestudio for stm32 9.3.0/armtools/bin/../lib/gcc/arm-atollic-eabi/6.3.1/armv7-m\libgcc.a
LOAD c:/program files (x86)/atollic/truestudio for stm32 9.3.0/armtools/bin/../lib/gcc/arm-atollic-eabi/6.3.1/../../../../arm-atollic-eabi/lib/armv7-m\libc_nano.a
LOAD c:/program files (x86)/atollic/truestudio for stm32 9.3.0/armtools/bin/../lib/gcc/arm-atollic-eabi/6.3.1/../../../../arm-atollic-eabi/lib/armv7-m\libnosys.a
END GROUP
START GROUP
LOAD c:/program files (x86)/atollic/truestudio for stm32 9.3.0/armtools/bin/../lib/gcc/arm-atollic-eabi/6.3.1/armv7-m\libgcc.a
LOAD c:/program files (x86)/atollic/truestudio for stm32 9.3.0/armtools/bin/../lib/gcc/arm-atollic-eabi/6.3.1/../../../../arm-atollic-eabi/lib/armv7-m\libc_nano.a
LOAD c:/program files (x86)/atollic/truestudio for stm32 9.3.0/armtools/bin/../lib/gcc/arm-atollic-eabi/6.3.1/../../../../arm-atollic-eabi/lib/armv7-m\libnosys.a
END GROUP
LOAD c:/program files (x86)/atollic/truestudio for stm32 9.3.0/armtools/bin/../lib/gcc/arm-atollic-eabi/6.3.1/armv7-m/crtend.o
LOAD c:/program files (x86)/atollic/truestudio for stm32 9.3.0/armtools/bin/../lib/gcc/arm-atollic-eabi/6.3.1/armv7-m/crtn.o
                0x20004fff                _estack = 0x20004fff
                0x00000200                _Min_Heap_Size = 0x200
                0x00000400                _Min_Stack_Size = 0x400

.isr_vector     0x08000000      0x10c
                0x08000000                . = ALIGN (0x4)
 *(.isr_vector)
 .isr_vector    0x08000000      0x10c src\bsp\startup\startup_stm32f103xb.o
                0x08000000                g_pfnVectors
                0x0800010c                . = ALIGN (0x4)

.text           0x0800010c     0x4320
                0x0800010c                . = ALIGN (0x4)
 *(.text)
 .text          0x0800010c       0x40 c:/program files (x86)/atollic/truestudio for stm32 9.3.0/armtools/bin/../lib/gcc/arm-atollic-eabi/6.3.1/armv7-m/crtbegin.o
 *(.text*)
 .text.apInit   0x0800014c       0x1c src\ap\ap.o
                0x0800014c                apInit
 .text.apMain   0x08000168       0x68 src\ap\ap.o
                0x08000168                apMain
 .text.SystemClock_Config
                0x080001d0       0x8a src\bsp\bsp.o
                0x080001d0                SystemClock_Config
 *fill*         0x0800025a        0x2 
 .text.bspInit  0x0800025c       0x4c src\bsp\bsp.o
                0x0800025c                bspInit
 .text.SystemInit
                0x080002a8       0x68 src\bsp\cmsis\system_stm32f1xx.o
                0x080002a8                SystemInit
 .text.Reset_Handler
                0x08000310       0x48 src\bsp\startup\startup_stm32f103xb.o
                0x08000310                Reset_Handler
 .text.Default_Handler
                0x08000358        0x2 src\bsp\startup\startup_stm32f103xb.o
                0x08000358                RTC_Alarm_IRQHandler
                0x08000358                EXTI2_IRQHandler
                0x08000358                TIM1_CC_IRQHandler
                0x08000358                PVD_IRQHandler
                0x08000358                EXTI3_IRQHandler
                0x08000358                EXTI0_IRQHandler
                0x08000358                I2C2_EV_IRQHandler
                0x08000358                ADC1_2_IRQHandler
                0x08000358                SPI1_IRQHandler
                0x08000358                TAMPER_IRQHandler
                0x08000358                DMA1_Channel4_IRQHandler
                0x08000358                USART3_IRQHandler
                0x08000358                RTC_IRQHandler
                0x08000358                DMA1_Channel7_IRQHandler
                0x08000358                CAN1_RX1_IRQHandler
                0x08000358                TIM4_IRQHandler
                0x08000358                I2C1_EV_IRQHandler
                0x08000358                DMA1_Channel6_IRQHandler
                0x08000358                TIM3_IRQHandler
                0x08000358                RCC_IRQHandler
                0x08000358                TIM1_TRG_COM_IRQHandler
                0x08000358                DMA1_Channel1_IRQHandler
                0x08000358                Default_Handler
                0x08000358                EXTI15_10_IRQHandler
                0x08000358                EXTI9_5_IRQHandler
                0x08000358                SPI2_IRQHandler
                0x08000358                DMA1_Channel5_IRQHandler
                0x08000358                EXTI4_IRQHandler
                0x08000358                USB_LP_CAN1_RX0_IRQHandler
                0x08000358                USB_HP_CAN1_TX_IRQHandler
                0x08000358                DMA1_Channel3_IRQHandler
                0x08000358                TIM1_UP_IRQHandler
                0x08000358                WWDG_IRQHandler
                0x08000358                TIM2_IRQHandler
                0x08000358                TIM1_BRK_IRQHandler
                0x08000358                EXTI1_IRQHandler
                0x08000358                I2C2_ER_IRQHandler
                0x08000358                DMA1_Channel2_IRQHandler
                0x08000358                CAN1_SCE_IRQHandler
                0x08000358                FLASH_IRQHandler
                0x08000358                USART1_IRQHandler
                0x08000358                I2C1_ER_IRQHandler
                0x08000358                USBWakeUp_IRQHandler
 .text.NMI_Handler
                0x0800035a        0xc src\bsp\stm32f1xx_it.o
                0x0800035a                NMI_Handler
 .text.HardFault_Handler
                0x08000366        0x6 src\bsp\stm32f1xx_it.o
                0x08000366                HardFault_Handler
 .text.MemManage_Handler
                0x0800036c        0x6 src\bsp\stm32f1xx_it.o
                0x0800036c                MemManage_Handler
 .text.BusFault_Handler
                0x08000372        0x6 src\bsp\stm32f1xx_it.o
                0x08000372                BusFault_Handler
 .text.UsageFault_Handler
                0x08000378        0x6 src\bsp\stm32f1xx_it.o
                0x08000378                UsageFault_Handler
 .text.SVC_Handler
                0x0800037e        0xc src\bsp\stm32f1xx_it.o
                0x0800037e                SVC_Handler
 .text.DebugMon_Handler
                0x0800038a        0xc src\bsp\stm32f1xx_it.o
                0x0800038a                DebugMon_Handler
 .text.PendSV_Handler
                0x08000396        0xc src\bsp\stm32f1xx_it.o
                0x08000396                PendSV_Handler
 .text.SysTick_Handler
                0x080003a2       0x10 src\bsp\stm32f1xx_it.o
                0x080003a2                SysTick_Handler
 .text.qbufferCreate
                0x080003b2       0x46 src\common\core\qbuffer.o
                0x080003b2                qbufferCreate
 .text.qbufferWrite
                0x080003f8       0x82 src\common\core\qbuffer.o
                0x080003f8                qbufferWrite
 .text.qbufferRead
                0x0800047a       0x82 src\common\core\qbuffer.o
                0x0800047a                qbufferRead
 .text.qbufferAvailable
                0x080004fc       0x34 src\common\core\qbuffer.o
                0x080004fc                qbufferAvailable
 .text.qbufferFlush
                0x08000530       0x1e src\common\core\qbuffer.o
                0x08000530                qbufferFlush
 *fill*         0x0800054e        0x2 
 .text.button_isr
                0x08000550      0x164 src\hw\core\button.o
                0x08000550                button_isr
 .text.buttonInit
                0x080006b4       0xbc src\hw\core\button.o
                0x080006b4                buttonInit
 .text.buttonGetPressed
                0x08000770       0x2c src\hw\core\button.o
                0x08000770                buttonGetPressed
 .text.eepromInit
                0x0800079c       0x4c src\hw\core\eeprom.o
                0x0800079c                eepromInit
 .text.EE_Init  0x080007e8      0x3b4 src\hw\core\eeprom.o
                0x080007e8                EE_Init
 .text.EE_VerifyPageFullyErased
                0x08000b9c       0x4c src\hw\core\eeprom.o
 .text.EE_ReadVariable
                0x08000be8       0x94 src\hw\core\eeprom.o
                0x08000be8                EE_ReadVariable
 .text.EE_Format
                0x08000c7c       0xa0 src\hw\core\eeprom.o
 .text.EE_FindValidPage
                0x08000d1c       0x88 src\hw\core\eeprom.o
 .text.EE_VerifyPageFullWriteVariable
                0x08000da4       0xbc src\hw\core\eeprom.o
 .text.flashInit
                0x08000e60       0x44 src\hw\core\flash.o
                0x08000e60                flashInit
 .text.ledInit  0x08000ea4       0x2c src\hw\core\led.o
                0x08000ea4                ledInit
 .text.swtimerInit
                0x08000ed0       0x8c src\hw\core\swtimer.o
                0x08000ed0                swtimerInit
 .text.swtimerISR
                0x08000f5c      0x108 src\hw\core\swtimer.o
                0x08000f5c                swtimerISR
 .text.swtimerSet
                0x08001064       0x84 src\hw\core\swtimer.o
                0x08001064                swtimerSet
 .text.swtimerStart
                0x080010e8       0x54 src\hw\core\swtimer.o
                0x080010e8                swtimerStart
 .text.swtimerGetHandle
                0x0800113c       0x30 src\hw\core\swtimer.o
                0x0800113c                swtimerGetHandle
 .text.uartInit
                0x0800116c       0x60 src\hw\core\uart.o
                0x0800116c                uartInit
 .text.uartOpen
                0x080011cc      0x124 src\hw\core\uart.o
                0x080011cc                uartOpen
 .text.uartStartRx
                0x080012f0       0x64 src\hw\core\uart.o
 .text.uartAvailable
                0x08001354       0xac src\hw\core\uart.o
                0x08001354                uartAvailable
 .text.uartFlush
                0x08001400       0xf4 src\hw\core\uart.o
                0x08001400                uartFlush
 .text.uartWrite
                0x080014f4       0x78 src\hw\core\uart.o
                0x080014f4                uartWrite
 .text.uartRead
                0x0800156c       0x7c src\hw\core\uart.o
                0x0800156c                uartRead
 .text.uartPrintf
                0x080015e8       0x5c src\hw\core\uart.o
                0x080015e8                uartPrintf
 .text.uartRxHandler
                0x08001644       0x50 src\hw\core\uart.o
 .text.uartErrHandler
                0x08001694       0x22 src\hw\core\uart.o
                0x08001694                uartErrHandler
 *fill*         0x080016b6        0x2 
 .text.HAL_UART_RxCpltCallback
                0x080016b8       0x24 src\hw\core\uart.o
                0x080016b8                HAL_UART_RxCpltCallback
 .text.HAL_UART_ErrorCallback
                0x080016dc       0x30 src\hw\core\uart.o
                0x080016dc                HAL_UART_ErrorCallback
 .text.USART2_IRQHandler
                0x0800170c       0x14 src\hw\core\uart.o
                0x0800170c                USART2_IRQHandler
 .text.HAL_UART_MspInit
                0x08001720      0x128 src\hw\core\uart.o
                0x08001720                HAL_UART_MspInit
 .text.HAL_UART_MspDeInit
                0x08001848       0x54 src\hw\core\uart.o
                0x08001848                HAL_UART_MspDeInit
 .text.hwInit   0x0800189c       0x24 src\hw\hw.o
                0x0800189c                hwInit
 .text.millis   0x080018c0        0xe src\hw\hw.o
                0x080018c0                millis
 *fill*         0x080018ce        0x2 
 .text.HAL_Init
                0x080018d0       0x2c src\lib\STM32F1xx_HAL_Driver\Src\stm32f1xx_hal.o
                0x080018d0                HAL_Init
 .text.HAL_MspInit
                0x080018fc        0xc src\lib\STM32F1xx_HAL_Driver\Src\stm32f1xx_hal.o
                0x080018fc                HAL_MspInit
 .text.HAL_InitTick
                0x08001908       0x60 src\lib\STM32F1xx_HAL_Driver\Src\stm32f1xx_hal.o
                0x08001908                HAL_InitTick
 .text.HAL_IncTick
                0x08001968       0x24 src\lib\STM32F1xx_HAL_Driver\Src\stm32f1xx_hal.o
                0x08001968                HAL_IncTick
 .text.HAL_GetTick
                0x0800198c       0x14 src\lib\STM32F1xx_HAL_Driver\Src\stm32f1xx_hal.o
                0x0800198c                HAL_GetTick
 .text.__NVIC_SetPriorityGrouping
                0x080019a0       0x48 src\lib\STM32F1xx_HAL_Driver\Src\stm32f1xx_hal_cortex.o
 .text.__NVIC_GetPriorityGrouping
                0x080019e8       0x1c src\lib\STM32F1xx_HAL_Driver\Src\stm32f1xx_hal_cortex.o
 .text.__NVIC_EnableIRQ
                0x08001a04       0x38 src\lib\STM32F1xx_HAL_Driver\Src\stm32f1xx_hal_cortex.o
 .text.__NVIC_DisableIRQ
                0x08001a3c       0x44 src\lib\STM32F1xx_HAL_Driver\Src\stm32f1xx_hal_cortex.o
 .text.__NVIC_SetPriority
                0x08001a80       0x54 src\lib\STM32F1xx_HAL_Driver\Src\stm32f1xx_hal_cortex.o
 .text.NVIC_EncodePriority
                0x08001ad4       0x60 src\lib\STM32F1xx_HAL_Driver\Src\stm32f1xx_hal_cortex.o
 .text.SysTick_Config
                0x08001b34       0x44 src\lib\STM32F1xx_HAL_Driver\Src\stm32f1xx_hal_cortex.o
 .text.HAL_NVIC_SetPriorityGrouping
                0x08001b78       0x16 src\lib\STM32F1xx_HAL_Driver\Src\stm32f1xx_hal_cortex.o
                0x08001b78                HAL_NVIC_SetPriorityGrouping
 .text.HAL_NVIC_SetPriority
                0x08001b8e       0x38 src\lib\STM32F1xx_HAL_Driver\Src\stm32f1xx_hal_cortex.o
                0x08001b8e                HAL_NVIC_SetPriority
 .text.HAL_NVIC_EnableIRQ
                0x08001bc6       0x1c src\lib\STM32F1xx_HAL_Driver\Src\stm32f1xx_hal_cortex.o
                0x08001bc6                HAL_NVIC_EnableIRQ
 .text.HAL_NVIC_DisableIRQ
                0x08001be2       0x1c src\lib\STM32F1xx_HAL_Driver\Src\stm32f1xx_hal_cortex.o
                0x08001be2                HAL_NVIC_DisableIRQ
 .text.HAL_SYSTICK_Config
                0x08001bfe       0x18 src\lib\STM32F1xx_HAL_Driver\Src\stm32f1xx_hal_cortex.o
                0x08001bfe                HAL_SYSTICK_Config
 *fill*         0x08001c16        0x2 
 .text.HAL_DMA_Init
                0x08001c18       0xb4 src\lib\STM32F1xx_HAL_Driver\Src\stm32f1xx_hal_dma.o
                0x08001c18                HAL_DMA_Init
 .text.HAL_DMA_Start_IT
                0x08001ccc       0xbe src\lib\STM32F1xx_HAL_Driver\Src\stm32f1xx_hal_dma.o
                0x08001ccc                HAL_DMA_Start_IT
 *fill*         0x08001d8a        0x2 
 .text.HAL_DMA_Abort_IT
                0x08001d8c       0xf8 src\lib\STM32F1xx_HAL_Driver\Src\stm32f1xx_hal_dma.o
                0x08001d8c                HAL_DMA_Abort_IT
 .text.DMA_SetConfig
                0x08001e84       0x5a src\lib\STM32F1xx_HAL_Driver\Src\stm32f1xx_hal_dma.o
 *fill*         0x08001ede        0x2 
 .text.HAL_FLASH_Program
                0x08001ee0       0xe0 src\lib\STM32F1xx_HAL_Driver\Src\stm32f1xx_hal_flash.o
                0x08001ee0                HAL_FLASH_Program
 .text.HAL_FLASH_Unlock
                0x08001fc0       0x4c src\lib\STM32F1xx_HAL_Driver\Src\stm32f1xx_hal_flash.o
                0x08001fc0                HAL_FLASH_Unlock
 .text.FLASH_Program_HalfWord
                0x0800200c       0x38 src\lib\STM32F1xx_HAL_Driver\Src\stm32f1xx_hal_flash.o
 .text.FLASH_WaitForLastOperation
                0x08002044       0x8c src\lib\STM32F1xx_HAL_Driver\Src\stm32f1xx_hal_flash.o
                0x08002044                FLASH_WaitForLastOperation
 .text.FLASH_SetErrorCode
                0x080020d0       0xa0 src\lib\STM32F1xx_HAL_Driver\Src\stm32f1xx_hal_flash.o
 .text.HAL_FLASHEx_Erase
                0x08002170       0xd8 src\lib\STM32F1xx_HAL_Driver\Src\stm32f1xx_hal_flash_ex.o
                0x08002170                HAL_FLASHEx_Erase
 .text.FLASH_MassErase
                0x08002248       0x38 src\lib\STM32F1xx_HAL_Driver\Src\stm32f1xx_hal_flash_ex.o
 .text.FLASH_PageErase
                0x08002280       0x40 src\lib\STM32F1xx_HAL_Driver\Src\stm32f1xx_hal_flash_ex.o
                0x08002280                FLASH_PageErase
 .text.HAL_GPIO_Init
                0x080022c0      0x2b4 src\lib\STM32F1xx_HAL_Driver\Src\stm32f1xx_hal_gpio.o
                0x080022c0                HAL_GPIO_Init
 .text.HAL_GPIO_DeInit
                0x08002574      0x178 src\lib\STM32F1xx_HAL_Driver\Src\stm32f1xx_hal_gpio.o
                0x08002574                HAL_GPIO_DeInit
 .text.HAL_GPIO_ReadPin
                0x080026ec       0x2e src\lib\STM32F1xx_HAL_Driver\Src\stm32f1xx_hal_gpio.o
                0x080026ec                HAL_GPIO_ReadPin
 *fill*         0x0800271a        0x2 
 .text.HAL_RCC_OscConfig
                0x0800271c      0x500 src\lib\STM32F1xx_HAL_Driver\Src\stm32f1xx_hal_rcc.o
                0x0800271c                HAL_RCC_OscConfig
 .text.HAL_RCC_ClockConfig
                0x08002c1c      0x1d4 src\lib\STM32F1xx_HAL_Driver\Src\stm32f1xx_hal_rcc.o
                0x08002c1c                HAL_RCC_ClockConfig
 .text.HAL_RCC_GetSysClockFreq
                0x08002df0       0xc4 src\lib\STM32F1xx_HAL_Driver\Src\stm32f1xx_hal_rcc.o
                0x08002df0                HAL_RCC_GetSysClockFreq
 .text.HAL_RCC_GetHCLKFreq
                0x08002eb4       0x14 src\lib\STM32F1xx_HAL_Driver\Src\stm32f1xx_hal_rcc.o
                0x08002eb4                HAL_RCC_GetHCLKFreq
 .text.HAL_RCC_GetPCLK1Freq
                0x08002ec8       0x28 src\lib\STM32F1xx_HAL_Driver\Src\stm32f1xx_hal_rcc.o
                0x08002ec8                HAL_RCC_GetPCLK1Freq
 .text.HAL_RCC_GetPCLK2Freq
                0x08002ef0       0x28 src\lib\STM32F1xx_HAL_Driver\Src\stm32f1xx_hal_rcc.o
                0x08002ef0                HAL_RCC_GetPCLK2Freq
 .text.RCC_Delay
                0x08002f18       0x3c src\lib\STM32F1xx_HAL_Driver\Src\stm32f1xx_hal_rcc.o
 .text.HAL_UART_Init
                0x08002f54       0x9a src\lib\STM32F1xx_HAL_Driver\Src\stm32f1xx_hal_uart.o
                0x08002f54                HAL_UART_Init
 .text.HAL_UART_DeInit
                0x08002fee       0x58 src\lib\STM32F1xx_HAL_Driver\Src\stm32f1xx_hal_uart.o
                0x08002fee                HAL_UART_DeInit
 .text.HAL_UART_Transmit
                0x08003046      0x130 src\lib\STM32F1xx_HAL_Driver\Src\stm32f1xx_hal_uart.o
                0x08003046                HAL_UART_Transmit
 .text.HAL_UART_Receive_IT
                0x08003176       0xa8 src\lib\STM32F1xx_HAL_Driver\Src\stm32f1xx_hal_uart.o
                0x08003176                HAL_UART_Receive_IT
 *fill*         0x0800321e        0x2 
 .text.HAL_UART_Receive_DMA
                0x08003220      0x100 src\lib\STM32F1xx_HAL_Driver\Src\stm32f1xx_hal_uart.o
                0x08003220                HAL_UART_Receive_DMA
 .text.HAL_UART_IRQHandler
                0x08003320      0x1f8 src\lib\STM32F1xx_HAL_Driver\Src\stm32f1xx_hal_uart.o
                0x08003320                HAL_UART_IRQHandler
 .text.HAL_UART_TxCpltCallback
                0x08003518       0x12 src\lib\STM32F1xx_HAL_Driver\Src\stm32f1xx_hal_uart.o
                0x08003518                HAL_UART_TxCpltCallback
 .text.HAL_UART_RxHalfCpltCallback
                0x0800352a       0x12 src\lib\STM32F1xx_HAL_Driver\Src\stm32f1xx_hal_uart.o
                0x0800352a                HAL_UART_RxHalfCpltCallback
 .text.UART_DMAReceiveCplt
                0x0800353c       0x68 src\lib\STM32F1xx_HAL_Driver\Src\stm32f1xx_hal_uart.o
 .text.UART_DMARxHalfCplt
                0x080035a4       0x1c src\lib\STM32F1xx_HAL_Driver\Src\stm32f1xx_hal_uart.o
 .text.UART_DMAError
                0x080035c0       0x94 src\lib\STM32F1xx_HAL_Driver\Src\stm32f1xx_hal_uart.o
 .text.UART_WaitOnFlagUntilTimeout
                0x08003654       0x94 src\lib\STM32F1xx_HAL_Driver\Src\stm32f1xx_hal_uart.o
 .text.UART_EndTxTransfer
                0x080036e8       0x2a src\lib\STM32F1xx_HAL_Driver\Src\stm32f1xx_hal_uart.o
 .text.UART_EndRxTransfer
                0x08003712       0x3a src\lib\STM32F1xx_HAL_Driver\Src\stm32f1xx_hal_uart.o
 .text.UART_DMAAbortOnError
                0x0800374c       0x28 src\lib\STM32F1xx_HAL_Driver\Src\stm32f1xx_hal_uart.o
 .text.UART_Transmit_IT
                0x08003774       0xa8 src\lib\STM32F1xx_HAL_Driver\Src\stm32f1xx_hal_uart.o
 .text.UART_EndTransmit_IT
                0x0800381c       0x30 src\lib\STM32F1xx_HAL_Driver\Src\stm32f1xx_hal_uart.o
 .text.UART_Receive_IT
                0x0800384c      0x102 src\lib\STM32F1xx_HAL_Driver\Src\stm32f1xx_hal_uart.o
 *fill*         0x0800394e        0x2 
 .text.UART_SetConfig
                0x08003950      0x1b4 src\lib\STM32F1xx_HAL_Driver\Src\stm32f1xx_hal_uart.o
 .text.main     0x08003b04       0x16 src\main.o
                0x08003b04                main
 *fill*         0x08003b1a        0x2 
 .text.__libc_init_array
                0x08003b1c       0x48 c:/program files (x86)/atollic/truestudio for stm32 9.3.0/armtools/bin/../lib/gcc/arm-atollic-eabi/6.3.1/../../../../arm-atollic-eabi/lib/armv7-m\libc_nano.a(lib_a-init.o)
                0x08003b1c                __libc_init_array
 .text.memset   0x08003b64       0x10 c:/program files (x86)/atollic/truestudio for stm32 9.3.0/armtools/bin/../lib/gcc/arm-atollic-eabi/6.3.1/../../../../arm-atollic-eabi/lib/armv7-m\libc_nano.a(lib_a-memset.o)
                0x08003b64                memset
 .text._vsnprintf_r
                0x08003b74       0x58 c:/program files (x86)/atollic/truestudio for stm32 9.3.0/armtools/bin/../lib/gcc/arm-atollic-eabi/6.3.1/../../../../arm-atollic-eabi/lib/armv7-m\libc_nano.a(lib_a-vsnprintf.o)
                0x08003b74                _vsniprintf_r
                0x08003b74                _vsnprintf_r
 .text.vsnprintf
                0x08003bcc       0x1c c:/program files (x86)/atollic/truestudio for stm32 9.3.0/armtools/bin/../lib/gcc/arm-atollic-eabi/6.3.1/../../../../arm-atollic-eabi/lib/armv7-m\libc_nano.a(lib_a-vsnprintf.o)
                0x08003bcc                vsniprintf
                0x08003bcc                vsnprintf
 .text.__ssputs_r
                0x08003be8       0xb6 c:/program files (x86)/atollic/truestudio for stm32 9.3.0/armtools/bin/../lib/gcc/arm-atollic-eabi/6.3.1/../../../../arm-atollic-eabi/lib/armv7-m\libc_nano.a(lib_a-nano-svfprintf.o)
                0x08003be8                __ssputs_r
 *fill*         0x08003c9e        0x2 
 .text._svfprintf_r
                0x08003ca0      0x1e8 c:/program files (x86)/atollic/truestudio for stm32 9.3.0/armtools/bin/../lib/gcc/arm-atollic-eabi/6.3.1/../../../../arm-atollic-eabi/lib/armv7-m\libc_nano.a(lib_a-nano-svfprintf.o)
                0x08003ca0                _svfiprintf_r
                0x08003ca0                _svfprintf_r
 .text._printf_common
                0x08003e88       0xee c:/program files (x86)/atollic/truestudio for stm32 9.3.0/armtools/bin/../lib/gcc/arm-atollic-eabi/6.3.1/../../../../arm-atollic-eabi/lib/armv7-m\libc_nano.a(lib_a-nano-vfprintf_i.o)
                0x08003e88                _printf_common
 *fill*         0x08003f76        0x2 
 .text._printf_i
                0x08003f78      0x240 c:/program files (x86)/atollic/truestudio for stm32 9.3.0/armtools/bin/../lib/gcc/arm-atollic-eabi/6.3.1/../../../../arm-atollic-eabi/lib/armv7-m\libc_nano.a(lib_a-nano-vfprintf_i.o)
                0x08003f78                _printf_i
 .text.memchr   0x080041b8       0x1c c:/program files (x86)/atollic/truestudio for stm32 9.3.0/armtools/bin/../lib/gcc/arm-atollic-eabi/6.3.1/../../../../arm-atollic-eabi/lib/armv7-m\libc_nano.a(lib_a-memchr-stub.o)
                0x080041b8                memchr
 .text.memcpy   0x080041d4       0x16 c:/program files (x86)/atollic/truestudio for stm32 9.3.0/armtools/bin/../lib/gcc/arm-atollic-eabi/6.3.1/../../../../arm-atollic-eabi/lib/armv7-m\libc_nano.a(lib_a-memcpy-stub.o)
                0x080041d4                memcpy
 .text.memmove  0x080041ea       0x34 c:/program files (x86)/atollic/truestudio for stm32 9.3.0/armtools/bin/../lib/gcc/arm-atollic-eabi/6.3.1/../../../../arm-atollic-eabi/lib/armv7-m\libc_nano.a(lib_a-memmove.o)
                0x080041ea                memmove
 *fill*         0x0800421e        0x2 
 .text._free_r  0x08004220       0x98 c:/program files (x86)/atollic/truestudio for stm32 9.3.0/armtools/bin/../lib/gcc/arm-atollic-eabi/6.3.1/../../../../arm-atollic-eabi/lib/armv7-m\libc_nano.a(lib_a-nano-freer.o)
                0x08004220                _free_r
 .text._malloc_r
                0x080042b8       0xbc c:/program files (x86)/atollic/truestudio for stm32 9.3.0/armtools/bin/../lib/gcc/arm-atollic-eabi/6.3.1/../../../../arm-atollic-eabi/lib/armv7-m\libc_nano.a(lib_a-nano-mallocr.o)
                0x080042b8                _malloc_r
 .text._realloc_r
                0x08004374       0x4c c:/program files (x86)/atollic/truestudio for stm32 9.3.0/armtools/bin/../lib/gcc/arm-atollic-eabi/6.3.1/../../../../arm-atollic-eabi/lib/armv7-m\libc_nano.a(lib_a-nano-reallocr.o)
                0x08004374                _realloc_r
 .text._sbrk_r  0x080043c0       0x20 c:/program files (x86)/atollic/truestudio for stm32 9.3.0/armtools/bin/../lib/gcc/arm-atollic-eabi/6.3.1/../../../../arm-atollic-eabi/lib/armv7-m\libc_nano.a(lib_a-sbrkr.o)
                0x080043c0                _sbrk_r
 .text.__malloc_lock
                0x080043e0        0x2 c:/program files (x86)/atollic/truestudio for stm32 9.3.0/armtools/bin/../lib/gcc/arm-atollic-eabi/6.3.1/../../../../arm-atollic-eabi/lib/armv7-m\libc_nano.a(lib_a-mlock.o)
                0x080043e0                __malloc_lock
 .text.__malloc_unlock
                0x080043e2        0x2 c:/program files (x86)/atollic/truestudio for stm32 9.3.0/armtools/bin/../lib/gcc/arm-atollic-eabi/6.3.1/../../../../arm-atollic-eabi/lib/armv7-m\libc_nano.a(lib_a-mlock.o)
                0x080043e2                __malloc_unlock
 .text._malloc_usable_size_r
                0x080043e4       0x12 c:/program files (x86)/atollic/truestudio for stm32 9.3.0/armtools/bin/../lib/gcc/arm-atollic-eabi/6.3.1/../../../../arm-atollic-eabi/lib/armv7-m\libc_nano.a(lib_a-nano-msizer.o)
                0x080043e4                _malloc_usable_size_r
 *fill*         0x080043f6        0x2 
 .text._sbrk    0x080043f8       0x1c c:/program files (x86)/atollic/truestudio for stm32 9.3.0/armtools/bin/../lib/gcc/arm-atollic-eabi/6.3.1/../../../../arm-atollic-eabi/lib/armv7-m\libnosys.a(sbrk.o)
                0x080043f8                _sbrk
 *(.glue_7)
 .glue_7        0x08004414        0x0 linker stubs
 *(.glue_7t)
 .glue_7t       0x08004414        0x0 linker stubs
 *(.eh_frame)
 .eh_frame      0x08004414        0x0 c:/program files (x86)/atollic/truestudio for stm32 9.3.0/armtools/bin/../lib/gcc/arm-atollic-eabi/6.3.1/armv7-m/crtbegin.o
 *(.init)
 .init          0x08004414        0x4 c:/program files (x86)/atollic/truestudio for stm32 9.3.0/armtools/bin/../lib/gcc/arm-atollic-eabi/6.3.1/armv7-m/crti.o
                0x08004414                _init
 .init          0x08004418        0x8 c:/program files (x86)/atollic/truestudio for stm32 9.3.0/armtools/bin/../lib/gcc/arm-atollic-eabi/6.3.1/armv7-m/crtn.o
 *(.fini)
 .fini          0x08004420        0x4 c:/program files (x86)/atollic/truestudio for stm32 9.3.0/armtools/bin/../lib/gcc/arm-atollic-eabi/6.3.1/armv7-m/crti.o
                0x08004420                _fini
 .fini          0x08004424        0x8 c:/program files (x86)/atollic/truestudio for stm32 9.3.0/armtools/bin/../lib/gcc/arm-atollic-eabi/6.3.1/armv7-m/crtn.o
                0x0800442c                . = ALIGN (0x4)
                0x0800442c                _etext = .

.vfp11_veneer   0x0800442c        0x0
 .vfp11_veneer  0x0800442c        0x0 linker stubs

.v4_bx          0x0800442c        0x0
 .v4_bx         0x0800442c        0x0 linker stubs

.iplt           0x0800442c        0x0
 .iplt          0x0800442c        0x0 c:/program files (x86)/atollic/truestudio for stm32 9.3.0/armtools/bin/../lib/gcc/arm-atollic-eabi/6.3.1/armv7-m/crtbegin.o

.rodata         0x0800442c       0x8c
                0x0800442c                . = ALIGN (0x4)
 *(.rodata)
 .rodata        0x0800442c       0x2b src\ap\ap.o
 *fill*         0x08004457        0x1 
 .rodata        0x08004458       0x12 src\lib\STM32F1xx_HAL_Driver\Src\stm32f1xx_hal_rcc.o
 *(.rodata*)
 *fill*         0x0800446a        0x2 
 .rodata.AHBPrescTable
                0x0800446c       0x10 src\bsp\cmsis\system_stm32f1xx.o
                0x0800446c                AHBPrescTable
 .rodata.APBPrescTable
                0x0800447c        0x8 src\bsp\cmsis\system_stm32f1xx.o
                0x0800447c                APBPrescTable
 .rodata._svfprintf_r.str1.1
                0x08004484       0x11 c:/program files (x86)/atollic/truestudio for stm32 9.3.0/armtools/bin/../lib/gcc/arm-atollic-eabi/6.3.1/../../../../arm-atollic-eabi/lib/armv7-m\libc_nano.a(lib_a-nano-svfprintf.o)
 .rodata._printf_i.str1.1
                0x08004495       0x22 c:/program files (x86)/atollic/truestudio for stm32 9.3.0/armtools/bin/../lib/gcc/arm-atollic-eabi/6.3.1/../../../../arm-atollic-eabi/lib/armv7-m\libc_nano.a(lib_a-nano-vfprintf_i.o)
                0x080044b8                . = ALIGN (0x4)
 *fill*         0x080044b7        0x1 

.rel.dyn        0x080044b8        0x0
 .rel.iplt      0x080044b8        0x0 c:/program files (x86)/atollic/truestudio for stm32 9.3.0/armtools/bin/../lib/gcc/arm-atollic-eabi/6.3.1/armv7-m/crtbegin.o

.ARM.extab
 *(.ARM.extab* .gnu.linkonce.armextab.*)

.ARM            0x080044b8        0x0
                0x080044b8                __exidx_start = .
 *(.ARM.exidx*)
                0x080044b8                __exidx_end = .

.preinit_array  0x080044b8        0x0
                0x080044b8                PROVIDE (__preinit_array_start, .)
 *(.preinit_array*)
                0x080044b8                PROVIDE (__preinit_array_end, .)

.init_array     0x080044b8        0x4
                0x080044b8                PROVIDE (__init_array_start, .)
 *(SORT(.init_array.*))
 *(.init_array*)
 .init_array    0x080044b8        0x4 c:/program files (x86)/atollic/truestudio for stm32 9.3.0/armtools/bin/../lib/gcc/arm-atollic-eabi/6.3.1/armv7-m/crtbegin.o
                0x080044bc                PROVIDE (__init_array_end, .)

.fini_array     0x080044bc        0x4
                [!provide]                PROVIDE (__fini_array_start, .)
 *(SORT(.fini_array.*))
 *(.fini_array*)
 .fini_array    0x080044bc        0x4 c:/program files (x86)/atollic/truestudio for stm32 9.3.0/armtools/bin/../lib/gcc/arm-atollic-eabi/6.3.1/armv7-m/crtbegin.o
                [!provide]                PROVIDE (__fini_array_end, .)
                0x080044c0                _sidata = LOADADDR (.data)

.data           0x20000000       0x70 load address 0x080044c0
                0x20000000                . = ALIGN (0x4)
                0x20000000                _sdata = .
 *(.data)
 *(.data*)
 .data.SystemCoreClock
                0x20000000        0x4 src\bsp\cmsis\system_stm32f1xx.o
                0x20000000                SystemCoreClock
 .data.uwTickPrio
                0x20000004        0x4 src\lib\STM32F1xx_HAL_Driver\Src\stm32f1xx_hal.o
                0x20000004                uwTickPrio
 .data.uwTickFreq
                0x20000008        0x1 src\lib\STM32F1xx_HAL_Driver\Src\stm32f1xx_hal.o
                0x20000008                uwTickFreq
 *fill*         0x20000009        0x3 
 .data._impure_ptr
                0x2000000c        0x4 c:/program files (x86)/atollic/truestudio for stm32 9.3.0/armtools/bin/../lib/gcc/arm-atollic-eabi/6.3.1/../../../../arm-atollic-eabi/lib/armv7-m\libc_nano.a(lib_a-impure.o)
                0x2000000c                _impure_ptr
 .data.impure_data
                0x20000010       0x60 c:/program files (x86)/atollic/truestudio for stm32 9.3.0/armtools/bin/../lib/gcc/arm-atollic-eabi/6.3.1/../../../../arm-atollic-eabi/lib/armv7-m\libc_nano.a(lib_a-impure.o)
                0x20000070                . = ALIGN (0x4)
                0x20000070                _edata = .

.igot.plt       0x20000070        0x0 load address 0x08004530
 .igot.plt      0x20000070        0x0 c:/program files (x86)/atollic/truestudio for stm32 9.3.0/armtools/bin/../lib/gcc/arm-atollic-eabi/6.3.1/armv7-m/crtbegin.o
                0x20000070                . = ALIGN (0x4)

.bss            0x20000070      0xb5c load address 0x08004530
                0x20000070                _sbss = .
                0x20000070                __bss_start__ = _sbss
 *(.bss)
 .bss           0x20000070       0x1c c:/program files (x86)/atollic/truestudio for stm32 9.3.0/armtools/bin/../lib/gcc/arm-atollic-eabi/6.3.1/armv7-m/crtbegin.o
 *(.bss*)
 .bss.button_tbl
                0x2000008c       0x18 src\hw\core\button.o
 .bss.IsInit    0x200000a4        0x1 src\hw\core\eeprom.o
 *fill*         0x200000a5        0x3 
 .bss.VirtAddVarTab
                0x200000a8      0x100 src\hw\core\eeprom.o
 .bss.DataVar   0x200001a8        0x2 src\hw\core\eeprom.o
                0x200001a8                DataVar
 *fill*         0x200001aa        0x2 
 .bss.sw_timer_counter
                0x200001ac        0x4 src\hw\core\swtimer.o
 .bss.sw_timer_handle_index
                0x200001b0        0x2 src\hw\core\swtimer.o
 *fill*         0x200001b2        0x2 
 .bss.swtimer_tbl
                0x200001b4       0xa0 src\hw\core\swtimer.o
 .bss.execute.7483
                0x20000254        0x1 src\hw\core\swtimer.o
 *fill*         0x20000255        0x3 
 .bss.__malloc_free_list
                0x20000258        0x4 c:/program files (x86)/atollic/truestudio for stm32 9.3.0/armtools/bin/../lib/gcc/arm-atollic-eabi/6.3.1/../../../../arm-atollic-eabi/lib/armv7-m\libc_nano.a(lib_a-nano-mallocr.o)
                0x20000258                __malloc_free_list
 .bss.__malloc_sbrk_start
                0x2000025c        0x4 c:/program files (x86)/atollic/truestudio for stm32 9.3.0/armtools/bin/../lib/gcc/arm-atollic-eabi/6.3.1/../../../../arm-atollic-eabi/lib/armv7-m\libc_nano.a(lib_a-nano-mallocr.o)
                0x2000025c                __malloc_sbrk_start
 .bss.heap_end.4116
                0x20000260        0x4 c:/program files (x86)/atollic/truestudio for stm32 9.3.0/armtools/bin/../lib/gcc/arm-atollic-eabi/6.3.1/../../../../arm-atollic-eabi/lib/armv7-m\libnosys.a(sbrk.o)
 *(COMMON)
 COMMON         0x20000264      0x400 src\hw\core\flash.o
                0x20000264                flash_tbl
 COMMON         0x20000664      0x540 src\hw\core\uart.o
                0x20000664                uart_tbl
                0x200009a4                uart_rx_qbuf
 COMMON         0x20000ba4        0x4 src\lib\STM32F1xx_HAL_Driver\Src\stm32f1xx_hal.o
                0x20000ba4                uwTick
 COMMON         0x20000ba8       0x20 src\lib\STM32F1xx_HAL_Driver\Src\stm32f1xx_hal_flash.o
                0x20000ba8                pFlash
 COMMON         0x20000bc8        0x4 c:/program files (x86)/atollic/truestudio for stm32 9.3.0/armtools/bin/../lib/gcc/arm-atollic-eabi/6.3.1/../../../../arm-atollic-eabi/lib/armv7-m\libc_nano.a(lib_a-reent.o)
                0x20000bc8                errno
                0x20000bcc                . = ALIGN (0x4)
                0x20000bcc                _ebss = .
                0x20000bcc                __bss_end__ = _ebss

._user_heap_stack
                0x20000bcc      0x604 load address 0x08004530
                0x20000bd0                . = ALIGN (0x8)
 *fill*         0x20000bcc        0x4 
                0x20000bd0                PROVIDE (end, .)
                [!provide]                PROVIDE (_end, .)
                0x20000dd0                . = (. + _Min_Heap_Size)
 *fill*         0x20000bd0      0x200 
                0x200011d0                . = (. + _Min_Stack_Size)
 *fill*         0x20000dd0      0x400 
                0x200011d0                . = ALIGN (0x8)

/DISCARD/
 libc.a(*)
 libm.a(*)
 libgcc.a(*)

.ARM.attributes
                0x00000000       0x29
 *(.ARM.attributes)
 .ARM.attributes
                0x00000000       0x1d c:/program files (x86)/atollic/truestudio for stm32 9.3.0/armtools/bin/../lib/gcc/arm-atollic-eabi/6.3.1/armv7-m/crti.o
 .ARM.attributes
                0x0000001d       0x2d c:/program files (x86)/atollic/truestudio for stm32 9.3.0/armtools/bin/../lib/gcc/arm-atollic-eabi/6.3.1/armv7-m/crtbegin.o
 .ARM.attributes
                0x0000004a       0x33 src\ap\ap.o
 .ARM.attributes
                0x0000007d       0x33 src\bsp\bsp.o
 .ARM.attributes
                0x000000b0       0x33 src\bsp\cmsis\system_stm32f1xx.o
 .ARM.attributes
                0x000000e3       0x21 src\bsp\startup\startup_stm32f103xb.o
 .ARM.attributes
                0x00000104       0x33 src\bsp\stm32f1xx_it.o
 .ARM.attributes
                0x00000137       0x33 src\common\core\qbuffer.o
 .ARM.attributes
                0x0000016a       0x33 src\hw\core\button.o
 .ARM.attributes
                0x0000019d       0x33 src\hw\core\eeprom.o
 .ARM.attributes
                0x000001d0       0x33 src\hw\core\flash.o
 .ARM.attributes
                0x00000203       0x33 src\hw\core\led.o
 .ARM.attributes
                0x00000236       0x33 src\hw\core\swtimer.o
 .ARM.attributes
                0x00000269       0x33 src\hw\core\uart.o
 .ARM.attributes
                0x0000029c       0x33 src\hw\hw.o
 .ARM.attributes
                0x000002cf       0x33 src\lib\STM32F1xx_HAL_Driver\Src\stm32f1xx_hal.o
 .ARM.attributes
                0x00000302       0x33 src\lib\STM32F1xx_HAL_Driver\Src\stm32f1xx_hal_cortex.o
 .ARM.attributes
                0x00000335       0x33 src\lib\STM32F1xx_HAL_Driver\Src\stm32f1xx_hal_dma.o
 .ARM.attributes
                0x00000368       0x33 src\lib\STM32F1xx_HAL_Driver\Src\stm32f1xx_hal_flash.o
 .ARM.attributes
                0x0000039b       0x33 src\lib\STM32F1xx_HAL_Driver\Src\stm32f1xx_hal_flash_ex.o
 .ARM.attributes
                0x000003ce       0x33 src\lib\STM32F1xx_HAL_Driver\Src\stm32f1xx_hal_gpio.o
 .ARM.attributes
                0x00000401       0x33 src\lib\STM32F1xx_HAL_Driver\Src\stm32f1xx_hal_rcc.o
 .ARM.attributes
                0x00000434       0x33 src\lib\STM32F1xx_HAL_Driver\Src\stm32f1xx_hal_uart.o
 .ARM.attributes
                0x00000467       0x33 src\main.o
 .ARM.attributes
                0x0000049a       0x2d c:/program files (x86)/atollic/truestudio for stm32 9.3.0/armtools/bin/../lib/gcc/arm-atollic-eabi/6.3.1/../../../../arm-atollic-eabi/lib/armv7-m\libc_nano.a(lib_a-init.o)
 .ARM.attributes
                0x000004c7       0x2d c:/program files (x86)/atollic/truestudio for stm32 9.3.0/armtools/bin/../lib/gcc/arm-atollic-eabi/6.3.1/../../../../arm-atollic-eabi/lib/armv7-m\libc_nano.a(lib_a-memset.o)
 .ARM.attributes
                0x000004f4       0x2d c:/program files (x86)/atollic/truestudio for stm32 9.3.0/armtools/bin/../lib/gcc/arm-atollic-eabi/6.3.1/../../../../arm-atollic-eabi/lib/armv7-m\libc_nano.a(lib_a-vsnprintf.o)
 .ARM.attributes
                0x00000521       0x2d c:/program files (x86)/atollic/truestudio for stm32 9.3.0/armtools/bin/../lib/gcc/arm-atollic-eabi/6.3.1/../../../../arm-atollic-eabi/lib/armv7-m\libc_nano.a(lib_a-impure.o)
 .ARM.attributes
                0x0000054e       0x2d c:/program files (x86)/atollic/truestudio for stm32 9.3.0/armtools/bin/../lib/gcc/arm-atollic-eabi/6.3.1/../../../../arm-atollic-eabi/lib/armv7-m\libc_nano.a(lib_a-nano-svfprintf.o)
 .ARM.attributes
                0x0000057b       0x2d c:/program files (x86)/atollic/truestudio for stm32 9.3.0/armtools/bin/../lib/gcc/arm-atollic-eabi/6.3.1/../../../../arm-atollic-eabi/lib/armv7-m\libc_nano.a(lib_a-nano-vfprintf_i.o)
 .ARM.attributes
                0x000005a8       0x2d c:/program files (x86)/atollic/truestudio for stm32 9.3.0/armtools/bin/../lib/gcc/arm-atollic-eabi/6.3.1/../../../../arm-atollic-eabi/lib/armv7-m\libc_nano.a(lib_a-memchr-stub.o)
 .ARM.attributes
                0x000005d5       0x2d c:/program files (x86)/atollic/truestudio for stm32 9.3.0/armtools/bin/../lib/gcc/arm-atollic-eabi/6.3.1/../../../../arm-atollic-eabi/lib/armv7-m\libc_nano.a(lib_a-memcpy-stub.o)
 .ARM.attributes
                0x00000602       0x2d c:/program files (x86)/atollic/truestudio for stm32 9.3.0/armtools/bin/../lib/gcc/arm-atollic-eabi/6.3.1/../../../../arm-atollic-eabi/lib/armv7-m\libc_nano.a(lib_a-memmove.o)
 .ARM.attributes
                0x0000062f       0x2d c:/program files (x86)/atollic/truestudio for stm32 9.3.0/armtools/bin/../lib/gcc/arm-atollic-eabi/6.3.1/../../../../arm-atollic-eabi/lib/armv7-m\libc_nano.a(lib_a-nano-freer.o)
 .ARM.attributes
                0x0000065c       0x2d c:/program files (x86)/atollic/truestudio for stm32 9.3.0/armtools/bin/../lib/gcc/arm-atollic-eabi/6.3.1/../../../../arm-atollic-eabi/lib/armv7-m\libc_nano.a(lib_a-nano-mallocr.o)
 .ARM.attributes
                0x00000689       0x2d c:/program files (x86)/atollic/truestudio for stm32 9.3.0/armtools/bin/../lib/gcc/arm-atollic-eabi/6.3.1/../../../../arm-atollic-eabi/lib/armv7-m\libc_nano.a(lib_a-nano-reallocr.o)
 .ARM.attributes
                0x000006b6       0x2d c:/program files (x86)/atollic/truestudio for stm32 9.3.0/armtools/bin/../lib/gcc/arm-atollic-eabi/6.3.1/../../../../arm-atollic-eabi/lib/armv7-m\libc_nano.a(lib_a-sbrkr.o)
 .ARM.attributes
                0x000006e3       0x2d c:/program files (x86)/atollic/truestudio for stm32 9.3.0/armtools/bin/../lib/gcc/arm-atollic-eabi/6.3.1/../../../../arm-atollic-eabi/lib/armv7-m\libc_nano.a(lib_a-mlock.o)
 .ARM.attributes
                0x00000710       0x2d c:/program files (x86)/atollic/truestudio for stm32 9.3.0/armtools/bin/../lib/gcc/arm-atollic-eabi/6.3.1/../../../../arm-atollic-eabi/lib/armv7-m\libc_nano.a(lib_a-nano-msizer.o)
 .ARM.attributes
                0x0000073d       0x2d c:/program files (x86)/atollic/truestudio for stm32 9.3.0/armtools/bin/../lib/gcc/arm-atollic-eabi/6.3.1/../../../../arm-atollic-eabi/lib/armv7-m\libc_nano.a(lib_a-reent.o)
 .ARM.attributes
                0x0000076a       0x2d c:/program files (x86)/atollic/truestudio for stm32 9.3.0/armtools/bin/../lib/gcc/arm-atollic-eabi/6.3.1/../../../../arm-atollic-eabi/lib/armv7-m\libnosys.a(sbrk.o)
 .ARM.attributes
                0x00000797       0x1d c:/program files (x86)/atollic/truestudio for stm32 9.3.0/armtools/bin/../lib/gcc/arm-atollic-eabi/6.3.1/armv7-m/crtn.o
OUTPUT(09_UART(Loopback).elf elf32-littlearm)

.debug_info     0x00000000     0x85f4
 .debug_info    0x00000000      0x202 src\ap\ap.o
 .debug_info    0x00000202      0x39b src\bsp\bsp.o
 .debug_info    0x0000059d      0x3e7 src\bsp\cmsis\system_stm32f1xx.o
 .debug_info    0x00000984       0x9b src\bsp\startup\startup_stm32f103xb.o
 .debug_info    0x00000a1f      0x1fc src\bsp\stm32f1xx_it.o
 .debug_info    0x00000c1b      0x2a7 src\common\core\qbuffer.o
 .debug_info    0x00000ec2      0x4d4 src\hw\core\button.o
 .debug_info    0x00001396      0x73c src\hw\core\eeprom.o
 .debug_info    0x00001ad2      0x38e src\hw\core\flash.o
 .debug_info    0x00001e60      0x2d5 src\hw\core\led.o
 .debug_info    0x00002135      0x3bb src\hw\core\swtimer.o
 .debug_info    0x000024f0     0x15e2 src\hw\core\uart.o
 .debug_info    0x00003ad2      0x1ad src\hw\hw.o
 .debug_info    0x00003c7f      0x6fe src\lib\STM32F1xx_HAL_Driver\Src\stm32f1xx_hal.o
 .debug_info    0x0000437d      0xb47 src\lib\STM32F1xx_HAL_Driver\Src\stm32f1xx_hal_cortex.o
 .debug_info    0x00004ec4      0x7a2 src\lib\STM32F1xx_HAL_Driver\Src\stm32f1xx_hal_dma.o
 .debug_info    0x00005666      0x597 src\lib\STM32F1xx_HAL_Driver\Src\stm32f1xx_hal_flash.o
 .debug_info    0x00005bfd      0x81b src\lib\STM32F1xx_HAL_Driver\Src\stm32f1xx_hal_flash_ex.o
 .debug_info    0x00006418      0x681 src\lib\STM32F1xx_HAL_Driver\Src\stm32f1xx_hal_gpio.o
 .debug_info    0x00006a99      0x803 src\lib\STM32F1xx_HAL_Driver\Src\stm32f1xx_hal_rcc.o
 .debug_info    0x0000729c     0x11e0 src\lib\STM32F1xx_HAL_Driver\Src\stm32f1xx_hal_uart.o
 .debug_info    0x0000847c      0x178 src\main.o

.debug_abbrev   0x00000000     0x2216
 .debug_abbrev  0x00000000      0x125 src\ap\ap.o
 .debug_abbrev  0x00000125      0x13a src\bsp\bsp.o
 .debug_abbrev  0x0000025f      0x12f src\bsp\cmsis\system_stm32f1xx.o
 .debug_abbrev  0x0000038e       0x12 src\bsp\startup\startup_stm32f103xb.o
 .debug_abbrev  0x000003a0       0xc1 src\bsp\stm32f1xx_it.o
 .debug_abbrev  0x00000461       0xd7 src\common\core\qbuffer.o
 .debug_abbrev  0x00000538      0x1ac src\hw\core\button.o
 .debug_abbrev  0x000006e4      0x1ca src\hw\core\eeprom.o
 .debug_abbrev  0x000008ae      0x14b src\hw\core\flash.o
 .debug_abbrev  0x000009f9      0x144 src\hw\core\led.o
 .debug_abbrev  0x00000b3d      0x173 src\hw\core\swtimer.o
 .debug_abbrev  0x00000cb0      0x2dc src\hw\core\uart.o
 .debug_abbrev  0x00000f8c       0xec src\hw\hw.o
 .debug_abbrev  0x00001078      0x1d3 src\lib\STM32F1xx_HAL_Driver\Src\stm32f1xx_hal.o
 .debug_abbrev  0x0000124b      0x2d0 src\lib\STM32F1xx_HAL_Driver\Src\stm32f1xx_hal_cortex.o
 .debug_abbrev  0x0000151b      0x1f9 src\lib\STM32F1xx_HAL_Driver\Src\stm32f1xx_hal_dma.o
 .debug_abbrev  0x00001714      0x20b src\lib\STM32F1xx_HAL_Driver\Src\stm32f1xx_hal_flash.o
 .debug_abbrev  0x0000191f      0x216 src\lib\STM32F1xx_HAL_Driver\Src\stm32f1xx_hal_flash_ex.o
 .debug_abbrev  0x00001b35      0x1bb src\lib\STM32F1xx_HAL_Driver\Src\stm32f1xx_hal_gpio.o
 .debug_abbrev  0x00001cf0      0x23e src\lib\STM32F1xx_HAL_Driver\Src\stm32f1xx_hal_rcc.o
 .debug_abbrev  0x00001f2e      0x23d src\lib\STM32F1xx_HAL_Driver\Src\stm32f1xx_hal_uart.o
 .debug_abbrev  0x0000216b       0xab src\main.o

.debug_aranges  0x00000000      0xa38
 .debug_aranges
                0x00000000       0x30 src\ap\ap.o
 .debug_aranges
                0x00000030       0x28 src\bsp\bsp.o
 .debug_aranges
                0x00000058       0x28 src\bsp\cmsis\system_stm32f1xx.o
 .debug_aranges
                0x00000080       0x28 src\bsp\startup\startup_stm32f103xb.o
 .debug_aranges
                0x000000a8       0x60 src\bsp\stm32f1xx_it.o
 .debug_aranges
                0x00000108       0x48 src\common\core\qbuffer.o
 .debug_aranges
                0x00000150       0x60 src\hw\core\button.o
 .debug_aranges
                0x000001b0       0x90 src\hw\core\eeprom.o
 .debug_aranges
                0x00000240       0x38 src\hw\core\flash.o
 .debug_aranges
                0x00000278       0x38 src\hw\core\led.o
 .debug_aranges
                0x000002b0       0x58 src\hw\core\swtimer.o
 .debug_aranges
                0x00000308       0xa8 src\hw\core\uart.o
 .debug_aranges
                0x000003b0       0x30 src\hw\hw.o
 .debug_aranges
                0x000003e0       0xe0 src\lib\STM32F1xx_HAL_Driver\Src\stm32f1xx_hal.o
 .debug_aranges
                0x000004c0      0x100 src\lib\STM32F1xx_HAL_Driver\Src\stm32f1xx_hal_cortex.o
 .debug_aranges
                0x000005c0       0x80 src\lib\STM32F1xx_HAL_Driver\Src\stm32f1xx_hal_dma.o
 .debug_aranges
                0x00000640       0x88 src\lib\STM32F1xx_HAL_Driver\Src\stm32f1xx_hal_flash.o
 .debug_aranges
                0x000006c8       0x98 src\lib\STM32F1xx_HAL_Driver\Src\stm32f1xx_hal_flash_ex.o
 .debug_aranges
                0x00000760       0x58 src\lib\STM32F1xx_HAL_Driver\Src\stm32f1xx_hal_gpio.o
 .debug_aranges
                0x000007b8       0x90 src\lib\STM32F1xx_HAL_Driver\Src\stm32f1xx_hal_rcc.o
 .debug_aranges
                0x00000848      0x1d0 src\lib\STM32F1xx_HAL_Driver\Src\stm32f1xx_hal_uart.o
 .debug_aranges
                0x00000a18       0x20 src\main.o

.debug_ranges   0x00000000      0x8e0
 .debug_ranges  0x00000000       0x20 src\ap\ap.o
 .debug_ranges  0x00000020       0x18 src\bsp\bsp.o
 .debug_ranges  0x00000038       0x18 src\bsp\cmsis\system_stm32f1xx.o
 .debug_ranges  0x00000050       0x20 src\bsp\startup\startup_stm32f103xb.o
 .debug_ranges  0x00000070       0x50 src\bsp\stm32f1xx_it.o
 .debug_ranges  0x000000c0       0x38 src\common\core\qbuffer.o
 .debug_ranges  0x000000f8       0x50 src\hw\core\button.o
 .debug_ranges  0x00000148       0x80 src\hw\core\eeprom.o
 .debug_ranges  0x000001c8       0x28 src\hw\core\flash.o
 .debug_ranges  0x000001f0       0x28 src\hw\core\led.o
 .debug_ranges  0x00000218       0x48 src\hw\core\swtimer.o
 .debug_ranges  0x00000260       0x98 src\hw\core\uart.o
 .debug_ranges  0x000002f8       0x20 src\hw\hw.o
 .debug_ranges  0x00000318       0xd0 src\lib\STM32F1xx_HAL_Driver\Src\stm32f1xx_hal.o
 .debug_ranges  0x000003e8       0xf0 src\lib\STM32F1xx_HAL_Driver\Src\stm32f1xx_hal_cortex.o
 .debug_ranges  0x000004d8       0x70 src\lib\STM32F1xx_HAL_Driver\Src\stm32f1xx_hal_dma.o
 .debug_ranges  0x00000548       0x78 src\lib\STM32F1xx_HAL_Driver\Src\stm32f1xx_hal_flash.o
 .debug_ranges  0x000005c0       0x88 src\lib\STM32F1xx_HAL_Driver\Src\stm32f1xx_hal_flash_ex.o
 .debug_ranges  0x00000648       0x48 src\lib\STM32F1xx_HAL_Driver\Src\stm32f1xx_hal_gpio.o
 .debug_ranges  0x00000690       0x80 src\lib\STM32F1xx_HAL_Driver\Src\stm32f1xx_hal_rcc.o
 .debug_ranges  0x00000710      0x1c0 src\lib\STM32F1xx_HAL_Driver\Src\stm32f1xx_hal_uart.o
 .debug_ranges  0x000008d0       0x10 src\main.o

.debug_line     0x00000000     0x5c41
 .debug_line    0x00000000      0x2a2 src\ap\ap.o
 .debug_line    0x000002a2      0x300 src\bsp\bsp.o
 .debug_line    0x000005a2      0x219 src\bsp\cmsis\system_stm32f1xx.o
 .debug_line    0x000007bb       0x85 src\bsp\startup\startup_stm32f103xb.o
 .debug_line    0x00000840      0x319 src\bsp\stm32f1xx_it.o
 .debug_line    0x00000b59      0x23d src\common\core\qbuffer.o
 .debug_line    0x00000d96      0x3b5 src\hw\core\button.o
 .debug_line    0x0000114b      0x53b src\hw\core\eeprom.o
 .debug_line    0x00001686      0x343 src\hw\core\flash.o
 .debug_line    0x000019c9      0x2dc src\hw\core\led.o
 .debug_line    0x00001ca5      0x359 src\hw\core\swtimer.o
 .debug_line    0x00001ffe      0x5ce src\hw\core\uart.o
 .debug_line    0x000025cc      0x29e src\hw\hw.o
 .debug_line    0x0000286a      0x494 src\lib\STM32F1xx_HAL_Driver\Src\stm32f1xx_hal.o
 .debug_line    0x00002cfe      0x566 src\lib\STM32F1xx_HAL_Driver\Src\stm32f1xx_hal_cortex.o
 .debug_line    0x00003264      0x721 src\lib\STM32F1xx_HAL_Driver\Src\stm32f1xx_hal_dma.o
 .debug_line    0x00003985      0x4d9 src\lib\STM32F1xx_HAL_Driver\Src\stm32f1xx_hal_flash.o
 .debug_line    0x00003e5e      0x535 src\lib\STM32F1xx_HAL_Driver\Src\stm32f1xx_hal_flash_ex.o
 .debug_line    0x00004393      0x4ac src\lib\STM32F1xx_HAL_Driver\Src\stm32f1xx_hal_gpio.o
 .debug_line    0x0000483f      0x5ae src\lib\STM32F1xx_HAL_Driver\Src\stm32f1xx_hal_rcc.o
 .debug_line    0x00004ded      0xbdd src\lib\STM32F1xx_HAL_Driver\Src\stm32f1xx_hal_uart.o
 .debug_line    0x000059ca      0x277 src\main.o

.debug_str      0x00000000     0x2dd2
 .debug_str     0x00000000      0x264 src\ap\ap.o
                                0x2b6 (size before relaxing)
 .debug_str     0x00000264      0x1a0 src\bsp\bsp.o
                                0x416 (size before relaxing)
 .debug_str     0x00000404       0xb5 src\bsp\cmsis\system_stm32f1xx.o
                                0x2ea (size before relaxing)
 .debug_str     0x000004b9       0xaa src\bsp\stm32f1xx_it.o
                                0x320 (size before relaxing)
 .debug_str     0x00000563       0xb3 src\common\core\qbuffer.o
                                0x261 (size before relaxing)
 .debug_str     0x00000616      0x1e6 src\hw\core\button.o
                                0x478 (size before relaxing)
 .debug_str     0x000007fc      0x235 src\hw\core\eeprom.o
                                0x536 (size before relaxing)
 .debug_str     0x00000a31       0x90 src\hw\core\flash.o
                                0x39b (size before relaxing)
 .debug_str     0x00000ac1       0x34 src\hw\core\led.o
                                0x322 (size before relaxing)
 .debug_str     0x00000af5      0x125 src\hw\core\swtimer.o
                                0x3dd (size before relaxing)
 .debug_str     0x00000c1a      0xb90 src\hw\core\uart.o
                                0xfa1 (size before relaxing)
 .debug_str     0x000017aa       0x25 src\hw\hw.o
                                0x2a1 (size before relaxing)
 .debug_str     0x000017cf      0x266 src\lib\STM32F1xx_HAL_Driver\Src\stm32f1xx_hal.o
                                0x83f (size before relaxing)
 .debug_str     0x00001a35      0x3ac src\lib\STM32F1xx_HAL_Driver\Src\stm32f1xx_hal_cortex.o
                                0x9a6 (size before relaxing)
 .debug_str     0x00001de1      0x244 src\lib\STM32F1xx_HAL_Driver\Src\stm32f1xx_hal_dma.o
                                0x6e8 (size before relaxing)
 .debug_str     0x00002025      0x275 src\lib\STM32F1xx_HAL_Driver\Src\stm32f1xx_hal_flash.o
                                0x5e3 (size before relaxing)
 .debug_str     0x0000229a      0x28b src\lib\STM32F1xx_HAL_Driver\Src\stm32f1xx_hal_flash_ex.o
                                0x70f (size before relaxing)
 .debug_str     0x00002525      0x169 src\lib\STM32F1xx_HAL_Driver\Src\stm32f1xx_hal_gpio.o
                                0x4f7 (size before relaxing)
 .debug_str     0x0000268e      0x23e src\lib\STM32F1xx_HAL_Driver\Src\stm32f1xx_hal_rcc.o
                                0x6b2 (size before relaxing)
 .debug_str     0x000028cc      0x4f3 src\lib\STM32F1xx_HAL_Driver\Src\stm32f1xx_hal_uart.o
                                0xbf9 (size before relaxing)
 .debug_str     0x00002dbf       0x13 src\main.o
                                0x289 (size before relaxing)

.comment        0x00000000       0x7c
 .comment       0x00000000       0x7c src\ap\ap.o
                                 0x7d (size before relaxing)
 .comment       0x0000007c       0x7d src\bsp\bsp.o
 .comment       0x0000007c       0x7d src\bsp\cmsis\system_stm32f1xx.o
 .comment       0x0000007c       0x7d src\bsp\stm32f1xx_it.o
 .comment       0x0000007c       0x7d src\common\core\qbuffer.o
 .comment       0x0000007c       0x7d src\hw\core\button.o
 .comment       0x0000007c       0x7d src\hw\core\eeprom.o
 .comment       0x0000007c       0x7d src\hw\core\flash.o
 .comment       0x0000007c       0x7d src\hw\core\led.o
 .comment       0x0000007c       0x7d src\hw\core\swtimer.o
 .comment       0x0000007c       0x7d src\hw\core\uart.o
 .comment       0x0000007c       0x7d src\hw\hw.o
 .comment       0x0000007c       0x7d src\lib\STM32F1xx_HAL_Driver\Src\stm32f1xx_hal.o
 .comment       0x0000007c       0x7d src\lib\STM32F1xx_HAL_Driver\Src\stm32f1xx_hal_cortex.o
 .comment       0x0000007c       0x7d src\lib\STM32F1xx_HAL_Driver\Src\stm32f1xx_hal_dma.o
 .comment       0x0000007c       0x7d src\lib\STM32F1xx_HAL_Driver\Src\stm32f1xx_hal_flash.o
 .comment       0x0000007c       0x7d src\lib\STM32F1xx_HAL_Driver\Src\stm32f1xx_hal_flash_ex.o
 .comment       0x0000007c       0x7d src\lib\STM32F1xx_HAL_Driver\Src\stm32f1xx_hal_gpio.o
 .comment       0x0000007c       0x7d src\lib\STM32F1xx_HAL_Driver\Src\stm32f1xx_hal_rcc.o
 .comment       0x0000007c       0x7d src\lib\STM32F1xx_HAL_Driver\Src\stm32f1xx_hal_uart.o
 .comment       0x0000007c       0x7d src\main.o

.debug_frame    0x00000000     0x29a8
 .debug_frame   0x00000000       0x70 src\ap\ap.o
 .debug_frame   0x00000070       0x58 src\bsp\bsp.o
 .debug_frame   0x000000c8       0x58 src\bsp\cmsis\system_stm32f1xx.o
 .debug_frame   0x00000120      0x10c src\bsp\stm32f1xx_it.o
 .debug_frame   0x0000022c       0xf8 src\common\core\qbuffer.o
 .debug_frame   0x00000324      0x174 src\hw\core\button.o
 .debug_frame   0x00000498      0x234 src\hw\core\eeprom.o
 .debug_frame   0x000006cc       0xac src\hw\core\flash.o
 .debug_frame   0x00000778       0xa0 src\hw\core\led.o
 .debug_frame   0x00000818      0x144 src\hw\core\swtimer.o
 .debug_frame   0x0000095c      0x2ac src\hw\core\uart.o
 .debug_frame   0x00000c08       0x6c src\hw\hw.o
 .debug_frame   0x00000c74      0x334 src\lib\STM32F1xx_HAL_Driver\Src\stm32f1xx_hal.o
 .debug_frame   0x00000fa8      0x428 src\lib\STM32F1xx_HAL_Driver\Src\stm32f1xx_hal_cortex.o
 .debug_frame   0x000013d0      0x208 src\lib\STM32F1xx_HAL_Driver\Src\stm32f1xx_hal_dma.o
 .debug_frame   0x000015d8      0x214 src\lib\STM32F1xx_HAL_Driver\Src\stm32f1xx_hal_flash.o
 .debug_frame   0x000017ec      0x258 src\lib\STM32F1xx_HAL_Driver\Src\stm32f1xx_hal_flash_ex.o
 .debug_frame   0x00001a44      0x14c src\lib\STM32F1xx_HAL_Driver\Src\stm32f1xx_hal_gpio.o
 .debug_frame   0x00001b90      0x21c src\lib\STM32F1xx_HAL_Driver\Src\stm32f1xx_hal_rcc.o
 .debug_frame   0x00001dac      0x838 src\lib\STM32F1xx_HAL_Driver\Src\stm32f1xx_hal_uart.o
 .debug_frame   0x000025e4       0x2c src\main.o
 .debug_frame   0x00002610       0x2c c:/program files (x86)/atollic/truestudio for stm32 9.3.0/armtools/bin/../lib/gcc/arm-atollic-eabi/6.3.1/../../../../arm-atollic-eabi/lib/armv7-m\libc_nano.a(lib_a-init.o)
 .debug_frame   0x0000263c       0x20 c:/program files (x86)/atollic/truestudio for stm32 9.3.0/armtools/bin/../lib/gcc/arm-atollic-eabi/6.3.1/../../../../arm-atollic-eabi/lib/armv7-m\libc_nano.a(lib_a-memset.o)
 .debug_frame   0x0000265c       0x4c c:/program files (x86)/atollic/truestudio for stm32 9.3.0/armtools/bin/../lib/gcc/arm-atollic-eabi/6.3.1/../../../../arm-atollic-eabi/lib/armv7-m\libc_nano.a(lib_a-vsnprintf.o)
 .debug_frame   0x000026a8       0x90 c:/program files (x86)/atollic/truestudio for stm32 9.3.0/armtools/bin/../lib/gcc/arm-atollic-eabi/6.3.1/../../../../arm-atollic-eabi/lib/armv7-m\libc_nano.a(lib_a-nano-svfprintf.o)
 .debug_frame   0x00002738       0x60 c:/program files (x86)/atollic/truestudio for stm32 9.3.0/armtools/bin/../lib/gcc/arm-atollic-eabi/6.3.1/../../../../arm-atollic-eabi/lib/armv7-m\libc_nano.a(lib_a-nano-vfprintf_i.o)
 .debug_frame   0x00002798       0x28 c:/program files (x86)/atollic/truestudio for stm32 9.3.0/armtools/bin/../lib/gcc/arm-atollic-eabi/6.3.1/../../../../arm-atollic-eabi/lib/armv7-m\libc_nano.a(lib_a-memchr-stub.o)
 .debug_frame   0x000027c0       0x28 c:/program files (x86)/atollic/truestudio for stm32 9.3.0/armtools/bin/../lib/gcc/arm-atollic-eabi/6.3.1/../../../../arm-atollic-eabi/lib/armv7-m\libc_nano.a(lib_a-memcpy-stub.o)
 .debug_frame   0x000027e8       0x28 c:/program files (x86)/atollic/truestudio for stm32 9.3.0/armtools/bin/../lib/gcc/arm-atollic-eabi/6.3.1/../../../../arm-atollic-eabi/lib/armv7-m\libc_nano.a(lib_a-memmove.o)
 .debug_frame   0x00002810       0x38 c:/program files (x86)/atollic/truestudio for stm32 9.3.0/armtools/bin/../lib/gcc/arm-atollic-eabi/6.3.1/../../../../arm-atollic-eabi/lib/armv7-m\libc_nano.a(lib_a-nano-freer.o)
 .debug_frame   0x00002848       0x2c c:/program files (x86)/atollic/truestudio for stm32 9.3.0/armtools/bin/../lib/gcc/arm-atollic-eabi/6.3.1/../../../../arm-atollic-eabi/lib/armv7-m\libc_nano.a(lib_a-nano-mallocr.o)
 .debug_frame   0x00002874       0x3c c:/program files (x86)/atollic/truestudio for stm32 9.3.0/armtools/bin/../lib/gcc/arm-atollic-eabi/6.3.1/../../../../arm-atollic-eabi/lib/armv7-m\libc_nano.a(lib_a-nano-reallocr.o)
 .debug_frame   0x000028b0       0x2c c:/program files (x86)/atollic/truestudio for stm32 9.3.0/armtools/bin/../lib/gcc/arm-atollic-eabi/6.3.1/../../../../arm-atollic-eabi/lib/armv7-m\libc_nano.a(lib_a-sbrkr.o)
 .debug_frame   0x000028dc       0x30 c:/program files (x86)/atollic/truestudio for stm32 9.3.0/armtools/bin/../lib/gcc/arm-atollic-eabi/6.3.1/../../../../arm-atollic-eabi/lib/armv7-m\libc_nano.a(lib_a-mlock.o)
 .debug_frame   0x0000290c       0x20 c:/program files (x86)/atollic/truestudio for stm32 9.3.0/armtools/bin/../lib/gcc/arm-atollic-eabi/6.3.1/../../../../arm-atollic-eabi/lib/armv7-m\libc_nano.a(lib_a-nano-msizer.o)
 .debug_frame   0x0000292c       0x5c c:/program files (x86)/atollic/truestudio for stm32 9.3.0/armtools/bin/../lib/gcc/arm-atollic-eabi/6.3.1/../../../../arm-atollic-eabi/lib/armv7-m\libc_nano.a(lib_a-reent.o)
 .debug_frame   0x00002988       0x20 c:/program files (x86)/atollic/truestudio for stm32 9.3.0/armtools/bin/../lib/gcc/arm-atollic-eabi/6.3.1/../../../../arm-atollic-eabi/lib/armv7-m\libnosys.a(sbrk.o)

Cross Reference Table

Symbol                                            File
ADC1_2_IRQHandler                                 src\bsp\startup\startup_stm32f103xb.o
ADC_ConversionStop_Disable                        src\lib\STM32F1xx_HAL_Driver\Src\stm32f1xx_hal_adc.o
                                                  src\lib\STM32F1xx_HAL_Driver\Src\stm32f1xx_hal_adc_ex.o
ADC_DMAConvCplt                                   src\lib\STM32F1xx_HAL_Driver\Src\stm32f1xx_hal_adc.o
                                                  src\lib\STM32F1xx_HAL_Driver\Src\stm32f1xx_hal_adc_ex.o
ADC_DMAError                                      src\lib\STM32F1xx_HAL_Driver\Src\stm32f1xx_hal_adc.o
                                                  src\lib\STM32F1xx_HAL_Driver\Src\stm32f1xx_hal_adc_ex.o
ADC_DMAHalfConvCplt                               src\lib\STM32F1xx_HAL_Driver\Src\stm32f1xx_hal_adc.o
                                                  src\lib\STM32F1xx_HAL_Driver\Src\stm32f1xx_hal_adc_ex.o
ADC_Enable                                        src\lib\STM32F1xx_HAL_Driver\Src\stm32f1xx_hal_adc.o
                                                  src\lib\STM32F1xx_HAL_Driver\Src\stm32f1xx_hal_adc_ex.o
AHBPrescTable                                     src\bsp\cmsis\system_stm32f1xx.o
                                                  src\lib\STM32F1xx_HAL_Driver\Src\stm32f1xx_ll_utils.o
                                                  src\lib\STM32F1xx_HAL_Driver\Src\stm32f1xx_hal_rcc.o
APBPrescTable                                     src\bsp\cmsis\system_stm32f1xx.o
                                                  src\lib\STM32F1xx_HAL_Driver\Src\stm32f1xx_hal_rcc.o
BusFault_Handler                                  src\bsp\stm32f1xx_it.o
                                                  src\bsp\startup\startup_stm32f103xb.o
CAN1_RX1_IRQHandler                               src\bsp\startup\startup_stm32f103xb.o
CAN1_SCE_IRQHandler                               src\bsp\startup\startup_stm32f103xb.o
DMA1_Channel1_IRQHandler                          src\bsp\startup\startup_stm32f103xb.o
DMA1_Channel2_IRQHandler                          src\bsp\startup\startup_stm32f103xb.o
DMA1_Channel3_IRQHandler                          src\bsp\startup\startup_stm32f103xb.o
DMA1_Channel4_IRQHandler                          src\bsp\startup\startup_stm32f103xb.o
DMA1_Channel5_IRQHandler                          src\bsp\startup\startup_stm32f103xb.o
DMA1_Channel6_IRQHandler                          src\bsp\startup\startup_stm32f103xb.o
DMA1_Channel7_IRQHandler                          src\bsp\startup\startup_stm32f103xb.o
DataVar                                           src\hw\core\eeprom.o
DebugMon_Handler                                  src\bsp\stm32f1xx_it.o
                                                  src\bsp\startup\startup_stm32f103xb.o
Default_Handler                                   src\bsp\startup\startup_stm32f103xb.o
EE_Init                                           src\hw\core\eeprom.o
EE_ReadVariable                                   src\hw\core\eeprom.o
EE_WriteVariable                                  src\hw\core\eeprom.o
EXTI0_IRQHandler                                  src\bsp\startup\startup_stm32f103xb.o
EXTI15_10_IRQHandler                              src\bsp\startup\startup_stm32f103xb.o
EXTI1_IRQHandler                                  src\bsp\startup\startup_stm32f103xb.o
EXTI2_IRQHandler                                  src\bsp\startup\startup_stm32f103xb.o
EXTI3_IRQHandler                                  src\bsp\startup\startup_stm32f103xb.o
EXTI4_IRQHandler                                  src\bsp\startup\startup_stm32f103xb.o
EXTI9_5_IRQHandler                                src\bsp\startup\startup_stm32f103xb.o
FLASH_IRQHandler                                  src\bsp\startup\startup_stm32f103xb.o
FLASH_PageErase                                   src\lib\STM32F1xx_HAL_Driver\Src\stm32f1xx_hal_flash_ex.o
                                                  src\lib\STM32F1xx_HAL_Driver\Src\stm32f1xx_hal_flash.o
FLASH_WaitForLastOperation                        src\lib\STM32F1xx_HAL_Driver\Src\stm32f1xx_hal_flash.o
                                                  src\lib\STM32F1xx_HAL_Driver\Src\stm32f1xx_hal_flash_ex.o
HAL_ADCEx_Calibration_Start                       src\lib\STM32F1xx_HAL_Driver\Src\stm32f1xx_hal_adc_ex.o
HAL_ADCEx_InjectedConfigChannel                   src\lib\STM32F1xx_HAL_Driver\Src\stm32f1xx_hal_adc_ex.o
HAL_ADCEx_InjectedConvCpltCallback                src\lib\STM32F1xx_HAL_Driver\Src\stm32f1xx_hal_adc_ex.o
                                                  src\lib\STM32F1xx_HAL_Driver\Src\stm32f1xx_hal_adc.o
HAL_ADCEx_InjectedGetValue                        src\lib\STM32F1xx_HAL_Driver\Src\stm32f1xx_hal_adc_ex.o
HAL_ADCEx_InjectedPollForConversion               src\lib\STM32F1xx_HAL_Driver\Src\stm32f1xx_hal_adc_ex.o
HAL_ADCEx_InjectedStart                           src\lib\STM32F1xx_HAL_Driver\Src\stm32f1xx_hal_adc_ex.o
HAL_ADCEx_InjectedStart_IT                        src\lib\STM32F1xx_HAL_Driver\Src\stm32f1xx_hal_adc_ex.o
HAL_ADCEx_InjectedStop                            src\lib\STM32F1xx_HAL_Driver\Src\stm32f1xx_hal_adc_ex.o
HAL_ADCEx_InjectedStop_IT                         src\lib\STM32F1xx_HAL_Driver\Src\stm32f1xx_hal_adc_ex.o
HAL_ADCEx_MultiModeConfigChannel                  src\lib\STM32F1xx_HAL_Driver\Src\stm32f1xx_hal_adc_ex.o
HAL_ADCEx_MultiModeGetValue                       src\lib\STM32F1xx_HAL_Driver\Src\stm32f1xx_hal_adc_ex.o
HAL_ADCEx_MultiModeStart_DMA                      src\lib\STM32F1xx_HAL_Driver\Src\stm32f1xx_hal_adc_ex.o
HAL_ADCEx_MultiModeStop_DMA                       src\lib\STM32F1xx_HAL_Driver\Src\stm32f1xx_hal_adc_ex.o
HAL_ADC_AnalogWDGConfig                           src\lib\STM32F1xx_HAL_Driver\Src\stm32f1xx_hal_adc.o
HAL_ADC_ConfigChannel                             src\lib\STM32F1xx_HAL_Driver\Src\stm32f1xx_hal_adc.o
HAL_ADC_ConvCpltCallback                          src\lib\STM32F1xx_HAL_Driver\Src\stm32f1xx_hal_adc.o
HAL_ADC_ConvHalfCpltCallback                      src\lib\STM32F1xx_HAL_Driver\Src\stm32f1xx_hal_adc.o
HAL_ADC_DeInit                                    src\lib\STM32F1xx_HAL_Driver\Src\stm32f1xx_hal_adc.o
HAL_ADC_ErrorCallback                             src\lib\STM32F1xx_HAL_Driver\Src\stm32f1xx_hal_adc.o
HAL_ADC_GetError                                  src\lib\STM32F1xx_HAL_Driver\Src\stm32f1xx_hal_adc.o
HAL_ADC_GetState                                  src\lib\STM32F1xx_HAL_Driver\Src\stm32f1xx_hal_adc.o
HAL_ADC_GetValue                                  src\lib\STM32F1xx_HAL_Driver\Src\stm32f1xx_hal_adc.o
HAL_ADC_IRQHandler                                src\lib\STM32F1xx_HAL_Driver\Src\stm32f1xx_hal_adc.o
HAL_ADC_Init                                      src\lib\STM32F1xx_HAL_Driver\Src\stm32f1xx_hal_adc.o
HAL_ADC_LevelOutOfWindowCallback                  src\lib\STM32F1xx_HAL_Driver\Src\stm32f1xx_hal_adc.o
HAL_ADC_MspDeInit                                 src\lib\STM32F1xx_HAL_Driver\Src\stm32f1xx_hal_adc.o
HAL_ADC_MspInit                                   src\lib\STM32F1xx_HAL_Driver\Src\stm32f1xx_hal_adc.o
HAL_ADC_PollForConversion                         src\lib\STM32F1xx_HAL_Driver\Src\stm32f1xx_hal_adc.o
HAL_ADC_PollForEvent                              src\lib\STM32F1xx_HAL_Driver\Src\stm32f1xx_hal_adc.o
HAL_ADC_Start                                     src\lib\STM32F1xx_HAL_Driver\Src\stm32f1xx_hal_adc.o
HAL_ADC_Start_DMA                                 src\lib\STM32F1xx_HAL_Driver\Src\stm32f1xx_hal_adc.o
HAL_ADC_Start_IT                                  src\lib\STM32F1xx_HAL_Driver\Src\stm32f1xx_hal_adc.o
HAL_ADC_Stop                                      src\lib\STM32F1xx_HAL_Driver\Src\stm32f1xx_hal_adc.o
HAL_ADC_Stop_DMA                                  src\lib\STM32F1xx_HAL_Driver\Src\stm32f1xx_hal_adc.o
HAL_ADC_Stop_IT                                   src\lib\STM32F1xx_HAL_Driver\Src\stm32f1xx_hal_adc.o
HAL_CAN_AbortTxRequest                            src\lib\STM32F1xx_HAL_Driver\Src\stm32f1xx_hal_can.o
HAL_CAN_ActivateNotification                      src\lib\STM32F1xx_HAL_Driver\Src\stm32f1xx_hal_can.o
HAL_CAN_AddTxMessage                              src\lib\STM32F1xx_HAL_Driver\Src\stm32f1xx_hal_can.o
HAL_CAN_ConfigFilter                              src\lib\STM32F1xx_HAL_Driver\Src\stm32f1xx_hal_can.o
HAL_CAN_DeInit                                    src\lib\STM32F1xx_HAL_Driver\Src\stm32f1xx_hal_can.o
HAL_CAN_DeactivateNotification                    src\lib\STM32F1xx_HAL_Driver\Src\stm32f1xx_hal_can.o
HAL_CAN_ErrorCallback                             src\lib\STM32F1xx_HAL_Driver\Src\stm32f1xx_hal_can.o
HAL_CAN_GetError                                  src\lib\STM32F1xx_HAL_Driver\Src\stm32f1xx_hal_can.o
HAL_CAN_GetRxFifoFillLevel                        src\lib\STM32F1xx_HAL_Driver\Src\stm32f1xx_hal_can.o
HAL_CAN_GetRxMessage                              src\lib\STM32F1xx_HAL_Driver\Src\stm32f1xx_hal_can.o
HAL_CAN_GetState                                  src\lib\STM32F1xx_HAL_Driver\Src\stm32f1xx_hal_can.o
HAL_CAN_GetTxMailboxesFreeLevel                   src\lib\STM32F1xx_HAL_Driver\Src\stm32f1xx_hal_can.o
HAL_CAN_GetTxTimestamp                            src\lib\STM32F1xx_HAL_Driver\Src\stm32f1xx_hal_can.o
HAL_CAN_IRQHandler                                src\lib\STM32F1xx_HAL_Driver\Src\stm32f1xx_hal_can.o
HAL_CAN_Init                                      src\lib\STM32F1xx_HAL_Driver\Src\stm32f1xx_hal_can.o
HAL_CAN_IsSleepActive                             src\lib\STM32F1xx_HAL_Driver\Src\stm32f1xx_hal_can.o
HAL_CAN_IsTxMessagePending                        src\lib\STM32F1xx_HAL_Driver\Src\stm32f1xx_hal_can.o
HAL_CAN_MspDeInit                                 src\lib\STM32F1xx_HAL_Driver\Src\stm32f1xx_hal_can.o
HAL_CAN_MspInit                                   src\lib\STM32F1xx_HAL_Driver\Src\stm32f1xx_hal_can.o
HAL_CAN_RequestSleep                              src\lib\STM32F1xx_HAL_Driver\Src\stm32f1xx_hal_can.o
HAL_CAN_ResetError                                src\lib\STM32F1xx_HAL_Driver\Src\stm32f1xx_hal_can.o
HAL_CAN_RxFifo0FullCallback                       src\lib\STM32F1xx_HAL_Driver\Src\stm32f1xx_hal_can.o
HAL_CAN_RxFifo0MsgPendingCallback                 src\lib\STM32F1xx_HAL_Driver\Src\stm32f1xx_hal_can.o
HAL_CAN_RxFifo1FullCallback                       src\lib\STM32F1xx_HAL_Driver\Src\stm32f1xx_hal_can.o
HAL_CAN_RxFifo1MsgPendingCallback                 src\lib\STM32F1xx_HAL_Driver\Src\stm32f1xx_hal_can.o
HAL_CAN_SleepCallback                             src\lib\STM32F1xx_HAL_Driver\Src\stm32f1xx_hal_can.o
HAL_CAN_Start                                     src\lib\STM32F1xx_HAL_Driver\Src\stm32f1xx_hal_can.o
HAL_CAN_Stop                                      src\lib\STM32F1xx_HAL_Driver\Src\stm32f1xx_hal_can.o
HAL_CAN_TxMailbox0AbortCallback                   src\lib\STM32F1xx_HAL_Driver\Src\stm32f1xx_hal_can.o
HAL_CAN_TxMailbox0CompleteCallback                src\lib\STM32F1xx_HAL_Driver\Src\stm32f1xx_hal_can.o
HAL_CAN_TxMailbox1AbortCallback                   src\lib\STM32F1xx_HAL_Driver\Src\stm32f1xx_hal_can.o
HAL_CAN_TxMailbox1CompleteCallback                src\lib\STM32F1xx_HAL_Driver\Src\stm32f1xx_hal_can.o
HAL_CAN_TxMailbox2AbortCallback                   src\lib\STM32F1xx_HAL_Driver\Src\stm32f1xx_hal_can.o
HAL_CAN_TxMailbox2CompleteCallback                src\lib\STM32F1xx_HAL_Driver\Src\stm32f1xx_hal_can.o
HAL_CAN_WakeUp                                    src\lib\STM32F1xx_HAL_Driver\Src\stm32f1xx_hal_can.o
HAL_CAN_WakeUpFromRxMsgCallback                   src\lib\STM32F1xx_HAL_Driver\Src\stm32f1xx_hal_can.o
HAL_CRC_Accumulate                                src\lib\STM32F1xx_HAL_Driver\Src\stm32f1xx_hal_crc.o
HAL_CRC_Calculate                                 src\lib\STM32F1xx_HAL_Driver\Src\stm32f1xx_hal_crc.o
HAL_CRC_DeInit                                    src\lib\STM32F1xx_HAL_Driver\Src\stm32f1xx_hal_crc.o
HAL_CRC_GetState                                  src\lib\STM32F1xx_HAL_Driver\Src\stm32f1xx_hal_crc.o
HAL_CRC_Init                                      src\lib\STM32F1xx_HAL_Driver\Src\stm32f1xx_hal_crc.o
HAL_CRC_MspDeInit                                 src\lib\STM32F1xx_HAL_Driver\Src\stm32f1xx_hal_crc.o
HAL_CRC_MspInit                                   src\lib\STM32F1xx_HAL_Driver\Src\stm32f1xx_hal_crc.o
HAL_DBGMCU_DisableDBGSleepMode                    src\lib\STM32F1xx_HAL_Driver\Src\stm32f1xx_hal.o
HAL_DBGMCU_DisableDBGStandbyMode                  src\lib\STM32F1xx_HAL_Driver\Src\stm32f1xx_hal.o
HAL_DBGMCU_DisableDBGStopMode                     src\lib\STM32F1xx_HAL_Driver\Src\stm32f1xx_hal.o
HAL_DBGMCU_EnableDBGSleepMode                     src\lib\STM32F1xx_HAL_Driver\Src\stm32f1xx_hal.o
HAL_DBGMCU_EnableDBGStandbyMode                   src\lib\STM32F1xx_HAL_Driver\Src\stm32f1xx_hal.o
HAL_DBGMCU_EnableDBGStopMode                      src\lib\STM32F1xx_HAL_Driver\Src\stm32f1xx_hal.o
HAL_DMA_Abort                                     src\lib\STM32F1xx_HAL_Driver\Src\stm32f1xx_hal_dma.o
                                                  src\lib\STM32F1xx_HAL_Driver\Src\stm32f1xx_hal_usart.o
                                                  src\lib\STM32F1xx_HAL_Driver\Src\stm32f1xx_hal_uart.o
                                                  src\lib\STM32F1xx_HAL_Driver\Src\stm32f1xx_hal_spi.o
                                                  src\lib\STM32F1xx_HAL_Driver\Src\stm32f1xx_hal_smartcard.o
                                                  src\lib\STM32F1xx_HAL_Driver\Src\stm32f1xx_hal_irda.o
                                                  src\lib\STM32F1xx_HAL_Driver\Src\stm32f1xx_hal_adc_ex.o
                                                  src\lib\STM32F1xx_HAL_Driver\Src\stm32f1xx_hal_adc.o
HAL_DMA_Abort_IT                                  src\lib\STM32F1xx_HAL_Driver\Src\stm32f1xx_hal_dma.o
                                                  src\lib\STM32F1xx_HAL_Driver\Src\stm32f1xx_hal_usart.o
                                                  src\lib\STM32F1xx_HAL_Driver\Src\stm32f1xx_hal_uart.o
                                                  src\lib\STM32F1xx_HAL_Driver\Src\stm32f1xx_hal_tim_ex.o
                                                  src\lib\STM32F1xx_HAL_Driver\Src\stm32f1xx_hal_tim.o
                                                  src\lib\STM32F1xx_HAL_Driver\Src\stm32f1xx_hal_spi.o
                                                  src\lib\STM32F1xx_HAL_Driver\Src\stm32f1xx_hal_smartcard.o
                                                  src\lib\STM32F1xx_HAL_Driver\Src\stm32f1xx_hal_irda.o
                                                  src\lib\STM32F1xx_HAL_Driver\Src\stm32f1xx_hal_i2c.o
HAL_DMA_DeInit                                    src\lib\STM32F1xx_HAL_Driver\Src\stm32f1xx_hal_dma.o
HAL_DMA_GetError                                  src\lib\STM32F1xx_HAL_Driver\Src\stm32f1xx_hal_dma.o
                                                  src\lib\STM32F1xx_HAL_Driver\Src\stm32f1xx_hal_uart.o
HAL_DMA_GetState                                  src\lib\STM32F1xx_HAL_Driver\Src\stm32f1xx_hal_dma.o
                                                  src\lib\STM32F1xx_HAL_Driver\Src\stm32f1xx_hal_i2c.o
HAL_DMA_IRQHandler                                src\lib\STM32F1xx_HAL_Driver\Src\stm32f1xx_hal_dma.o
HAL_DMA_Init                                      src\lib\STM32F1xx_HAL_Driver\Src\stm32f1xx_hal_dma.o
                                                  src\hw\core\uart.o
HAL_DMA_PollForTransfer                           src\lib\STM32F1xx_HAL_Driver\Src\stm32f1xx_hal_dma.o
HAL_DMA_RegisterCallback                          src\lib\STM32F1xx_HAL_Driver\Src\stm32f1xx_hal_dma.o
HAL_DMA_Start                                     src\lib\STM32F1xx_HAL_Driver\Src\stm32f1xx_hal_dma.o
HAL_DMA_Start_IT                                  src\lib\STM32F1xx_HAL_Driver\Src\stm32f1xx_hal_dma.o
                                                  src\lib\STM32F1xx_HAL_Driver\Src\stm32f1xx_hal_usart.o
                                                  src\lib\STM32F1xx_HAL_Driver\Src\stm32f1xx_hal_uart.o
                                                  src\lib\STM32F1xx_HAL_Driver\Src\stm32f1xx_hal_tim_ex.o
                                                  src\lib\STM32F1xx_HAL_Driver\Src\stm32f1xx_hal_tim.o
                                                  src\lib\STM32F1xx_HAL_Driver\Src\stm32f1xx_hal_spi.o
                                                  src\lib\STM32F1xx_HAL_Driver\Src\stm32f1xx_hal_smartcard.o
                                                  src\lib\STM32F1xx_HAL_Driver\Src\stm32f1xx_hal_irda.o
                                                  src\lib\STM32F1xx_HAL_Driver\Src\stm32f1xx_hal_i2c.o
                                                  src\lib\STM32F1xx_HAL_Driver\Src\stm32f1xx_hal_adc_ex.o
                                                  src\lib\STM32F1xx_HAL_Driver\Src\stm32f1xx_hal_adc.o
HAL_DMA_UnRegisterCallback                        src\lib\STM32F1xx_HAL_Driver\Src\stm32f1xx_hal_dma.o
HAL_DeInit                                        src\lib\STM32F1xx_HAL_Driver\Src\stm32f1xx_hal.o
HAL_Delay                                         src\lib\STM32F1xx_HAL_Driver\Src\stm32f1xx_hal.o
                                                  src\hw\hw.o
HAL_EXTI_ClearConfigLine                          src\lib\STM32F1xx_HAL_Driver\Src\stm32f1xx_hal_exti.o
HAL_EXTI_ClearPending                             src\lib\STM32F1xx_HAL_Driver\Src\stm32f1xx_hal_exti.o
HAL_EXTI_GenerateSWI                              src\lib\STM32F1xx_HAL_Driver\Src\stm32f1xx_hal_exti.o
HAL_EXTI_GetConfigLine                            src\lib\STM32F1xx_HAL_Driver\Src\stm32f1xx_hal_exti.o
HAL_EXTI_GetHandle                                src\lib\STM32F1xx_HAL_Driver\Src\stm32f1xx_hal_exti.o
HAL_EXTI_GetPending                               src\lib\STM32F1xx_HAL_Driver\Src\stm32f1xx_hal_exti.o
HAL_EXTI_IRQHandler                               src\lib\STM32F1xx_HAL_Driver\Src\stm32f1xx_hal_exti.o
HAL_EXTI_RegisterCallback                         src\lib\STM32F1xx_HAL_Driver\Src\stm32f1xx_hal_exti.o
HAL_EXTI_SetConfigLine                            src\lib\STM32F1xx_HAL_Driver\Src\stm32f1xx_hal_exti.o
HAL_FLASHEx_Erase                                 src\lib\STM32F1xx_HAL_Driver\Src\stm32f1xx_hal_flash_ex.o
                                                  src\hw\core\flash.o
                                                  src\hw\core\eeprom.o
HAL_FLASHEx_Erase_IT                              src\lib\STM32F1xx_HAL_Driver\Src\stm32f1xx_hal_flash_ex.o
HAL_FLASHEx_OBErase                               src\lib\STM32F1xx_HAL_Driver\Src\stm32f1xx_hal_flash_ex.o
HAL_FLASHEx_OBGetConfig                           src\lib\STM32F1xx_HAL_Driver\Src\stm32f1xx_hal_flash_ex.o
HAL_FLASHEx_OBGetUserData                         src\lib\STM32F1xx_HAL_Driver\Src\stm32f1xx_hal_flash_ex.o
HAL_FLASHEx_OBProgram                             src\lib\STM32F1xx_HAL_Driver\Src\stm32f1xx_hal_flash_ex.o
HAL_FLASH_EndOfOperationCallback                  src\lib\STM32F1xx_HAL_Driver\Src\stm32f1xx_hal_flash.o
HAL_FLASH_GetError                                src\lib\STM32F1xx_HAL_Driver\Src\stm32f1xx_hal_flash.o
HAL_FLASH_IRQHandler                              src\lib\STM32F1xx_HAL_Driver\Src\stm32f1xx_hal_flash.o
HAL_FLASH_Lock                                    src\lib\STM32F1xx_HAL_Driver\Src\stm32f1xx_hal_flash.o
                                                  src\hw\core\flash.o
HAL_FLASH_OB_Launch                               src\lib\STM32F1xx_HAL_Driver\Src\stm32f1xx_hal_flash.o
HAL_FLASH_OB_Lock                                 src\lib\STM32F1xx_HAL_Driver\Src\stm32f1xx_hal_flash.o
HAL_FLASH_OB_Unlock                               src\lib\STM32F1xx_HAL_Driver\Src\stm32f1xx_hal_flash.o
HAL_FLASH_OperationErrorCallback                  src\lib\STM32F1xx_HAL_Driver\Src\stm32f1xx_hal_flash.o
HAL_FLASH_Program                                 src\lib\STM32F1xx_HAL_Driver\Src\stm32f1xx_hal_flash.o
                                                  src\hw\core\flash.o
                                                  src\hw\core\eeprom.o
HAL_FLASH_Program_IT                              src\lib\STM32F1xx_HAL_Driver\Src\stm32f1xx_hal_flash.o
HAL_FLASH_Unlock                                  src\lib\STM32F1xx_HAL_Driver\Src\stm32f1xx_hal_flash.o
                                                  src\hw\core\flash.o
                                                  src\hw\core\eeprom.o
HAL_GPIOEx_ConfigEventout                         src\lib\STM32F1xx_HAL_Driver\Src\stm32f1xx_hal_gpio_ex.o
HAL_GPIOEx_DisableEventout                        src\lib\STM32F1xx_HAL_Driver\Src\stm32f1xx_hal_gpio_ex.o
HAL_GPIOEx_EnableEventout                         src\lib\STM32F1xx_HAL_Driver\Src\stm32f1xx_hal_gpio_ex.o
HAL_GPIO_DeInit                                   src\lib\STM32F1xx_HAL_Driver\Src\stm32f1xx_hal_gpio.o
                                                  src\hw\core\uart.o
HAL_GPIO_EXTI_Callback                            src\lib\STM32F1xx_HAL_Driver\Src\stm32f1xx_hal_gpio.o
HAL_GPIO_EXTI_IRQHandler                          src\lib\STM32F1xx_HAL_Driver\Src\stm32f1xx_hal_gpio.o
HAL_GPIO_Init                                     src\lib\STM32F1xx_HAL_Driver\Src\stm32f1xx_hal_gpio.o
                                                  src\lib\STM32F1xx_HAL_Driver\Src\stm32f1xx_hal_rcc.o
                                                  src\hw\core\uart.o
                                                  src\hw\core\led.o
                                                  src\hw\core\button.o
HAL_GPIO_LockPin                                  src\lib\STM32F1xx_HAL_Driver\Src\stm32f1xx_hal_gpio.o
HAL_GPIO_ReadPin                                  src\lib\STM32F1xx_HAL_Driver\Src\stm32f1xx_hal_gpio.o
                                                  src\hw\core\button.o
HAL_GPIO_TogglePin                                src\lib\STM32F1xx_HAL_Driver\Src\stm32f1xx_hal_gpio.o
                                                  src\hw\core\led.o
HAL_GPIO_WritePin                                 src\lib\STM32F1xx_HAL_Driver\Src\stm32f1xx_hal_gpio.o
                                                  src\hw\core\led.o
HAL_GetDEVID                                      src\lib\STM32F1xx_HAL_Driver\Src\stm32f1xx_hal.o
HAL_GetHalVersion                                 src\lib\STM32F1xx_HAL_Driver\Src\stm32f1xx_hal.o
HAL_GetREVID                                      src\lib\STM32F1xx_HAL_Driver\Src\stm32f1xx_hal.o
HAL_GetTick                                       src\lib\STM32F1xx_HAL_Driver\Src\stm32f1xx_hal.o
                                                  src\lib\STM32F1xx_HAL_Driver\Src\stm32f1xx_hal_usart.o
                                                  src\lib\STM32F1xx_HAL_Driver\Src\stm32f1xx_hal_uart.o
                                                  src\lib\STM32F1xx_HAL_Driver\Src\stm32f1xx_hal_spi.o
                                                  src\lib\STM32F1xx_HAL_Driver\Src\stm32f1xx_hal_smartcard.o
                                                  src\lib\STM32F1xx_HAL_Driver\Src\stm32f1xx_hal_rtc_ex.o
                                                  src\lib\STM32F1xx_HAL_Driver\Src\stm32f1xx_hal_rtc.o
                                                  src\lib\STM32F1xx_HAL_Driver\Src\stm32f1xx_hal_rcc_ex.o
                                                  src\lib\STM32F1xx_HAL_Driver\Src\stm32f1xx_hal_rcc.o
                                                  src\lib\STM32F1xx_HAL_Driver\Src\stm32f1xx_hal_iwdg.o
                                                  src\lib\STM32F1xx_HAL_Driver\Src\stm32f1xx_hal_irda.o
                                                  src\lib\STM32F1xx_HAL_Driver\Src\stm32f1xx_hal_i2c.o
                                                  src\lib\STM32F1xx_HAL_Driver\Src\stm32f1xx_hal_flash.o
                                                  src\lib\STM32F1xx_HAL_Driver\Src\stm32f1xx_hal_dma.o
                                                  src\lib\STM32F1xx_HAL_Driver\Src\stm32f1xx_hal_can.o
                                                  src\lib\STM32F1xx_HAL_Driver\Src\stm32f1xx_hal_adc_ex.o
                                                  src\lib\STM32F1xx_HAL_Driver\Src\stm32f1xx_hal_adc.o
                                                  src\hw\hw.o
HAL_GetTickFreq                                   src\lib\STM32F1xx_HAL_Driver\Src\stm32f1xx_hal.o
HAL_GetTickPrio                                   src\lib\STM32F1xx_HAL_Driver\Src\stm32f1xx_hal.o
HAL_GetUIDw0                                      src\lib\STM32F1xx_HAL_Driver\Src\stm32f1xx_hal.o
HAL_GetUIDw1                                      src\lib\STM32F1xx_HAL_Driver\Src\stm32f1xx_hal.o
HAL_GetUIDw2                                      src\lib\STM32F1xx_HAL_Driver\Src\stm32f1xx_hal.o
HAL_HalfDuplex_EnableReceiver                     src\lib\STM32F1xx_HAL_Driver\Src\stm32f1xx_hal_uart.o
HAL_HalfDuplex_EnableTransmitter                  src\lib\STM32F1xx_HAL_Driver\Src\stm32f1xx_hal_uart.o
HAL_HalfDuplex_Init                               src\lib\STM32F1xx_HAL_Driver\Src\stm32f1xx_hal_uart.o
HAL_I2C_AbortCpltCallback                         src\lib\STM32F1xx_HAL_Driver\Src\stm32f1xx_hal_i2c.o
HAL_I2C_AddrCallback                              src\lib\STM32F1xx_HAL_Driver\Src\stm32f1xx_hal_i2c.o
HAL_I2C_DeInit                                    src\lib\STM32F1xx_HAL_Driver\Src\stm32f1xx_hal_i2c.o
HAL_I2C_DisableListen_IT                          src\lib\STM32F1xx_HAL_Driver\Src\stm32f1xx_hal_i2c.o
HAL_I2C_ER_IRQHandler                             src\lib\STM32F1xx_HAL_Driver\Src\stm32f1xx_hal_i2c.o
HAL_I2C_EV_IRQHandler                             src\lib\STM32F1xx_HAL_Driver\Src\stm32f1xx_hal_i2c.o
HAL_I2C_EnableListen_IT                           src\lib\STM32F1xx_HAL_Driver\Src\stm32f1xx_hal_i2c.o
HAL_I2C_ErrorCallback                             src\lib\STM32F1xx_HAL_Driver\Src\stm32f1xx_hal_i2c.o
HAL_I2C_GetError                                  src\lib\STM32F1xx_HAL_Driver\Src\stm32f1xx_hal_i2c.o
HAL_I2C_GetMode                                   src\lib\STM32F1xx_HAL_Driver\Src\stm32f1xx_hal_i2c.o
HAL_I2C_GetState                                  src\lib\STM32F1xx_HAL_Driver\Src\stm32f1xx_hal_i2c.o
HAL_I2C_Init                                      src\lib\STM32F1xx_HAL_Driver\Src\stm32f1xx_hal_i2c.o
HAL_I2C_IsDeviceReady                             src\lib\STM32F1xx_HAL_Driver\Src\stm32f1xx_hal_i2c.o
HAL_I2C_ListenCpltCallback                        src\lib\STM32F1xx_HAL_Driver\Src\stm32f1xx_hal_i2c.o
HAL_I2C_MasterRxCpltCallback                      src\lib\STM32F1xx_HAL_Driver\Src\stm32f1xx_hal_i2c.o
HAL_I2C_MasterTxCpltCallback                      src\lib\STM32F1xx_HAL_Driver\Src\stm32f1xx_hal_i2c.o
HAL_I2C_Master_Abort_IT                           src\lib\STM32F1xx_HAL_Driver\Src\stm32f1xx_hal_i2c.o
HAL_I2C_Master_Receive                            src\lib\STM32F1xx_HAL_Driver\Src\stm32f1xx_hal_i2c.o
HAL_I2C_Master_Receive_DMA                        src\lib\STM32F1xx_HAL_Driver\Src\stm32f1xx_hal_i2c.o
HAL_I2C_Master_Receive_IT                         src\lib\STM32F1xx_HAL_Driver\Src\stm32f1xx_hal_i2c.o
HAL_I2C_Master_Seq_Receive_DMA                    src\lib\STM32F1xx_HAL_Driver\Src\stm32f1xx_hal_i2c.o
HAL_I2C_Master_Seq_Receive_IT                     src\lib\STM32F1xx_HAL_Driver\Src\stm32f1xx_hal_i2c.o
HAL_I2C_Master_Seq_Transmit_DMA                   src\lib\STM32F1xx_HAL_Driver\Src\stm32f1xx_hal_i2c.o
HAL_I2C_Master_Seq_Transmit_IT                    src\lib\STM32F1xx_HAL_Driver\Src\stm32f1xx_hal_i2c.o
HAL_I2C_Master_Transmit                           src\lib\STM32F1xx_HAL_Driver\Src\stm32f1xx_hal_i2c.o
HAL_I2C_Master_Transmit_DMA                       src\lib\STM32F1xx_HAL_Driver\Src\stm32f1xx_hal_i2c.o
HAL_I2C_Master_Transmit_IT                        src\lib\STM32F1xx_HAL_Driver\Src\stm32f1xx_hal_i2c.o
HAL_I2C_MemRxCpltCallback                         src\lib\STM32F1xx_HAL_Driver\Src\stm32f1xx_hal_i2c.o
HAL_I2C_MemTxCpltCallback                         src\lib\STM32F1xx_HAL_Driver\Src\stm32f1xx_hal_i2c.o
HAL_I2C_Mem_Read                                  src\lib\STM32F1xx_HAL_Driver\Src\stm32f1xx_hal_i2c.o
HAL_I2C_Mem_Read_DMA                              src\lib\STM32F1xx_HAL_Driver\Src\stm32f1xx_hal_i2c.o
HAL_I2C_Mem_Read_IT                               src\lib\STM32F1xx_HAL_Driver\Src\stm32f1xx_hal_i2c.o
HAL_I2C_Mem_Write                                 src\lib\STM32F1xx_HAL_Driver\Src\stm32f1xx_hal_i2c.o
HAL_I2C_Mem_Write_DMA                             src\lib\STM32F1xx_HAL_Driver\Src\stm32f1xx_hal_i2c.o
HAL_I2C_Mem_Write_IT                              src\lib\STM32F1xx_HAL_Driver\Src\stm32f1xx_hal_i2c.o
HAL_I2C_MspDeInit                                 src\lib\STM32F1xx_HAL_Driver\Src\stm32f1xx_hal_i2c.o
HAL_I2C_MspInit                                   src\lib\STM32F1xx_HAL_Driver\Src\stm32f1xx_hal_i2c.o
HAL_I2C_SlaveRxCpltCallback                       src\lib\STM32F1xx_HAL_Driver\Src\stm32f1xx_hal_i2c.o
HAL_I2C_SlaveTxCpltCallback                       src\lib\STM32F1xx_HAL_Driver\Src\stm32f1xx_hal_i2c.o
HAL_I2C_Slave_Receive                             src\lib\STM32F1xx_HAL_Driver\Src\stm32f1xx_hal_i2c.o