uart.c:44:6:uartInit	16	static
uart.c:59:6:uartOpen	24	static
uart.c:94:6:uartStartRx	24	static
uart.c:103:6:uartClose	24	static
uart.c:117:10:uartAvailable	16	static
uart.c:123:6:uartFlush	16	static
uart.c:130:6:uartPutch	16	static
uart.c:136:9:uartGetch	24	static
uart.c:149:9:uartWrite	32	static
uart.c:161:9:uartRead	24	static
uart.c:171:9:uartPrintf	292	static
uart.c:186:6:uartRxHandler	24	static
uart.c:200:6:uartErrHandler	16	static
uart.c:207:6:HAL_UART_RxCpltCallback	16	static
uart.c:215:6:HAL_UART_ErrorCallback	16	static
uart.c:228:6:USART2_IRQHandler	8	static
uart.c:235:6:HAL_UART_MspInit	40	static
uart.c:272:6:HAL_UART_MspDeInit	16	static
