stm32f1xx_hal_smartcard.c:296:19:HAL_SMARTCARD_Init	16	static
stm32f1xx_hal_smartcard.c:375:19:HAL_SMARTCARD_DeInit	16	static
stm32f1xx_hal_smartcard.c:419:13:HAL_SMARTCARD_MspInit	16	static
stm32f1xx_hal_smartcard.c:435:13:HAL_SMARTCARD_MspDeInit	16	static
stm32f1xx_hal_smartcard.c:756:19:HAL_SMARTCARD_Transmit	40	static
stm32f1xx_hal_smartcard.c:819:19:HAL_SMARTCARD_Receive	40	static
stm32f1xx_hal_smartcard.c:878:19:HAL_SMARTCARD_Transmit_IT	24	static
stm32f1xx_hal_smartcard.c:926:19:HAL_SMARTCARD_Receive_IT	24	static
stm32f1xx_hal_smartcard.c:971:19:HAL_SMARTCARD_Transmit_DMA	32	static
stm32f1xx_hal_smartcard.c:1033:19:HAL_SMARTCARD_Receive_DMA	32	static
stm32f1xx_hal_smartcard.c:1103:19:HAL_SMARTCARD_Abort	16	static
stm32f1xx_hal_smartcard.c:1167:19:HAL_SMARTCARD_AbortTransmit	16	static
stm32f1xx_hal_smartcard.c:1209:19:HAL_SMARTCARD_AbortReceive	16	static
stm32f1xx_hal_smartcard.c:1254:19:HAL_SMARTCARD_Abort_IT	24	static
stm32f1xx_hal_smartcard.c:1381:19:HAL_SMARTCARD_AbortTransmit_IT	16	static
stm32f1xx_hal_smartcard.c:1458:19:HAL_SMARTCARD_AbortReceive_IT	16	static
stm32f1xx_hal_smartcard.c:1528:6:HAL_SMARTCARD_IRQHandler	40	static
stm32f1xx_hal_smartcard.c:1670:13:HAL_SMARTCARD_TxCpltCallback	16	static
stm32f1xx_hal_smartcard.c:1686:13:HAL_SMARTCARD_RxCpltCallback	16	static
stm32f1xx_hal_smartcard.c:1702:13:HAL_SMARTCARD_ErrorCallback	16	static
stm32f1xx_hal_smartcard.c:1717:13:HAL_SMARTCARD_AbortCpltCallback	16	static
stm32f1xx_hal_smartcard.c:1732:13:HAL_SMARTCARD_AbortTransmitCpltCallback	16	static
stm32f1xx_hal_smartcard.c:1747:13:HAL_SMARTCARD_AbortReceiveCpltCallback	16	static
stm32f1xx_hal_smartcard.c:1782:28:HAL_SMARTCARD_GetState	24	static
stm32f1xx_hal_smartcard.c:1797:10:HAL_SMARTCARD_GetError	16	static
stm32f1xx_hal_smartcard.c:1839:13:SMARTCARD_DMATransmitCplt	24	static
stm32f1xx_hal_smartcard.c:1859:13:SMARTCARD_DMAReceiveCplt	24	static
stm32f1xx_hal_smartcard.c:1891:13:SMARTCARD_DMAError	24	static
stm32f1xx_hal_smartcard.c:1932:26:SMARTCARD_WaitOnFlagUntilTimeout	24	static
stm32f1xx_hal_smartcard.c:1965:13:SMARTCARD_EndTxTransfer	16	static
stm32f1xx_hal_smartcard.c:1981:13:SMARTCARD_EndRxTransfer	16	static
stm32f1xx_hal_smartcard.c:1997:26:SMARTCARD_Transmit_IT	24	static
stm32f1xx_hal_smartcard.c:2031:26:SMARTCARD_EndTransmit_IT	16	static
stm32f1xx_hal_smartcard.c:2059:26:SMARTCARD_Receive_IT	24	static
stm32f1xx_hal_smartcard.c:2107:13:SMARTCARD_DMAAbortOnError	24	static
stm32f1xx_hal_smartcard.c:2130:13:SMARTCARD_DMATxAbortCallback	24	static
stm32f1xx_hal_smartcard.c:2173:13:SMARTCARD_DMARxAbortCallback	24	static
stm32f1xx_hal_smartcard.c:2216:13:SMARTCARD_DMATxOnlyAbortCallback	24	static
stm32f1xx_hal_smartcard.c:2242:13:SMARTCARD_DMARxOnlyAbortCallback	24	static
stm32f1xx_hal_smartcard.c:2266:13:SMARTCARD_SetConfig	32	static
