uart.c:45:6:uartInit	16	static
uart.c:60:6:uartOpen	24	static
uart.c:96:6:uartStartRx	24	static
uart.c:108:6:uartClose	24	static
uart.c:123:10:uartAvailable	24	static
uart.c:142:6:uartFlush	24	static
uart.c:155:6:uartPutch	16	static
uart.c:161:9:uartGetch	24	static
uart.c:174:9:uartWrite	32	static
uart.c:186:9:uartRead	24	static
uart.c:200:9:uartPrintf	292	static
uart.c:215:6:uartRxHandler	24	static
uart.c:229:6:uartErrHandler	16	static
uart.c:236:6:HAL_UART_RxCpltCallback	16	static
uart.c:244:6:HAL_UART_ErrorCallback	16	static
uart.c:257:6:USART2_IRQHandler	8	static
uart.c:264:6:HAL_UART_MspInit	48	static
uart.c:327:6:HAL_UART_MspDeInit	16	static
