uart.c:48:6:uartInit	16	static
uart.c:63:6:uartOpen	24	static
uart.c:111:6:uartStartRx	24	static
uart.c:125:6:uartClose	24	static
uart.c:143:10:uartAvailable	24	static
uart.c:167:6:uartFlush	24	static
uart.c:184:6:uartPutch	16	static
uart.c:190:9:uartGetch	24	static
uart.c:203:9:uartWrite	32	static
uart.c:230:9:uartRead	24	static
uart.c:249:9:uartPrintf	292	static
uart.c:264:6:uartRxHandler	24	static
uart.c:278:6:uartErrHandler	16	static
uart.c:285:6:HAL_UART_RxCpltCallback	16	static
uart.c:293:6:HAL_UART_ErrorCallback	16	static
uart.c:306:6:USART2_IRQHandler	8	static
uart.c:313:6:HAL_UART_MspInit	48	static
uart.c:375:6:HAL_UART_MspDeInit	16	static
